
> paul@0.0.13 test /home/chris/repositories/sirpauls-internal/paul
> pnpm --filter "./packages/*" test

Scope: 5 of 10 workspace projects
packages/ui-svelte test$ vitest run
packages/ui-svelte test: 3:56:08 PM [vite-plugin-svelte] No client environment found, not adding watchers for svelte config and preprocessor dependencies
packages/ui-svelte test:  RUN  v3.2.4 /home/chris/repositories/sirpauls-internal/paul/packages/ui-svelte
packages/ui-svelte test: ⎯⎯⎯⎯⎯⎯ Unhandled Errors ⎯⎯⎯⎯⎯⎯
packages/ui-svelte test: Vitest caught 120 unhandled errors during the test run.
packages/ui-svelte test: This might cause false positive tests. Resolve unhandled errors to make sure your tests are not affected.
packages/ui-svelte test: ⎯⎯⎯⎯⎯⎯ Unhandled Error ⎯⎯⎯⎯⎯⎯⎯
packages/ui-svelte test: TypeError: Cannot read properties of undefined (reading 'config')
packages/ui-svelte test:  ❯ LoadPluginContext.handler ../../node_modules/.pnpm/@sveltejs+vite-plugin-svelte@7.0.0_svelte@5.55.4_@typescript-eslint+types@8.58.2__vite@8.0.8__pvtmjisjugaiazrbts4oof567u/node_modules/@sveltejs/vite-plugin-svelte/src/plugins/load-custom.js:24:37
packages/ui-svelte test:  ❯ PluginContainer.load ../../node_modules/.pnpm/vite@5.4.21_@types+node@22.19.17_less@4.6.4_lightningcss@1.32.0_sass@1.99.0_terser@5.46.1/node_modules/vite/dist/node/chunks/dep-BK3b2jBa.js:49067:17
packages/ui-svelte test:  ❯ loadAndTransform ../../node_modules/.pnpm/vite@5.4.21_@types+node@22.19.17_less@4.6.4_lightningcss@1.32.0_sass@1.99.0_terser@5.46.1/node_modules/vite/dist/node/chunks/dep-BK3b2jBa.js:51918:44
packages/ui-svelte test:  ❯ doTransform ../../node_modules/.pnpm/vite@5.4.21_@types+node@22.19.17_less@4.6.4_lightningcss@1.32.0_sass@1.99.0_terser@5.46.1/node_modules/vite/dist/node/chunks/dep-BK3b2jBa.js:51874:18
packages/ui-svelte test:  ❯ process.processTicksAndRejections node:internal/process/task_queues:103:5
packages/ui-svelte test:  ❯ ViteNodeServer._transformRequest ../../node_modules/.pnpm/vite-node@3.2.4_@types+node@22.19.17_less@4.6.4_lightningcss@1.32.0_sass@1.99.0_terser@5.46.1/node_modules/vite-node/dist/server.mjs:404:13
packages/ui-svelte test:  ❯ ViteNodeServer._fetchModule ../../node_modules/.pnpm/vite-node@3.2.4_@types+node@22.19.17_less@4.6.4_lightningcss@1.32.0_sass@1.99.0_terser@5.46.1/node_modules/vite-node/dist/server.mjs:366:14
packages/ui-svelte test:  ❯ Proxy.fetch ../../node_modules/.pnpm/vitest@3.2.4_@types+node@22.19.17_jsdom@26.1.0_less@4.6.4_lightningcss@1.32.0_sass@1.99.0_terser@5.46.1/node_modules/vitest/dist/chunks/coverage.DL5VHqXY.js:2462:19
packages/ui-svelte test:  ❯ EventEmitter.onMessage ../../node_modules/.pnpm/vitest@3.2.4_@types+node@22.19.17_jsdom@26.1.0_less@4.6.4_lightningcss@1.32.0_sass@1.99.0_terser@5.46.1/node_modules/vitest/dist/chunks/index.B521nVV-.js:103:20
packages/ui-svelte test: ⎯⎯⎯⎯⎯⎯ Unhandled Error ⎯⎯⎯⎯⎯⎯⎯
packages/ui-svelte test: TypeError: Cannot read properties of undefined (reading 'config')
packages/ui-svelte test:  ❯ LoadPluginContext.handler ../../node_modules/.pnpm/@sveltejs+vite-plugin-svelte@7.0.0_svelte@5.55.4_@typescript-eslint+types@8.58.2__vite@8.0.8__pvtmjisjugaiazrbts4oof567u/node_modules/@sveltejs/vite-plugin-svelte/src/plugins/load-custom.js:24:37
packages/ui-svelte test:  ❯ PluginContainer.load ../../node_modules/.pnpm/vite@5.4.21_@types+node@22.19.17_less@4.6.4_lightningcss@1.32.0_sass@1.99.0_terser@5.46.1/node_modules/vite/dist/node/chunks/dep-BK3b2jBa.js:49067:17
packages/ui-svelte test:  ❯ loadAndTransform ../../node_modules/.pnpm/vite@5.4.21_@types+node@22.19.17_less@4.6.4_lightningcss@1.32.0_sass@1.99.0_terser@5.46.1/node_modules/vite/dist/node/chunks/dep-BK3b2jBa.js:51918:44
packages/ui-svelte test:  ❯ doTransform ../../node_modules/.pnpm/vite@5.4.21_@types+node@22.19.17_less@4.6.4_lightningcss@1.32.0_sass@1.99.0_terser@5.46.1/node_modules/vite/dist/node/chunks/dep-BK3b2jBa.js:51874:18
packages/ui-svelte test:  ❯ process.processTicksAndRejections node:internal/process/task_queues:103:5
packages/ui-svelte test:  ❯ ViteNodeServer._transformRequest ../../node_modules/.pnpm/vite-node@3.2.4_@types+node@22.19.17_less@4.6.4_lightningcss@1.32.0_sass@1.99.0_terser@5.46.1/node_modules/vite-node/dist/server.mjs:404:13
packages/ui-svelte test:  ❯ ViteNodeServer._fetchModule ../../node_modules/.pnpm/vite-node@3.2.4_@types+node@22.19.17_less@4.6.4_lightningcss@1.32.0_sass@1.99.0_terser@5.46.1/node_modules/vite-node/dist/server.mjs:366:14
packages/ui-svelte test:  ❯ Proxy.fetch ../../node_modules/.pnpm/vitest@3.2.4_@types+node@22.19.17_jsdom@26.1.0_less@4.6.4_lightningcss@1.32.0_sass@1.99.0_terser@5.46.1/node_modules/vitest/dist/chunks/coverage.DL5VHqXY.js:2462:19
packages/ui-svelte test:  ❯ EventEmitter.onMessage ../../node_modules/.pnpm/vitest@3.2.4_@types+node@22.19.17_jsdom@26.1.0_less@4.6.4_lightningcss@1.32.0_sass@1.99.0_terser@5.46.1/node_modules/vitest/dist/chunks/index.B521nVV-.js:103:20
packages/ui-svelte test: ⎯⎯⎯⎯⎯⎯ Unhandled Error ⎯⎯⎯⎯⎯⎯⎯
packages/ui-svelte test: TypeError: Cannot read properties of undefined (reading 'config')
packages/ui-svelte test:  ❯ LoadPluginContext.handler ../../node_modules/.pnpm/@sveltejs+vite-plugin-svelte@7.0.0_svelte@5.55.4_@typescript-eslint+types@8.58.2__vite@8.0.8__pvtmjisjugaiazrbts4oof567u/node_modules/@sveltejs/vite-plugin-svelte/src/plugins/load-custom.js:24:37
packages/ui-svelte test:  ❯ PluginContainer.load ../../node_modules/.pnpm/vite@5.4.21_@types+node@22.19.17_less@4.6.4_lightningcss@1.32.0_sass@1.99.0_terser@5.46.1/node_modules/vite/dist/node/chunks/dep-BK3b2jBa.js:49067:17
packages/ui-svelte test:  ❯ loadAndTransform ../../node_modules/.pnpm/vite@5.4.21_@types+node@22.19.17_less@4.6.4_lightningcss@1.32.0_sass@1.99.0_terser@5.46.1/node_modules/vite/dist/node/chunks/dep-BK3b2jBa.js:51918:44
packages/ui-svelte test:  ❯ doTransform ../../node_modules/.pnpm/vite@5.4.21_@types+node@22.19.17_less@4.6.4_lightningcss@1.32.0_sass@1.99.0_terser@5.46.1/node_modules/vite/dist/node/chunks/dep-BK3b2jBa.js:51874:18
packages/ui-svelte test:  ❯ process.processTicksAndRejections node:internal/process/task_queues:103:5
packages/ui-svelte test:  ❯ ViteNodeServer._transformRequest ../../node_modules/.pnpm/vite-node@3.2.4_@types+node@22.19.17_less@4.6.4_lightningcss@1.32.0_sass@1.99.0_terser@5.46.1/node_modules/vite-node/dist/server.mjs:404:13
packages/ui-svelte test:  ❯ ViteNodeServer._fetchModule ../../node_modules/.pnpm/vite-node@3.2.4_@types+node@22.19.17_less@4.6.4_lightningcss@1.32.0_sass@1.99.0_terser@5.46.1/node_modules/vite-node/dist/server.mjs:366:14
packages/ui-svelte test:  ❯ Proxy.fetch ../../node_modules/.pnpm/vitest@3.2.4_@types+node@22.19.17_jsdom@26.1.0_less@4.6.4_lightningcss@1.32.0_sass@1.99.0_terser@5.46.1/node_modules/vitest/dist/chunks/coverage.DL5VHqXY.js:2462:19
packages/ui-svelte test:  ❯ EventEmitter.onMessage ../../node_modules/.pnpm/vitest@3.2.4_@types+node@22.19.17_jsdom@26.1.0_less@4.6.4_lightningcss@1.32.0_sass@1.99.0_terser@5.46.1/node_modules/vitest/dist/chunks/index.B521nVV-.js:103:20
packages/ui-svelte test: ⎯⎯⎯⎯⎯⎯ Unhandled Error ⎯⎯⎯⎯⎯⎯⎯
packages/ui-svelte test: TypeError: Cannot read properties of undefined (reading 'config')
packages/ui-svelte test:  ❯ LoadPluginContext.handler ../../node_modules/.pnpm/@sveltejs+vite-plugin-svelte@7.0.0_svelte@5.55.4_@typescript-eslint+types@8.58.2__vite@8.0.8__pvtmjisjugaiazrbts4oof567u/node_modules/@sveltejs/vite-plugin-svelte/src/plugins/load-custom.js:24:37
packages/ui-svelte test:  ❯ PluginContainer.load ../../node_modules/.pnpm/vite@5.4.21_@types+node@22.19.17_less@4.6.4_lightningcss@1.32.0_sass@1.99.0_terser@5.46.1/node_modules/vite/dist/node/chunks/dep-BK3b2jBa.js:49067:17
packages/ui-svelte test:  ❯ loadAndTransform ../../node_modules/.pnpm/vite@5.4.21_@types+node@22.19.17_less@4.6.4_lightningcss@1.32.0_sass@1.99.0_terser@5.46.1/node_modules/vite/dist/node/chunks/dep-BK3b2jBa.js:51918:44
packages/ui-svelte test:  ❯ doTransform ../../node_modules/.pnpm/vite@5.4.21_@types+node@22.19.17_less@4.6.4_lightningcss@1.32.0_sass@1.99.0_terser@5.46.1/node_modules/vite/dist/node/chunks/dep-BK3b2jBa.js:51874:18
packages/ui-svelte test:  ❯ process.processTicksAndRejections node:internal/process/task_queues:103:5
packages/ui-svelte test:  ❯ ViteNodeServer._transformRequest ../../node_modules/.pnpm/vite-node@3.2.4_@types+node@22.19.17_less@4.6.4_lightningcss@1.32.0_sass@1.99.0_terser@5.46.1/node_modules/vite-node/dist/server.mjs:404:13
packages/ui-svelte test:  ❯ ViteNodeServer._fetchModule ../../node_modules/.pnpm/vite-node@3.2.4_@types+node@22.19.17_less@4.6.4_lightningcss@1.32.0_sass@1.99.0_terser@5.46.1/node_modules/vite-node/dist/server.mjs:366:14
packages/ui-svelte test:  ❯ Proxy.fetch ../../node_modules/.pnpm/vitest@3.2.4_@types+node@22.19.17_jsdom@26.1.0_less@4.6.4_lightningcss@1.32.0_sass@1.99.0_terser@5.46.1/node_modules/vitest/dist/chunks/coverage.DL5VHqXY.js:2462:19
packages/ui-svelte test:  ❯ EventEmitter.onMessage ../../node_modules/.pnpm/vitest@3.2.4_@types+node@22.19.17_jsdom@26.1.0_less@4.6.4_lightningcss@1.32.0_sass@1.99.0_terser@5.46.1/node_modules/vitest/dist/chunks/index.B521nVV-.js:103:20
packages/ui-svelte test: ⎯⎯⎯⎯⎯⎯ Unhandled Error ⎯⎯⎯⎯⎯⎯⎯
packages/ui-svelte test: TypeError: Cannot read properties of undefined (reading 'config')
packages/ui-svelte test:  ❯ LoadPluginContext.handler ../../node_modules/.pnpm/@sveltejs+vite-plugin-svelte@7.0.0_svelte@5.55.4_@typescript-eslint+types@8.58.2__vite@8.0.8__pvtmjisjugaiazrbts4oof567u/node_modules/@sveltejs/vite-plugin-svelte/src/plugins/load-custom.js:24:37
packages/ui-svelte test:  ❯ PluginContainer.load ../../node_modules/.pnpm/vite@5.4.21_@types+node@22.19.17_less@4.6.4_lightningcss@1.32.0_sass@1.99.0_terser@5.46.1/node_modules/vite/dist/node/chunks/dep-BK3b2jBa.js:49067:17
packages/ui-svelte test:  ❯ loadAndTransform ../../node_modules/.pnpm/vite@5.4.21_@types+node@22.19.17_less@4.6.4_lightningcss@1.32.0_sass@1.99.0_terser@5.46.1/node_modules/vite/dist/node/chunks/dep-BK3b2jBa.js:51918:44
packages/ui-svelte test:  ❯ doTransform ../../node_modules/.pnpm/vite@5.4.21_@types+node@22.19.17_less@4.6.4_lightningcss@1.32.0_sass@1.99.0_terser@5.46.1/node_modules/vite/dist/node/chunks/dep-BK3b2jBa.js:51874:18
packages/ui-svelte test:  ❯ process.processTicksAndRejections node:internal/process/task_queues:103:5
packages/ui-svelte test:  ❯ ViteNodeServer._transformRequest ../../node_modules/.pnpm/vite-node@3.2.4_@types+node@22.19.17_less@4.6.4_lightningcss@1.32.0_sass@1.99.0_terser@5.46.1/node_modules/vite-node/dist/server.mjs:404:13
packages/ui-svelte test:  ❯ ViteNodeServer._fetchModule ../../node_modules/.pnpm/vite-node@3.2.4_@types+node@22.19.17_less@4.6.4_lightningcss@1.32.0_sass@1.99.0_terser@5.46.1/node_modules/vite-node/dist/server.mjs:366:14
packages/ui-svelte test:  ❯ Proxy.fetch ../../node_modules/.pnpm/vitest@3.2.4_@types+node@22.19.17_jsdom@26.1.0_less@4.6.4_lightningcss@1.32.0_sass@1.99.0_terser@5.46.1/node_modules/vitest/dist/chunks/coverage.DL5VHqXY.js:2462:19
packages/ui-svelte test:  ❯ EventEmitter.onMessage ../../node_modules/.pnpm/vitest@3.2.4_@types+node@22.19.17_jsdom@26.1.0_less@4.6.4_lightningcss@1.32.0_sass@1.99.0_terser@5.46.1/node_modules/vitest/dist/chunks/index.B521nVV-.js:103:20
packages/ui-svelte test: ⎯⎯⎯⎯⎯⎯ Unhandled Error ⎯⎯⎯⎯⎯⎯⎯
packages/ui-svelte test: TypeError: Cannot read properties of undefined (reading 'config')
packages/ui-svelte test:  ❯ LoadPluginContext.handler ../../node_modules/.pnpm/@sveltejs+vite-plugin-svelte@7.0.0_svelte@5.55.4_@typescript-eslint+types@8.58.2__vite@8.0.8__pvtmjisjugaiazrbts4oof567u/node_modules/@sveltejs/vite-plugin-svelte/src/plugins/load-custom.js:24:37
packages/ui-svelte test:  ❯ PluginContainer.load ../../node_modules/.pnpm/vite@5.4.21_@types+node@22.19.17_less@4.6.4_lightningcss@1.32.0_sass@1.99.0_terser@5.46.1/node_modules/vite/dist/node/chunks/dep-BK3b2jBa.js:49067:17
packages/ui-svelte test:  ❯ loadAndTransform ../../node_modules/.pnpm/vite@5.4.21_@types+node@22.19.17_less@4.6.4_lightningcss@1.32.0_sass@1.99.0_terser@5.46.1/node_modules/vite/dist/node/chunks/dep-BK3b2jBa.js:51918:44
packages/ui-svelte test:  ❯ doTransform ../../node_modules/.pnpm/vite@5.4.21_@types+node@22.19.17_less@4.6.4_lightningcss@1.32.0_sass@1.99.0_terser@5.46.1/node_modules/vite/dist/node/chunks/dep-BK3b2jBa.js:51874:18
packages/ui-svelte test:  ❯ process.processTicksAndRejections node:internal/process/task_queues:103:5
packages/ui-svelte test:  ❯ ViteNodeServer._transformRequest ../../node_modules/.pnpm/vite-node@3.2.4_@types+node@22.19.17_less@4.6.4_lightningcss@1.32.0_sass@1.99.0_terser@5.46.1/node_modules/vite-node/dist/server.mjs:404:13
packages/ui-svelte test:  ❯ ViteNodeServer._fetchModule ../../node_modules/.pnpm/vite-node@3.2.4_@types+node@22.19.17_less@4.6.4_lightningcss@1.32.0_sass@1.99.0_terser@5.46.1/node_modules/vite-node/dist/server.mjs:366:14
packages/ui-svelte test:  ❯ Proxy.fetch ../../node_modules/.pnpm/vitest@3.2.4_@types+node@22.19.17_jsdom@26.1.0_less@4.6.4_lightningcss@1.32.0_sass@1.99.0_terser@5.46.1/node_modules/vitest/dist/chunks/coverage.DL5VHqXY.js:2462:19
packages/ui-svelte test:  ❯ EventEmitter.onMessage ../../node_modules/.pnpm/vitest@3.2.4_@types+node@22.19.17_jsdom@26.1.0_less@4.6.4_lightningcss@1.32.0_sass@1.99.0_terser@5.46.1/node_modules/vitest/dist/chunks/index.B521nVV-.js:103:20
packages/ui-svelte test: ⎯⎯⎯⎯⎯⎯ Unhandled Error ⎯⎯⎯⎯⎯⎯⎯
packages/ui-svelte test: TypeError: Cannot read properties of undefined (reading 'config')
packages/ui-svelte test:  ❯ LoadPluginContext.handler ../../node_modules/.pnpm/@sveltejs+vite-plugin-svelte@7.0.0_svelte@5.55.4_@typescript-eslint+types@8.58.2__vite@8.0.8__pvtmjisjugaiazrbts4oof567u/node_modules/@sveltejs/vite-plugin-svelte/src/plugins/load-custom.js:24:37
packages/ui-svelte test:  ❯ PluginContainer.load ../../node_modules/.pnpm/vite@5.4.21_@types+node@22.19.17_less@4.6.4_lightningcss@1.32.0_sass@1.99.0_terser@5.46.1/node_modules/vite/dist/node/chunks/dep-BK3b2jBa.js:49067:17
packages/ui-svelte test:  ❯ loadAndTransform ../../node_modules/.pnpm/vite@5.4.21_@types+node@22.19.17_less@4.6.4_lightningcss@1.32.0_sass@1.99.0_terser@5.46.1/node_modules/vite/dist/node/chunks/dep-BK3b2jBa.js:51918:44
packages/ui-svelte test:  ❯ doTransform ../../node_modules/.pnpm/vite@5.4.21_@types+node@22.19.17_less@4.6.4_lightningcss@1.32.0_sass@1.99.0_terser@5.46.1/node_modules/vite/dist/node/chunks/dep-BK3b2jBa.js:51874:18
packages/ui-svelte test:  ❯ process.processTicksAndRejections node:internal/process/task_queues:103:5
packages/ui-svelte test:  ❯ ViteNodeServer._transformRequest ../../node_modules/.pnpm/vite-node@3.2.4_@types+node@22.19.17_less@4.6.4_lightningcss@1.32.0_sass@1.99.0_terser@5.46.1/node_modules/vite-node/dist/server.mjs:404:13
packages/ui-svelte test:  ❯ ViteNodeServer._fetchModule ../../node_modules/.pnpm/vite-node@3.2.4_@types+node@22.19.17_less@4.6.4_lightningcss@1.32.0_sass@1.99.0_terser@5.46.1/node_modules/vite-node/dist/server.mjs:366:14
packages/ui-svelte test:  ❯ Proxy.fetch ../../node_modules/.pnpm/vitest@3.2.4_@types+node@22.19.17_jsdom@26.1.0_less@4.6.4_lightningcss@1.32.0_sass@1.99.0_terser@5.46.1/node_modules/vitest/dist/chunks/coverage.DL5VHqXY.js:2462:19
packages/ui-svelte test:  ❯ EventEmitter.onMessage ../../node_modules/.pnpm/vitest@3.2.4_@types+node@22.19.17_jsdom@26.1.0_less@4.6.4_lightningcss@1.32.0_sass@1.99.0_terser@5.46.1/node_modules/vitest/dist/chunks/index.B521nVV-.js:103:20
packages/ui-svelte test: ⎯⎯⎯⎯⎯⎯ Unhandled Error ⎯⎯⎯⎯⎯⎯⎯
packages/ui-svelte test: TypeError: Cannot read properties of undefined (reading 'config')
packages/ui-svelte test:  ❯ LoadPluginContext.handler ../../node_modules/.pnpm/@sveltejs+vite-plugin-svelte@7.0.0_svelte@5.55.4_@typescript-eslint+types@8.58.2__vite@8.0.8__pvtmjisjugaiazrbts4oof567u/node_modules/@sveltejs/vite-plugin-svelte/src/plugins/load-custom.js:24:37
packages/ui-svelte test:  ❯ PluginContainer.load ../../node_modules/.pnpm/vite@5.4.21_@types+node@22.19.17_less@4.6.4_lightningcss@1.32.0_sass@1.99.0_terser@5.46.1/node_modules/vite/dist/node/chunks/dep-BK3b2jBa.js:49067:17
packages/ui-svelte test:  ❯ loadAndTransform ../../node_modules/.pnpm/vite@5.4.21_@types+node@22.19.17_less@4.6.4_lightningcss@1.32.0_sass@1.99.0_terser@5.46.1/node_modules/vite/dist/node/chunks/dep-BK3b2jBa.js:51918:44
packages/ui-svelte test:  ❯ doTransform ../../node_modules/.pnpm/vite@5.4.21_@types+node@22.19.17_less@4.6.4_lightningcss@1.32.0_sass@1.99.0_terser@5.46.1/node_modules/vite/dist/node/chunks/dep-BK3b2jBa.js:51874:18
packages/ui-svelte test:  ❯ process.processTicksAndRejections node:internal/process/task_queues:103:5
packages/ui-svelte test:  ❯ ViteNodeServer._transformRequest ../../node_modules/.pnpm/vite-node@3.2.4_@types+node@22.19.17_less@4.6.4_lightningcss@1.32.0_sass@1.99.0_terser@5.46.1/node_modules/vite-node/dist/server.mjs:404:13
packages/ui-svelte test:  ❯ ViteNodeServer._fetchModule ../../node_modules/.pnpm/vite-node@3.2.4_@types+node@22.19.17_less@4.6.4_lightningcss@1.32.0_sass@1.99.0_terser@5.46.1/node_modules/vite-node/dist/server.mjs:366:14
packages/ui-svelte test:  ❯ Proxy.fetch ../../node_modules/.pnpm/vitest@3.2.4_@types+node@22.19.17_jsdom@26.1.0_less@4.6.4_lightningcss@1.32.0_sass@1.99.0_terser@5.46.1/node_modules/vitest/dist/chunks/coverage.DL5VHqXY.js:2462:19
packages/ui-svelte test:  ❯ EventEmitter.onMessage ../../node_modules/.pnpm/vitest@3.2.4_@types+node@22.19.17_jsdom@26.1.0_less@4.6.4_lightningcss@1.32.0_sass@1.99.0_terser@5.46.1/node_modules/vitest/dist/chunks/index.B521nVV-.js:103:20
packages/ui-svelte test: ⎯⎯⎯⎯⎯⎯ Unhandled Error ⎯⎯⎯⎯⎯⎯⎯
packages/ui-svelte test: TypeError: Cannot read properties of undefined (reading 'config')
packages/ui-svelte test:  ❯ LoadPluginContext.handler ../../node_modules/.pnpm/@sveltejs+vite-plugin-svelte@7.0.0_svelte@5.55.4_@typescript-eslint+types@8.58.2__vite@8.0.8__pvtmjisjugaiazrbts4oof567u/node_modules/@sveltejs/vite-plugin-svelte/src/plugins/load-custom.js:24:37
packages/ui-svelte test:  ❯ PluginContainer.load ../../node_modules/.pnpm/vite@5.4.21_@types+node@22.19.17_less@4.6.4_lightningcss@1.32.0_sass@1.99.0_terser@5.46.1/node_modules/vite/dist/node/chunks/dep-BK3b2jBa.js:49067:17
packages/ui-svelte test:  ❯ loadAndTransform ../../node_modules/.pnpm/vite@5.4.21_@types+node@22.19.17_less@4.6.4_lightningcss@1.32.0_sass@1.99.0_terser@5.46.1/node_modules/vite/dist/node/chunks/dep-BK3b2jBa.js:51918:44
packages/ui-svelte test:  ❯ doTransform ../../node_modules/.pnpm/vite@5.4.21_@types+node@22.19.17_less@4.6.4_lightningcss@1.32.0_sass@1.99.0_terser@5.46.1/node_modules/vite/dist/node/chunks/dep-BK3b2jBa.js:51874:18
packages/ui-svelte test:  ❯ process.processTicksAndRejections node:internal/process/task_queues:103:5
packages/ui-svelte test:  ❯ ViteNodeServer._transformRequest ../../node_modules/.pnpm/vite-node@3.2.4_@types+node@22.19.17_less@4.6.4_lightningcss@1.32.0_sass@1.99.0_terser@5.46.1/node_modules/vite-node/dist/server.mjs:404:13
packages/ui-svelte test:  ❯ ViteNodeServer._fetchModule ../../node_modules/.pnpm/vite-node@3.2.4_@types+node@22.19.17_less@4.6.4_lightningcss@1.32.0_sass@1.99.0_terser@5.46.1/node_modules/vite-node/dist/server.mjs:366:14
packages/ui-svelte test:  ❯ Proxy.fetch ../../node_modules/.pnpm/vitest@3.2.4_@types+node@22.19.17_jsdom@26.1.0_less@4.6.4_lightningcss@1.32.0_sass@1.99.0_terser@5.46.1/node_modules/vitest/dist/chunks/coverage.DL5VHqXY.js:2462:19
packages/ui-svelte test:  ❯ EventEmitter.onMessage ../../node_modules/.pnpm/vitest@3.2.4_@types+node@22.19.17_jsdom@26.1.0_less@4.6.4_lightningcss@1.32.0_sass@1.99.0_terser@5.46.1/node_modules/vitest/dist/chunks/index.B521nVV-.js:103:20
packages/ui-svelte test: ⎯⎯⎯⎯⎯⎯ Unhandled Error ⎯⎯⎯⎯⎯⎯⎯
packages/ui-svelte test: TypeError: Cannot read properties of undefined (reading 'config')
packages/ui-svelte test:  ❯ LoadPluginContext.handler ../../node_modules/.pnpm/@sveltejs+vite-plugin-svelte@7.0.0_svelte@5.55.4_@typescript-eslint+types@8.58.2__vite@8.0.8__pvtmjisjugaiazrbts4oof567u/node_modules/@sveltejs/vite-plugin-svelte/src/plugins/load-custom.js:24:37
packages/ui-svelte test:  ❯ PluginContainer.load ../../node_modules/.pnpm/vite@5.4.21_@types+node@22.19.17_less@4.6.4_lightningcss@1.32.0_sass@1.99.0_terser@5.46.1/node_modules/vite/dist/node/chunks/dep-BK3b2jBa.js:49067:17
packages/ui-svelte test:  ❯ loadAndTransform ../../node_modules/.pnpm/vite@5.4.21_@types+node@22.19.17_less@4.6.4_lightningcss@1.32.0_sass@1.99.0_terser@5.46.1/node_modules/vite/dist/node/chunks/dep-BK3b2jBa.js:51918:44
packages/ui-svelte test:  ❯ doTransform ../../node_modules/.pnpm/vite@5.4.21_@types+node@22.19.17_less@4.6.4_lightningcss@1.32.0_sass@1.99.0_terser@5.46.1/node_modules/vite/dist/node/chunks/dep-BK3b2jBa.js:51874:18
packages/ui-svelte test:  ❯ process.processTicksAndRejections node:internal/process/task_queues:103:5
packages/ui-svelte test:  ❯ ViteNodeServer._transformRequest ../../node_modules/.pnpm/vite-node@3.2.4_@types+node@22.19.17_less@4.6.4_lightningcss@1.32.0_sass@1.99.0_terser@5.46.1/node_modules/vite-node/dist/server.mjs:404:13
packages/ui-svelte test:  ❯ ViteNodeServer._fetchModule ../../node_modules/.pnpm/vite-node@3.2.4_@types+node@22.19.17_less@4.6.4_lightningcss@1.32.0_sass@1.99.0_terser@5.46.1/node_modules/vite-node/dist/server.mjs:366:14
packages/ui-svelte test:  ❯ Proxy.fetch ../../node_modules/.pnpm/vitest@3.2.4_@types+node@22.19.17_jsdom@26.1.0_less@4.6.4_lightningcss@1.32.0_sass@1.99.0_terser@5.46.1/node_modules/vitest/dist/chunks/coverage.DL5VHqXY.js:2462:19
packages/ui-svelte test:  ❯ EventEmitter.onMessage ../../node_modules/.pnpm/vitest@3.2.4_@types+node@22.19.17_jsdom@26.1.0_less@4.6.4_lightningcss@1.32.0_sass@1.99.0_terser@5.46.1/node_modules/vitest/dist/chunks/index.B521nVV-.js:103:20
packages/ui-svelte test: ⎯⎯⎯⎯⎯⎯ Unhandled Error ⎯⎯⎯⎯⎯⎯⎯
packages/ui-svelte test: TypeError: Cannot read properties of undefined (reading 'config')
packages/ui-svelte test:  ❯ LoadPluginContext.handler ../../node_modules/.pnpm/@sveltejs+vite-plugin-svelte@7.0.0_svelte@5.55.4_@typescript-eslint+types@8.58.2__vite@8.0.8__pvtmjisjugaiazrbts4oof567u/node_modules/@sveltejs/vite-plugin-svelte/src/plugins/load-custom.js:24:37
packages/ui-svelte test:  ❯ PluginContainer.load ../../node_modules/.pnpm/vite@5.4.21_@types+node@22.19.17_less@4.6.4_lightningcss@1.32.0_sass@1.99.0_terser@5.46.1/node_modules/vite/dist/node/chunks/dep-BK3b2jBa.js:49067:17
packages/ui-svelte test:  ❯ loadAndTransform ../../node_modules/.pnpm/vite@5.4.21_@types+node@22.19.17_less@4.6.4_lightningcss@1.32.0_sass@1.99.0_terser@5.46.1/node_modules/vite/dist/node/chunks/dep-BK3b2jBa.js:51918:44
packages/ui-svelte test:  ❯ doTransform ../../node_modules/.pnpm/vite@5.4.21_@types+node@22.19.17_less@4.6.4_lightningcss@1.32.0_sass@1.99.0_terser@5.46.1/node_modules/vite/dist/node/chunks/dep-BK3b2jBa.js:51874:18
packages/ui-svelte test:  ❯ process.processTicksAndRejections node:internal/process/task_queues:103:5
packages/ui-svelte test:  ❯ ViteNodeServer._transformRequest ../../node_modules/.pnpm/vite-node@3.2.4_@types+node@22.19.17_less@4.6.4_lightningcss@1.32.0_sass@1.99.0_terser@5.46.1/node_modules/vite-node/dist/server.mjs:404:13
packages/ui-svelte test:  ❯ ViteNodeServer._fetchModule ../../node_modules/.pnpm/vite-node@3.2.4_@types+node@22.19.17_less@4.6.4_lightningcss@1.32.0_sass@1.99.0_terser@5.46.1/node_modules/vite-node/dist/server.mjs:366:14
packages/ui-svelte test:  ❯ Proxy.fetch ../../node_modules/.pnpm/vitest@3.2.4_@types+node@22.19.17_jsdom@26.1.0_less@4.6.4_lightningcss@1.32.0_sass@1.99.0_terser@5.46.1/node_modules/vitest/dist/chunks/coverage.DL5VHqXY.js:2462:19
packages/ui-svelte test:  ❯ EventEmitter.onMessage ../../node_modules/.pnpm/vitest@3.2.4_@types+node@22.19.17_jsdom@26.1.0_less@4.6.4_lightningcss@1.32.0_sass@1.99.0_terser@5.46.1/node_modules/vitest/dist/chunks/index.B521nVV-.js:103:20
packages/ui-svelte test: ⎯⎯⎯⎯⎯⎯ Unhandled Error ⎯⎯⎯⎯⎯⎯⎯
packages/ui-svelte test: TypeError: Cannot read properties of undefined (reading 'config')
packages/ui-svelte test:  ❯ LoadPluginContext.handler ../../node_modules/.pnpm/@sveltejs+vite-plugin-svelte@7.0.0_svelte@5.55.4_@typescript-eslint+types@8.58.2__vite@8.0.8__pvtmjisjugaiazrbts4oof567u/node_modules/@sveltejs/vite-plugin-svelte/src/plugins/load-custom.js:24:37
packages/ui-svelte test:  ❯ PluginContainer.load ../../node_modules/.pnpm/vite@5.4.21_@types+node@22.19.17_less@4.6.4_lightningcss@1.32.0_sass@1.99.0_terser@5.46.1/node_modules/vite/dist/node/chunks/dep-BK3b2jBa.js:49067:17
packages/ui-svelte test:  ❯ loadAndTransform ../../node_modules/.pnpm/vite@5.4.21_@types+node@22.19.17_less@4.6.4_lightningcss@1.32.0_sass@1.99.0_terser@5.46.1/node_modules/vite/dist/node/chunks/dep-BK3b2jBa.js:51918:44
packages/ui-svelte test:  ❯ doTransform ../../node_modules/.pnpm/vite@5.4.21_@types+node@22.19.17_less@4.6.4_lightningcss@1.32.0_sass@1.99.0_terser@5.46.1/node_modules/vite/dist/node/chunks/dep-BK3b2jBa.js:51874:18
packages/ui-svelte test:  ❯ process.processTicksAndRejections node:internal/process/task_queues:103:5
packages/ui-svelte test:  ❯ ViteNodeServer._transformRequest ../../node_modules/.pnpm/vite-node@3.2.4_@types+node@22.19.17_less@4.6.4_lightningcss@1.32.0_sass@1.99.0_terser@5.46.1/node_modules/vite-node/dist/server.mjs:404:13
packages/ui-svelte test:  ❯ ViteNodeServer._fetchModule ../../node_modules/.pnpm/vite-node@3.2.4_@types+node@22.19.17_less@4.6.4_lightningcss@1.32.0_sass@1.99.0_terser@5.46.1/node_modules/vite-node/dist/server.mjs:366:14
packages/ui-svelte test:  ❯ Proxy.fetch ../../node_modules/.pnpm/vitest@3.2.4_@types+node@22.19.17_jsdom@26.1.0_less@4.6.4_lightningcss@1.32.0_sass@1.99.0_terser@5.46.1/node_modules/vitest/dist/chunks/coverage.DL5VHqXY.js:2462:19
packages/ui-svelte test:  ❯ EventEmitter.onMessage ../../node_modules/.pnpm/vitest@3.2.4_@types+node@22.19.17_jsdom@26.1.0_less@4.6.4_lightningcss@1.32.0_sass@1.99.0_terser@5.46.1/node_modules/vitest/dist/chunks/index.B521nVV-.js:103:20
packages/ui-svelte test: ⎯⎯⎯⎯⎯⎯ Unhandled Error ⎯⎯⎯⎯⎯⎯⎯
packages/ui-svelte test: TypeError: Cannot read properties of undefined (reading 'config')
packages/ui-svelte test:  ❯ LoadPluginContext.handler ../../node_modules/.pnpm/@sveltejs+vite-plugin-svelte@7.0.0_svelte@5.55.4_@typescript-eslint+types@8.58.2__vite@8.0.8__pvtmjisjugaiazrbts4oof567u/node_modules/@sveltejs/vite-plugin-svelte/src/plugins/load-custom.js:24:37
packages/ui-svelte test:  ❯ PluginContainer.load ../../node_modules/.pnpm/vite@5.4.21_@types+node@22.19.17_less@4.6.4_lightningcss@1.32.0_sass@1.99.0_terser@5.46.1/node_modules/vite/dist/node/chunks/dep-BK3b2jBa.js:49067:17
packages/ui-svelte test:  ❯ loadAndTransform ../../node_modules/.pnpm/vite@5.4.21_@types+node@22.19.17_less@4.6.4_lightningcss@1.32.0_sass@1.99.0_terser@5.46.1/node_modules/vite/dist/node/chunks/dep-BK3b2jBa.js:51918:44
packages/ui-svelte test:  ❯ doTransform ../../node_modules/.pnpm/vite@5.4.21_@types+node@22.19.17_less@4.6.4_lightningcss@1.32.0_sass@1.99.0_terser@5.46.1/node_modules/vite/dist/node/chunks/dep-BK3b2jBa.js:51874:18
packages/ui-svelte test:  ❯ process.processTicksAndRejections node:internal/process/task_queues:103:5
packages/ui-svelte test:  ❯ ViteNodeServer._transformRequest ../../node_modules/.pnpm/vite-node@3.2.4_@types+node@22.19.17_less@4.6.4_lightningcss@1.32.0_sass@1.99.0_terser@5.46.1/node_modules/vite-node/dist/server.mjs:404:13
packages/ui-svelte test:  ❯ ViteNodeServer._fetchModule ../../node_modules/.pnpm/vite-node@3.2.4_@types+node@22.19.17_less@4.6.4_lightningcss@1.32.0_sass@1.99.0_terser@5.46.1/node_modules/vite-node/dist/server.mjs:366:14
packages/ui-svelte test:  ❯ Proxy.fetch ../../node_modules/.pnpm/vitest@3.2.4_@types+node@22.19.17_jsdom@26.1.0_less@4.6.4_lightningcss@1.32.0_sass@1.99.0_terser@5.46.1/node_modules/vitest/dist/chunks/coverage.DL5VHqXY.js:2462:19
packages/ui-svelte test:  ❯ EventEmitter.onMessage ../../node_modules/.pnpm/vitest@3.2.4_@types+node@22.19.17_jsdom@26.1.0_less@4.6.4_lightningcss@1.32.0_sass@1.99.0_terser@5.46.1/node_modules/vitest/dist/chunks/index.B521nVV-.js:103:20
packages/ui-svelte test: ⎯⎯⎯⎯⎯⎯ Unhandled Error ⎯⎯⎯⎯⎯⎯⎯
packages/ui-svelte test: TypeError: Cannot read properties of undefined (reading 'config')
packages/ui-svelte test:  ❯ LoadPluginContext.handler ../../node_modules/.pnpm/@sveltejs+vite-plugin-svelte@7.0.0_svelte@5.55.4_@typescript-eslint+types@8.58.2__vite@8.0.8__pvtmjisjugaiazrbts4oof567u/node_modules/@sveltejs/vite-plugin-svelte/src/plugins/load-custom.js:24:37
packages/ui-svelte test:  ❯ PluginContainer.load ../../node_modules/.pnpm/vite@5.4.21_@types+node@22.19.17_less@4.6.4_lightningcss@1.32.0_sass@1.99.0_terser@5.46.1/node_modules/vite/dist/node/chunks/dep-BK3b2jBa.js:49067:17
packages/ui-svelte test:  ❯ loadAndTransform ../../node_modules/.pnpm/vite@5.4.21_@types+node@22.19.17_less@4.6.4_lightningcss@1.32.0_sass@1.99.0_terser@5.46.1/node_modules/vite/dist/node/chunks/dep-BK3b2jBa.js:51918:44
packages/ui-svelte test:  ❯ doTransform ../../node_modules/.pnpm/vite@5.4.21_@types+node@22.19.17_less@4.6.4_lightningcss@1.32.0_sass@1.99.0_terser@5.46.1/node_modules/vite/dist/node/chunks/dep-BK3b2jBa.js:51874:18
packages/ui-svelte test:  ❯ process.processTicksAndRejections node:internal/process/task_queues:103:5
packages/ui-svelte test:  ❯ ViteNodeServer._transformRequest ../../node_modules/.pnpm/vite-node@3.2.4_@types+node@22.19.17_less@4.6.4_lightningcss@1.32.0_sass@1.99.0_terser@5.46.1/node_modules/vite-node/dist/server.mjs:404:13
packages/ui-svelte test:  ❯ ViteNodeServer._fetchModule ../../node_modules/.pnpm/vite-node@3.2.4_@types+node@22.19.17_less@4.6.4_lightningcss@1.32.0_sass@1.99.0_terser@5.46.1/node_modules/vite-node/dist/server.mjs:366:14
packages/ui-svelte test:  ❯ Proxy.fetch ../../node_modules/.pnpm/vitest@3.2.4_@types+node@22.19.17_jsdom@26.1.0_less@4.6.4_lightningcss@1.32.0_sass@1.99.0_terser@5.46.1/node_modules/vitest/dist/chunks/coverage.DL5VHqXY.js:2462:19
packages/ui-svelte test:  ❯ EventEmitter.onMessage ../../node_modules/.pnpm/vitest@3.2.4_@types+node@22.19.17_jsdom@26.1.0_less@4.6.4_lightningcss@1.32.0_sass@1.99.0_terser@5.46.1/node_modules/vitest/dist/chunks/index.B521nVV-.js:103:20
packages/ui-svelte test: ⎯⎯⎯⎯⎯⎯ Unhandled Error ⎯⎯⎯⎯⎯⎯⎯
packages/ui-svelte test: TypeError: Cannot read properties of undefined (reading 'config')
packages/ui-svelte test:  ❯ LoadPluginContext.handler ../../node_modules/.pnpm/@sveltejs+vite-plugin-svelte@7.0.0_svelte@5.55.4_@typescript-eslint+types@8.58.2__vite@8.0.8__pvtmjisjugaiazrbts4oof567u/node_modules/@sveltejs/vite-plugin-svelte/src/plugins/load-custom.js:24:37
packages/ui-svelte test:  ❯ PluginContainer.load ../../node_modules/.pnpm/vite@5.4.21_@types+node@22.19.17_less@4.6.4_lightningcss@1.32.0_sass@1.99.0_terser@5.46.1/node_modules/vite/dist/node/chunks/dep-BK3b2jBa.js:49067:17
packages/ui-svelte test:  ❯ loadAndTransform ../../node_modules/.pnpm/vite@5.4.21_@types+node@22.19.17_less@4.6.4_lightningcss@1.32.0_sass@1.99.0_terser@5.46.1/node_modules/vite/dist/node/chunks/dep-BK3b2jBa.js:51918:44
packages/ui-svelte test:  ❯ doTransform ../../node_modules/.pnpm/vite@5.4.21_@types+node@22.19.17_less@4.6.4_lightningcss@1.32.0_sass@1.99.0_terser@5.46.1/node_modules/vite/dist/node/chunks/dep-BK3b2jBa.js:51874:18
packages/ui-svelte test:  ❯ process.processTicksAndRejections node:internal/process/task_queues:103:5
packages/ui-svelte test:  ❯ ViteNodeServer._transformRequest ../../node_modules/.pnpm/vite-node@3.2.4_@types+node@22.19.17_less@4.6.4_lightningcss@1.32.0_sass@1.99.0_terser@5.46.1/node_modules/vite-node/dist/server.mjs:404:13
packages/ui-svelte test:  ❯ ViteNodeServer._fetchModule ../../node_modules/.pnpm/vite-node@3.2.4_@types+node@22.19.17_less@4.6.4_lightningcss@1.32.0_sass@1.99.0_terser@5.46.1/node_modules/vite-node/dist/server.mjs:366:14
packages/ui-svelte test:  ❯ Proxy.fetch ../../node_modules/.pnpm/vitest@3.2.4_@types+node@22.19.17_jsdom@26.1.0_less@4.6.4_lightningcss@1.32.0_sass@1.99.0_terser@5.46.1/node_modules/vitest/dist/chunks/coverage.DL5VHqXY.js:2462:19
packages/ui-svelte test:  ❯ EventEmitter.onMessage ../../node_modules/.pnpm/vitest@3.2.4_@types+node@22.19.17_jsdom@26.1.0_less@4.6.4_lightningcss@1.32.0_sass@1.99.0_terser@5.46.1/node_modules/vitest/dist/chunks/index.B521nVV-.js:103:20
packages/ui-svelte test: ⎯⎯⎯⎯⎯⎯ Unhandled Error ⎯⎯⎯⎯⎯⎯⎯
packages/ui-svelte test: TypeError: Cannot read properties of undefined (reading 'config')
packages/ui-svelte test:  ❯ LoadPluginContext.handler ../../node_modules/.pnpm/@sveltejs+vite-plugin-svelte@7.0.0_svelte@5.55.4_@typescript-eslint+types@8.58.2__vite@8.0.8__pvtmjisjugaiazrbts4oof567u/node_modules/@sveltejs/vite-plugin-svelte/src/plugins/load-custom.js:24:37
packages/ui-svelte test:  ❯ PluginContainer.load ../../node_modules/.pnpm/vite@5.4.21_@types+node@22.19.17_less@4.6.4_lightningcss@1.32.0_sass@1.99.0_terser@5.46.1/node_modules/vite/dist/node/chunks/dep-BK3b2jBa.js:49067:17
packages/ui-svelte test:  ❯ loadAndTransform ../../node_modules/.pnpm/vite@5.4.21_@types+node@22.19.17_less@4.6.4_lightningcss@1.32.0_sass@1.99.0_terser@5.46.1/node_modules/vite/dist/node/chunks/dep-BK3b2jBa.js:51918:44
packages/ui-svelte test:  ❯ doTransform ../../node_modules/.pnpm/vite@5.4.21_@types+node@22.19.17_less@4.6.4_lightningcss@1.32.0_sass@1.99.0_terser@5.46.1/node_modules/vite/dist/node/chunks/dep-BK3b2jBa.js:51874:18
packages/ui-svelte test:  ❯ process.processTicksAndRejections node:internal/process/task_queues:103:5
packages/ui-svelte test:  ❯ ViteNodeServer._transformRequest ../../node_modules/.pnpm/vite-node@3.2.4_@types+node@22.19.17_less@4.6.4_lightningcss@1.32.0_sass@1.99.0_terser@5.46.1/node_modules/vite-node/dist/server.mjs:404:13
packages/ui-svelte test:  ❯ ViteNodeServer._fetchModule ../../node_modules/.pnpm/vite-node@3.2.4_@types+node@22.19.17_less@4.6.4_lightningcss@1.32.0_sass@1.99.0_terser@5.46.1/node_modules/vite-node/dist/server.mjs:366:14
packages/ui-svelte test:  ❯ Proxy.fetch ../../node_modules/.pnpm/vitest@3.2.4_@types+node@22.19.17_jsdom@26.1.0_less@4.6.4_lightningcss@1.32.0_sass@1.99.0_terser@5.46.1/node_modules/vitest/dist/chunks/coverage.DL5VHqXY.js:2462:19
packages/ui-svelte test:  ❯ EventEmitter.onMessage ../../node_modules/.pnpm/vitest@3.2.4_@types+node@22.19.17_jsdom@26.1.0_less@4.6.4_lightningcss@1.32.0_sass@1.99.0_terser@5.46.1/node_modules/vitest/dist/chunks/index.B521nVV-.js:103:20
packages/ui-svelte test: ⎯⎯⎯⎯⎯⎯ Unhandled Error ⎯⎯⎯⎯⎯⎯⎯
packages/ui-svelte test: TypeError: Cannot read properties of undefined (reading 'config')
packages/ui-svelte test:  ❯ LoadPluginContext.handler ../../node_modules/.pnpm/@sveltejs+vite-plugin-svelte@7.0.0_svelte@5.55.4_@typescript-eslint+types@8.58.2__vite@8.0.8__pvtmjisjugaiazrbts4oof567u/node_modules/@sveltejs/vite-plugin-svelte/src/plugins/load-custom.js:24:37
packages/ui-svelte test:  ❯ PluginContainer.load ../../node_modules/.pnpm/vite@5.4.21_@types+node@22.19.17_less@4.6.4_lightningcss@1.32.0_sass@1.99.0_terser@5.46.1/node_modules/vite/dist/node/chunks/dep-BK3b2jBa.js:49067:17
packages/ui-svelte test:  ❯ loadAndTransform ../../node_modules/.pnpm/vite@5.4.21_@types+node@22.19.17_less@4.6.4_lightningcss@1.32.0_sass@1.99.0_terser@5.46.1/node_modules/vite/dist/node/chunks/dep-BK3b2jBa.js:51918:44
packages/ui-svelte test:  ❯ doTransform ../../node_modules/.pnpm/vite@5.4.21_@types+node@22.19.17_less@4.6.4_lightningcss@1.32.0_sass@1.99.0_terser@5.46.1/node_modules/vite/dist/node/chunks/dep-BK3b2jBa.js:51874:18
packages/ui-svelte test:  ❯ process.processTicksAndRejections node:internal/process/task_queues:103:5
packages/ui-svelte test:  ❯ ViteNodeServer._transformRequest ../../node_modules/.pnpm/vite-node@3.2.4_@types+node@22.19.17_less@4.6.4_lightningcss@1.32.0_sass@1.99.0_terser@5.46.1/node_modules/vite-node/dist/server.mjs:404:13
packages/ui-svelte test:  ❯ ViteNodeServer._fetchModule ../../node_modules/.pnpm/vite-node@3.2.4_@types+node@22.19.17_less@4.6.4_lightningcss@1.32.0_sass@1.99.0_terser@5.46.1/node_modules/vite-node/dist/server.mjs:366:14
packages/ui-svelte test:  ❯ Proxy.fetch ../../node_modules/.pnpm/vitest@3.2.4_@types+node@22.19.17_jsdom@26.1.0_less@4.6.4_lightningcss@1.32.0_sass@1.99.0_terser@5.46.1/node_modules/vitest/dist/chunks/coverage.DL5VHqXY.js:2462:19
packages/ui-svelte test:  ❯ EventEmitter.onMessage ../../node_modules/.pnpm/vitest@3.2.4_@types+node@22.19.17_jsdom@26.1.0_less@4.6.4_lightningcss@1.32.0_sass@1.99.0_terser@5.46.1/node_modules/vitest/dist/chunks/index.B521nVV-.js:103:20
packages/ui-svelte test: ⎯⎯⎯⎯⎯⎯ Unhandled Error ⎯⎯⎯⎯⎯⎯⎯
packages/ui-svelte test: TypeError: Cannot read properties of undefined (reading 'config')
packages/ui-svelte test:  ❯ LoadPluginContext.handler ../../node_modules/.pnpm/@sveltejs+vite-plugin-svelte@7.0.0_svelte@5.55.4_@typescript-eslint+types@8.58.2__vite@8.0.8__pvtmjisjugaiazrbts4oof567u/node_modules/@sveltejs/vite-plugin-svelte/src/plugins/load-custom.js:24:37
packages/ui-svelte test:  ❯ PluginContainer.load ../../node_modules/.pnpm/vite@5.4.21_@types+node@22.19.17_less@4.6.4_lightningcss@1.32.0_sass@1.99.0_terser@5.46.1/node_modules/vite/dist/node/chunks/dep-BK3b2jBa.js:49067:17
packages/ui-svelte test:  ❯ loadAndTransform ../../node_modules/.pnpm/vite@5.4.21_@types+node@22.19.17_less@4.6.4_lightningcss@1.32.0_sass@1.99.0_terser@5.46.1/node_modules/vite/dist/node/chunks/dep-BK3b2jBa.js:51918:44
packages/ui-svelte test:  ❯ doTransform ../../node_modules/.pnpm/vite@5.4.21_@types+node@22.19.17_less@4.6.4_lightningcss@1.32.0_sass@1.99.0_terser@5.46.1/node_modules/vite/dist/node/chunks/dep-BK3b2jBa.js:51874:18
packages/ui-svelte test:  ❯ process.processTicksAndRejections node:internal/process/task_queues:103:5
packages/ui-svelte test:  ❯ ViteNodeServer._transformRequest ../../node_modules/.pnpm/vite-node@3.2.4_@types+node@22.19.17_less@4.6.4_lightningcss@1.32.0_sass@1.99.0_terser@5.46.1/node_modules/vite-node/dist/server.mjs:404:13
packages/ui-svelte test:  ❯ ViteNodeServer._fetchModule ../../node_modules/.pnpm/vite-node@3.2.4_@types+node@22.19.17_less@4.6.4_lightningcss@1.32.0_sass@1.99.0_terser@5.46.1/node_modules/vite-node/dist/server.mjs:366:14
packages/ui-svelte test:  ❯ Proxy.fetch ../../node_modules/.pnpm/vitest@3.2.4_@types+node@22.19.17_jsdom@26.1.0_less@4.6.4_lightningcss@1.32.0_sass@1.99.0_terser@5.46.1/node_modules/vitest/dist/chunks/coverage.DL5VHqXY.js:2462:19
packages/ui-svelte test:  ❯ EventEmitter.onMessage ../../node_modules/.pnpm/vitest@3.2.4_@types+node@22.19.17_jsdom@26.1.0_less@4.6.4_lightningcss@1.32.0_sass@1.99.0_terser@5.46.1/node_modules/vitest/dist/chunks/index.B521nVV-.js:103:20
packages/ui-svelte test: ⎯⎯⎯⎯⎯⎯ Unhandled Error ⎯⎯⎯⎯⎯⎯⎯
packages/ui-svelte test: TypeError: Cannot read properties of undefined (reading 'config')
packages/ui-svelte test:  ❯ LoadPluginContext.handler ../../node_modules/.pnpm/@sveltejs+vite-plugin-svelte@7.0.0_svelte@5.55.4_@typescript-eslint+types@8.58.2__vite@8.0.8__pvtmjisjugaiazrbts4oof567u/node_modules/@sveltejs/vite-plugin-svelte/src/plugins/load-custom.js:24:37
packages/ui-svelte test:  ❯ PluginContainer.load ../../node_modules/.pnpm/vite@5.4.21_@types+node@22.19.17_less@4.6.4_lightningcss@1.32.0_sass@1.99.0_terser@5.46.1/node_modules/vite/dist/node/chunks/dep-BK3b2jBa.js:49067:17
packages/ui-svelte test:  ❯ loadAndTransform ../../node_modules/.pnpm/vite@5.4.21_@types+node@22.19.17_less@4.6.4_lightningcss@1.32.0_sass@1.99.0_terser@5.46.1/node_modules/vite/dist/node/chunks/dep-BK3b2jBa.js:51918:44
packages/ui-svelte test:  ❯ doTransform ../../node_modules/.pnpm/vite@5.4.21_@types+node@22.19.17_less@4.6.4_lightningcss@1.32.0_sass@1.99.0_terser@5.46.1/node_modules/vite/dist/node/chunks/dep-BK3b2jBa.js:51874:18
packages/ui-svelte test:  ❯ process.processTicksAndRejections node:internal/process/task_queues:103:5
packages/ui-svelte test:  ❯ ViteNodeServer._transformRequest ../../node_modules/.pnpm/vite-node@3.2.4_@types+node@22.19.17_less@4.6.4_lightningcss@1.32.0_sass@1.99.0_terser@5.46.1/node_modules/vite-node/dist/server.mjs:404:13
packages/ui-svelte test:  ❯ ViteNodeServer._fetchModule ../../node_modules/.pnpm/vite-node@3.2.4_@types+node@22.19.17_less@4.6.4_lightningcss@1.32.0_sass@1.99.0_terser@5.46.1/node_modules/vite-node/dist/server.mjs:366:14
packages/ui-svelte test:  ❯ Proxy.fetch ../../node_modules/.pnpm/vitest@3.2.4_@types+node@22.19.17_jsdom@26.1.0_less@4.6.4_lightningcss@1.32.0_sass@1.99.0_terser@5.46.1/node_modules/vitest/dist/chunks/coverage.DL5VHqXY.js:2462:19
packages/ui-svelte test:  ❯ EventEmitter.onMessage ../../node_modules/.pnpm/vitest@3.2.4_@types+node@22.19.17_jsdom@26.1.0_less@4.6.4_lightningcss@1.32.0_sass@1.99.0_terser@5.46.1/node_modules/vitest/dist/chunks/index.B521nVV-.js:103:20
packages/ui-svelte test: ⎯⎯⎯⎯⎯⎯ Unhandled Error ⎯⎯⎯⎯⎯⎯⎯
packages/ui-svelte test: TypeError: Cannot read properties of undefined (reading 'config')
packages/ui-svelte test:  ❯ LoadPluginContext.handler ../../node_modules/.pnpm/@sveltejs+vite-plugin-svelte@7.0.0_svelte@5.55.4_@typescript-eslint+types@8.58.2__vite@8.0.8__pvtmjisjugaiazrbts4oof567u/node_modules/@sveltejs/vite-plugin-svelte/src/plugins/load-custom.js:24:37
packages/ui-svelte test:  ❯ PluginContainer.load ../../node_modules/.pnpm/vite@5.4.21_@types+node@22.19.17_less@4.6.4_lightningcss@1.32.0_sass@1.99.0_terser@5.46.1/node_modules/vite/dist/node/chunks/dep-BK3b2jBa.js:49067:17
packages/ui-svelte test:  ❯ loadAndTransform ../../node_modules/.pnpm/vite@5.4.21_@types+node@22.19.17_less@4.6.4_lightningcss@1.32.0_sass@1.99.0_terser@5.46.1/node_modules/vite/dist/node/chunks/dep-BK3b2jBa.js:51918:44
packages/ui-svelte test:  ❯ doTransform ../../node_modules/.pnpm/vite@5.4.21_@types+node@22.19.17_less@4.6.4_lightningcss@1.32.0_sass@1.99.0_terser@5.46.1/node_modules/vite/dist/node/chunks/dep-BK3b2jBa.js:51874:18
packages/ui-svelte test:  ❯ process.processTicksAndRejections node:internal/process/task_queues:103:5
packages/ui-svelte test:  ❯ ViteNodeServer._transformRequest ../../node_modules/.pnpm/vite-node@3.2.4_@types+node@22.19.17_less@4.6.4_lightningcss@1.32.0_sass@1.99.0_terser@5.46.1/node_modules/vite-node/dist/server.mjs:404:13
packages/ui-svelte test:  ❯ ViteNodeServer._fetchModule ../../node_modules/.pnpm/vite-node@3.2.4_@types+node@22.19.17_less@4.6.4_lightningcss@1.32.0_sass@1.99.0_terser@5.46.1/node_modules/vite-node/dist/server.mjs:366:14
packages/ui-svelte test:  ❯ Proxy.fetch ../../node_modules/.pnpm/vitest@3.2.4_@types+node@22.19.17_jsdom@26.1.0_less@4.6.4_lightningcss@1.32.0_sass@1.99.0_terser@5.46.1/node_modules/vitest/dist/chunks/coverage.DL5VHqXY.js:2462:19
packages/ui-svelte test:  ❯ EventEmitter.onMessage ../../node_modules/.pnpm/vitest@3.2.4_@types+node@22.19.17_jsdom@26.1.0_less@4.6.4_lightningcss@1.32.0_sass@1.99.0_terser@5.46.1/node_modules/vitest/dist/chunks/index.B521nVV-.js:103:20
packages/ui-svelte test: ⎯⎯⎯⎯⎯⎯ Unhandled Error ⎯⎯⎯⎯⎯⎯⎯
packages/ui-svelte test: TypeError: Cannot read properties of undefined (reading 'config')
packages/ui-svelte test:  ❯ LoadPluginContext.handler ../../node_modules/.pnpm/@sveltejs+vite-plugin-svelte@7.0.0_svelte@5.55.4_@typescript-eslint+types@8.58.2__vite@8.0.8__pvtmjisjugaiazrbts4oof567u/node_modules/@sveltejs/vite-plugin-svelte/src/plugins/load-custom.js:24:37
packages/ui-svelte test:  ❯ PluginContainer.load ../../node_modules/.pnpm/vite@5.4.21_@types+node@22.19.17_less@4.6.4_lightningcss@1.32.0_sass@1.99.0_terser@5.46.1/node_modules/vite/dist/node/chunks/dep-BK3b2jBa.js:49067:17
packages/ui-svelte test:  ❯ loadAndTransform ../../node_modules/.pnpm/vite@5.4.21_@types+node@22.19.17_less@4.6.4_lightningcss@1.32.0_sass@1.99.0_terser@5.46.1/node_modules/vite/dist/node/chunks/dep-BK3b2jBa.js:51918:44
packages/ui-svelte test:  ❯ doTransform ../../node_modules/.pnpm/vite@5.4.21_@types+node@22.19.17_less@4.6.4_lightningcss@1.32.0_sass@1.99.0_terser@5.46.1/node_modules/vite/dist/node/chunks/dep-BK3b2jBa.js:51874:18
packages/ui-svelte test:  ❯ process.processTicksAndRejections node:internal/process/task_queues:103:5
packages/ui-svelte test:  ❯ ViteNodeServer._transformRequest ../../node_modules/.pnpm/vite-node@3.2.4_@types+node@22.19.17_less@4.6.4_lightningcss@1.32.0_sass@1.99.0_terser@5.46.1/node_modules/vite-node/dist/server.mjs:404:13
packages/ui-svelte test:  ❯ ViteNodeServer._fetchModule ../../node_modules/.pnpm/vite-node@3.2.4_@types+node@22.19.17_less@4.6.4_lightningcss@1.32.0_sass@1.99.0_terser@5.46.1/node_modules/vite-node/dist/server.mjs:366:14
packages/ui-svelte test:  ❯ Proxy.fetch ../../node_modules/.pnpm/vitest@3.2.4_@types+node@22.19.17_jsdom@26.1.0_less@4.6.4_lightningcss@1.32.0_sass@1.99.0_terser@5.46.1/node_modules/vitest/dist/chunks/coverage.DL5VHqXY.js:2462:19
packages/ui-svelte test:  ❯ EventEmitter.onMessage ../../node_modules/.pnpm/vitest@3.2.4_@types+node@22.19.17_jsdom@26.1.0_less@4.6.4_lightningcss@1.32.0_sass@1.99.0_terser@5.46.1/node_modules/vitest/dist/chunks/index.B521nVV-.js:103:20
packages/ui-svelte test: ⎯⎯⎯⎯⎯⎯ Unhandled Error ⎯⎯⎯⎯⎯⎯⎯
packages/ui-svelte test: TypeError: Cannot read properties of undefined (reading 'config')
packages/ui-svelte test:  ❯ LoadPluginContext.handler ../../node_modules/.pnpm/@sveltejs+vite-plugin-svelte@7.0.0_svelte@5.55.4_@typescript-eslint+types@8.58.2__vite@8.0.8__pvtmjisjugaiazrbts4oof567u/node_modules/@sveltejs/vite-plugin-svelte/src/plugins/load-custom.js:24:37
packages/ui-svelte test:  ❯ PluginContainer.load ../../node_modules/.pnpm/vite@5.4.21_@types+node@22.19.17_less@4.6.4_lightningcss@1.32.0_sass@1.99.0_terser@5.46.1/node_modules/vite/dist/node/chunks/dep-BK3b2jBa.js:49067:17
packages/ui-svelte test:  ❯ loadAndTransform ../../node_modules/.pnpm/vite@5.4.21_@types+node@22.19.17_less@4.6.4_lightningcss@1.32.0_sass@1.99.0_terser@5.46.1/node_modules/vite/dist/node/chunks/dep-BK3b2jBa.js:51918:44
packages/ui-svelte test:  ❯ doTransform ../../node_modules/.pnpm/vite@5.4.21_@types+node@22.19.17_less@4.6.4_lightningcss@1.32.0_sass@1.99.0_terser@5.46.1/node_modules/vite/dist/node/chunks/dep-BK3b2jBa.js:51874:18
packages/ui-svelte test:  ❯ process.processTicksAndRejections node:internal/process/task_queues:103:5
packages/ui-svelte test:  ❯ ViteNodeServer._transformRequest ../../node_modules/.pnpm/vite-node@3.2.4_@types+node@22.19.17_less@4.6.4_lightningcss@1.32.0_sass@1.99.0_terser@5.46.1/node_modules/vite-node/dist/server.mjs:404:13
packages/ui-svelte test:  ❯ ViteNodeServer._fetchModule ../../node_modules/.pnpm/vite-node@3.2.4_@types+node@22.19.17_less@4.6.4_lightningcss@1.32.0_sass@1.99.0_terser@5.46.1/node_modules/vite-node/dist/server.mjs:366:14
packages/ui-svelte test:  ❯ Proxy.fetch ../../node_modules/.pnpm/vitest@3.2.4_@types+node@22.19.17_jsdom@26.1.0_less@4.6.4_lightningcss@1.32.0_sass@1.99.0_terser@5.46.1/node_modules/vitest/dist/chunks/coverage.DL5VHqXY.js:2462:19
packages/ui-svelte test:  ❯ EventEmitter.onMessage ../../node_modules/.pnpm/vitest@3.2.4_@types+node@22.19.17_jsdom@26.1.0_less@4.6.4_lightningcss@1.32.0_sass@1.99.0_terser@5.46.1/node_modules/vitest/dist/chunks/index.B521nVV-.js:103:20
packages/ui-svelte test: ⎯⎯⎯⎯⎯⎯ Unhandled Error ⎯⎯⎯⎯⎯⎯⎯
packages/ui-svelte test: TypeError: Cannot read properties of undefined (reading 'config')
packages/ui-svelte test:  ❯ LoadPluginContext.handler ../../node_modules/.pnpm/@sveltejs+vite-plugin-svelte@7.0.0_svelte@5.55.4_@typescript-eslint+types@8.58.2__vite@8.0.8__pvtmjisjugaiazrbts4oof567u/node_modules/@sveltejs/vite-plugin-svelte/src/plugins/load-custom.js:24:37
packages/ui-svelte test:  ❯ PluginContainer.load ../../node_modules/.pnpm/vite@5.4.21_@types+node@22.19.17_less@4.6.4_lightningcss@1.32.0_sass@1.99.0_terser@5.46.1/node_modules/vite/dist/node/chunks/dep-BK3b2jBa.js:49067:17
packages/ui-svelte test:  ❯ loadAndTransform ../../node_modules/.pnpm/vite@5.4.21_@types+node@22.19.17_less@4.6.4_lightningcss@1.32.0_sass@1.99.0_terser@5.46.1/node_modules/vite/dist/node/chunks/dep-BK3b2jBa.js:51918:44
packages/ui-svelte test:  ❯ doTransform ../../node_modules/.pnpm/vite@5.4.21_@types+node@22.19.17_less@4.6.4_lightningcss@1.32.0_sass@1.99.0_terser@5.46.1/node_modules/vite/dist/node/chunks/dep-BK3b2jBa.js:51874:18
packages/ui-svelte test:  ❯ process.processTicksAndRejections node:internal/process/task_queues:103:5
packages/ui-svelte test:  ❯ ViteNodeServer._transformRequest ../../node_modules/.pnpm/vite-node@3.2.4_@types+node@22.19.17_less@4.6.4_lightningcss@1.32.0_sass@1.99.0_terser@5.46.1/node_modules/vite-node/dist/server.mjs:404:13
packages/ui-svelte test:  ❯ ViteNodeServer._fetchModule ../../node_modules/.pnpm/vite-node@3.2.4_@types+node@22.19.17_less@4.6.4_lightningcss@1.32.0_sass@1.99.0_terser@5.46.1/node_modules/vite-node/dist/server.mjs:366:14
packages/ui-svelte test:  ❯ Proxy.fetch ../../node_modules/.pnpm/vitest@3.2.4_@types+node@22.19.17_jsdom@26.1.0_less@4.6.4_lightningcss@1.32.0_sass@1.99.0_terser@5.46.1/node_modules/vitest/dist/chunks/coverage.DL5VHqXY.js:2462:19
packages/ui-svelte test:  ❯ EventEmitter.onMessage ../../node_modules/.pnpm/vitest@3.2.4_@types+node@22.19.17_jsdom@26.1.0_less@4.6.4_lightningcss@1.32.0_sass@1.99.0_terser@5.46.1/node_modules/vitest/dist/chunks/index.B521nVV-.js:103:20
packages/ui-svelte test: ⎯⎯⎯⎯⎯⎯ Unhandled Error ⎯⎯⎯⎯⎯⎯⎯
packages/ui-svelte test: TypeError: Cannot read properties of undefined (reading 'config')
packages/ui-svelte test:  ❯ LoadPluginContext.handler ../../node_modules/.pnpm/@sveltejs+vite-plugin-svelte@7.0.0_svelte@5.55.4_@typescript-eslint+types@8.58.2__vite@8.0.8__pvtmjisjugaiazrbts4oof567u/node_modules/@sveltejs/vite-plugin-svelte/src/plugins/load-custom.js:24:37
packages/ui-svelte test:  ❯ PluginContainer.load ../../node_modules/.pnpm/vite@5.4.21_@types+node@22.19.17_less@4.6.4_lightningcss@1.32.0_sass@1.99.0_terser@5.46.1/node_modules/vite/dist/node/chunks/dep-BK3b2jBa.js:49067:17
packages/ui-svelte test:  ❯ loadAndTransform ../../node_modules/.pnpm/vite@5.4.21_@types+node@22.19.17_less@4.6.4_lightningcss@1.32.0_sass@1.99.0_terser@5.46.1/node_modules/vite/dist/node/chunks/dep-BK3b2jBa.js:51918:44
packages/ui-svelte test:  ❯ doTransform ../../node_modules/.pnpm/vite@5.4.21_@types+node@22.19.17_less@4.6.4_lightningcss@1.32.0_sass@1.99.0_terser@5.46.1/node_modules/vite/dist/node/chunks/dep-BK3b2jBa.js:51874:18
packages/ui-svelte test:  ❯ process.processTicksAndRejections node:internal/process/task_queues:103:5
packages/ui-svelte test:  ❯ ViteNodeServer._transformRequest ../../node_modules/.pnpm/vite-node@3.2.4_@types+node@22.19.17_less@4.6.4_lightningcss@1.32.0_sass@1.99.0_terser@5.46.1/node_modules/vite-node/dist/server.mjs:404:13
packages/ui-svelte test:  ❯ ViteNodeServer._fetchModule ../../node_modules/.pnpm/vite-node@3.2.4_@types+node@22.19.17_less@4.6.4_lightningcss@1.32.0_sass@1.99.0_terser@5.46.1/node_modules/vite-node/dist/server.mjs:366:14
packages/ui-svelte test:  ❯ Proxy.fetch ../../node_modules/.pnpm/vitest@3.2.4_@types+node@22.19.17_jsdom@26.1.0_less@4.6.4_lightningcss@1.32.0_sass@1.99.0_terser@5.46.1/node_modules/vitest/dist/chunks/coverage.DL5VHqXY.js:2462:19
packages/ui-svelte test:  ❯ EventEmitter.onMessage ../../node_modules/.pnpm/vitest@3.2.4_@types+node@22.19.17_jsdom@26.1.0_less@4.6.4_lightningcss@1.32.0_sass@1.99.0_terser@5.46.1/node_modules/vitest/dist/chunks/index.B521nVV-.js:103:20
packages/ui-svelte test: ⎯⎯⎯⎯⎯⎯ Unhandled Error ⎯⎯⎯⎯⎯⎯⎯
packages/ui-svelte test: TypeError: Cannot read properties of undefined (reading 'config')
packages/ui-svelte test:  ❯ LoadPluginContext.handler ../../node_modules/.pnpm/@sveltejs+vite-plugin-svelte@7.0.0_svelte@5.55.4_@typescript-eslint+types@8.58.2__vite@8.0.8__pvtmjisjugaiazrbts4oof567u/node_modules/@sveltejs/vite-plugin-svelte/src/plugins/load-custom.js:24:37
packages/ui-svelte test:  ❯ PluginContainer.load ../../node_modules/.pnpm/vite@5.4.21_@types+node@22.19.17_less@4.6.4_lightningcss@1.32.0_sass@1.99.0_terser@5.46.1/node_modules/vite/dist/node/chunks/dep-BK3b2jBa.js:49067:17
packages/ui-svelte test:  ❯ loadAndTransform ../../node_modules/.pnpm/vite@5.4.21_@types+node@22.19.17_less@4.6.4_lightningcss@1.32.0_sass@1.99.0_terser@5.46.1/node_modules/vite/dist/node/chunks/dep-BK3b2jBa.js:51918:44
packages/ui-svelte test:  ❯ doTransform ../../node_modules/.pnpm/vite@5.4.21_@types+node@22.19.17_less@4.6.4_lightningcss@1.32.0_sass@1.99.0_terser@5.46.1/node_modules/vite/dist/node/chunks/dep-BK3b2jBa.js:51874:18
packages/ui-svelte test:  ❯ process.processTicksAndRejections node:internal/process/task_queues:103:5
packages/ui-svelte test:  ❯ ViteNodeServer._transformRequest ../../node_modules/.pnpm/vite-node@3.2.4_@types+node@22.19.17_less@4.6.4_lightningcss@1.32.0_sass@1.99.0_terser@5.46.1/node_modules/vite-node/dist/server.mjs:404:13
packages/ui-svelte test:  ❯ ViteNodeServer._fetchModule ../../node_modules/.pnpm/vite-node@3.2.4_@types+node@22.19.17_less@4.6.4_lightningcss@1.32.0_sass@1.99.0_terser@5.46.1/node_modules/vite-node/dist/server.mjs:366:14
packages/ui-svelte test:  ❯ Proxy.fetch ../../node_modules/.pnpm/vitest@3.2.4_@types+node@22.19.17_jsdom@26.1.0_less@4.6.4_lightningcss@1.32.0_sass@1.99.0_terser@5.46.1/node_modules/vitest/dist/chunks/coverage.DL5VHqXY.js:2462:19
packages/ui-svelte test:  ❯ EventEmitter.onMessage ../../node_modules/.pnpm/vitest@3.2.4_@types+node@22.19.17_jsdom@26.1.0_less@4.6.4_lightningcss@1.32.0_sass@1.99.0_terser@5.46.1/node_modules/vitest/dist/chunks/index.B521nVV-.js:103:20
packages/ui-svelte test: ⎯⎯⎯⎯⎯⎯ Unhandled Error ⎯⎯⎯⎯⎯⎯⎯
packages/ui-svelte test: TypeError: Cannot read properties of undefined (reading 'config')
packages/ui-svelte test:  ❯ LoadPluginContext.handler ../../node_modules/.pnpm/@sveltejs+vite-plugin-svelte@7.0.0_svelte@5.55.4_@typescript-eslint+types@8.58.2__vite@8.0.8__pvtmjisjugaiazrbts4oof567u/node_modules/@sveltejs/vite-plugin-svelte/src/plugins/load-custom.js:24:37
packages/ui-svelte test:  ❯ PluginContainer.load ../../node_modules/.pnpm/vite@5.4.21_@types+node@22.19.17_less@4.6.4_lightningcss@1.32.0_sass@1.99.0_terser@5.46.1/node_modules/vite/dist/node/chunks/dep-BK3b2jBa.js:49067:17
packages/ui-svelte test:  ❯ loadAndTransform ../../node_modules/.pnpm/vite@5.4.21_@types+node@22.19.17_less@4.6.4_lightningcss@1.32.0_sass@1.99.0_terser@5.46.1/node_modules/vite/dist/node/chunks/dep-BK3b2jBa.js:51918:44
packages/ui-svelte test:  ❯ doTransform ../../node_modules/.pnpm/vite@5.4.21_@types+node@22.19.17_less@4.6.4_lightningcss@1.32.0_sass@1.99.0_terser@5.46.1/node_modules/vite/dist/node/chunks/dep-BK3b2jBa.js:51874:18
packages/ui-svelte test:  ❯ process.processTicksAndRejections node:internal/process/task_queues:103:5
packages/ui-svelte test:  ❯ ViteNodeServer._transformRequest ../../node_modules/.pnpm/vite-node@3.2.4_@types+node@22.19.17_less@4.6.4_lightningcss@1.32.0_sass@1.99.0_terser@5.46.1/node_modules/vite-node/dist/server.mjs:404:13
packages/ui-svelte test:  ❯ ViteNodeServer._fetchModule ../../node_modules/.pnpm/vite-node@3.2.4_@types+node@22.19.17_less@4.6.4_lightningcss@1.32.0_sass@1.99.0_terser@5.46.1/node_modules/vite-node/dist/server.mjs:366:14
packages/ui-svelte test:  ❯ Proxy.fetch ../../node_modules/.pnpm/vitest@3.2.4_@types+node@22.19.17_jsdom@26.1.0_less@4.6.4_lightningcss@1.32.0_sass@1.99.0_terser@5.46.1/node_modules/vitest/dist/chunks/coverage.DL5VHqXY.js:2462:19
packages/ui-svelte test:  ❯ EventEmitter.onMessage ../../node_modules/.pnpm/vitest@3.2.4_@types+node@22.19.17_jsdom@26.1.0_less@4.6.4_lightningcss@1.32.0_sass@1.99.0_terser@5.46.1/node_modules/vitest/dist/chunks/index.B521nVV-.js:103:20
packages/ui-svelte test: ⎯⎯⎯⎯⎯⎯ Unhandled Error ⎯⎯⎯⎯⎯⎯⎯
packages/ui-svelte test: TypeError: Cannot read properties of undefined (reading 'config')
packages/ui-svelte test:  ❯ LoadPluginContext.handler ../../node_modules/.pnpm/@sveltejs+vite-plugin-svelte@7.0.0_svelte@5.55.4_@typescript-eslint+types@8.58.2__vite@8.0.8__pvtmjisjugaiazrbts4oof567u/node_modules/@sveltejs/vite-plugin-svelte/src/plugins/load-custom.js:24:37
packages/ui-svelte test:  ❯ PluginContainer.load ../../node_modules/.pnpm/vite@5.4.21_@types+node@22.19.17_less@4.6.4_lightningcss@1.32.0_sass@1.99.0_terser@5.46.1/node_modules/vite/dist/node/chunks/dep-BK3b2jBa.js:49067:17
packages/ui-svelte test:  ❯ loadAndTransform ../../node_modules/.pnpm/vite@5.4.21_@types+node@22.19.17_less@4.6.4_lightningcss@1.32.0_sass@1.99.0_terser@5.46.1/node_modules/vite/dist/node/chunks/dep-BK3b2jBa.js:51918:44
packages/ui-svelte test:  ❯ doTransform ../../node_modules/.pnpm/vite@5.4.21_@types+node@22.19.17_less@4.6.4_lightningcss@1.32.0_sass@1.99.0_terser@5.46.1/node_modules/vite/dist/node/chunks/dep-BK3b2jBa.js:51874:18
packages/ui-svelte test:  ❯ process.processTicksAndRejections node:internal/process/task_queues:103:5
packages/ui-svelte test:  ❯ ViteNodeServer._transformRequest ../../node_modules/.pnpm/vite-node@3.2.4_@types+node@22.19.17_less@4.6.4_lightningcss@1.32.0_sass@1.99.0_terser@5.46.1/node_modules/vite-node/dist/server.mjs:404:13
packages/ui-svelte test:  ❯ ViteNodeServer._fetchModule ../../node_modules/.pnpm/vite-node@3.2.4_@types+node@22.19.17_less@4.6.4_lightningcss@1.32.0_sass@1.99.0_terser@5.46.1/node_modules/vite-node/dist/server.mjs:366:14
packages/ui-svelte test:  ❯ Proxy.fetch ../../node_modules/.pnpm/vitest@3.2.4_@types+node@22.19.17_jsdom@26.1.0_less@4.6.4_lightningcss@1.32.0_sass@1.99.0_terser@5.46.1/node_modules/vitest/dist/chunks/coverage.DL5VHqXY.js:2462:19
packages/ui-svelte test:  ❯ EventEmitter.onMessage ../../node_modules/.pnpm/vitest@3.2.4_@types+node@22.19.17_jsdom@26.1.0_less@4.6.4_lightningcss@1.32.0_sass@1.99.0_terser@5.46.1/node_modules/vitest/dist/chunks/index.B521nVV-.js:103:20
packages/ui-svelte test: ⎯⎯⎯⎯⎯⎯ Unhandled Error ⎯⎯⎯⎯⎯⎯⎯
packages/ui-svelte test: TypeError: Cannot read properties of undefined (reading 'config')
packages/ui-svelte test:  ❯ LoadPluginContext.handler ../../node_modules/.pnpm/@sveltejs+vite-plugin-svelte@7.0.0_svelte@5.55.4_@typescript-eslint+types@8.58.2__vite@8.0.8__pvtmjisjugaiazrbts4oof567u/node_modules/@sveltejs/vite-plugin-svelte/src/plugins/load-custom.js:24:37
packages/ui-svelte test:  ❯ PluginContainer.load ../../node_modules/.pnpm/vite@5.4.21_@types+node@22.19.17_less@4.6.4_lightningcss@1.32.0_sass@1.99.0_terser@5.46.1/node_modules/vite/dist/node/chunks/dep-BK3b2jBa.js:49067:17
packages/ui-svelte test:  ❯ loadAndTransform ../../node_modules/.pnpm/vite@5.4.21_@types+node@22.19.17_less@4.6.4_lightningcss@1.32.0_sass@1.99.0_terser@5.46.1/node_modules/vite/dist/node/chunks/dep-BK3b2jBa.js:51918:44
packages/ui-svelte test:  ❯ doTransform ../../node_modules/.pnpm/vite@5.4.21_@types+node@22.19.17_less@4.6.4_lightningcss@1.32.0_sass@1.99.0_terser@5.46.1/node_modules/vite/dist/node/chunks/dep-BK3b2jBa.js:51874:18
packages/ui-svelte test:  ❯ process.processTicksAndRejections node:internal/process/task_queues:103:5
packages/ui-svelte test:  ❯ ViteNodeServer._transformRequest ../../node_modules/.pnpm/vite-node@3.2.4_@types+node@22.19.17_less@4.6.4_lightningcss@1.32.0_sass@1.99.0_terser@5.46.1/node_modules/vite-node/dist/server.mjs:404:13
packages/ui-svelte test:  ❯ ViteNodeServer._fetchModule ../../node_modules/.pnpm/vite-node@3.2.4_@types+node@22.19.17_less@4.6.4_lightningcss@1.32.0_sass@1.99.0_terser@5.46.1/node_modules/vite-node/dist/server.mjs:366:14
packages/ui-svelte test:  ❯ Proxy.fetch ../../node_modules/.pnpm/vitest@3.2.4_@types+node@22.19.17_jsdom@26.1.0_less@4.6.4_lightningcss@1.32.0_sass@1.99.0_terser@5.46.1/node_modules/vitest/dist/chunks/coverage.DL5VHqXY.js:2462:19
packages/ui-svelte test:  ❯ EventEmitter.onMessage ../../node_modules/.pnpm/vitest@3.2.4_@types+node@22.19.17_jsdom@26.1.0_less@4.6.4_lightningcss@1.32.0_sass@1.99.0_terser@5.46.1/node_modules/vitest/dist/chunks/index.B521nVV-.js:103:20
packages/ui-svelte test: ⎯⎯⎯⎯⎯⎯ Unhandled Error ⎯⎯⎯⎯⎯⎯⎯
packages/ui-svelte test: TypeError: Cannot read properties of undefined (reading 'config')
packages/ui-svelte test:  ❯ LoadPluginContext.handler ../../node_modules/.pnpm/@sveltejs+vite-plugin-svelte@7.0.0_svelte@5.55.4_@typescript-eslint+types@8.58.2__vite@8.0.8__pvtmjisjugaiazrbts4oof567u/node_modules/@sveltejs/vite-plugin-svelte/src/plugins/load-custom.js:24:37
packages/ui-svelte test:  ❯ PluginContainer.load ../../node_modules/.pnpm/vite@5.4.21_@types+node@22.19.17_less@4.6.4_lightningcss@1.32.0_sass@1.99.0_terser@5.46.1/node_modules/vite/dist/node/chunks/dep-BK3b2jBa.js:49067:17
packages/ui-svelte test:  ❯ loadAndTransform ../../node_modules/.pnpm/vite@5.4.21_@types+node@22.19.17_less@4.6.4_lightningcss@1.32.0_sass@1.99.0_terser@5.46.1/node_modules/vite/dist/node/chunks/dep-BK3b2jBa.js:51918:44
packages/ui-svelte test:  ❯ doTransform ../../node_modules/.pnpm/vite@5.4.21_@types+node@22.19.17_less@4.6.4_lightningcss@1.32.0_sass@1.99.0_terser@5.46.1/node_modules/vite/dist/node/chunks/dep-BK3b2jBa.js:51874:18
packages/ui-svelte test:  ❯ process.processTicksAndRejections node:internal/process/task_queues:103:5
packages/ui-svelte test:  ❯ ViteNodeServer._transformRequest ../../node_modules/.pnpm/vite-node@3.2.4_@types+node@22.19.17_less@4.6.4_lightningcss@1.32.0_sass@1.99.0_terser@5.46.1/node_modules/vite-node/dist/server.mjs:404:13
packages/ui-svelte test:  ❯ ViteNodeServer._fetchModule ../../node_modules/.pnpm/vite-node@3.2.4_@types+node@22.19.17_less@4.6.4_lightningcss@1.32.0_sass@1.99.0_terser@5.46.1/node_modules/vite-node/dist/server.mjs:366:14
packages/ui-svelte test:  ❯ Proxy.fetch ../../node_modules/.pnpm/vitest@3.2.4_@types+node@22.19.17_jsdom@26.1.0_less@4.6.4_lightningcss@1.32.0_sass@1.99.0_terser@5.46.1/node_modules/vitest/dist/chunks/coverage.DL5VHqXY.js:2462:19
packages/ui-svelte test:  ❯ EventEmitter.onMessage ../../node_modules/.pnpm/vitest@3.2.4_@types+node@22.19.17_jsdom@26.1.0_less@4.6.4_lightningcss@1.32.0_sass@1.99.0_terser@5.46.1/node_modules/vitest/dist/chunks/index.B521nVV-.js:103:20
packages/ui-svelte test: ⎯⎯⎯⎯⎯⎯ Unhandled Error ⎯⎯⎯⎯⎯⎯⎯
packages/ui-svelte test: TypeError: Cannot read properties of undefined (reading 'config')
packages/ui-svelte test:  ❯ LoadPluginContext.handler ../../node_modules/.pnpm/@sveltejs+vite-plugin-svelte@7.0.0_svelte@5.55.4_@typescript-eslint+types@8.58.2__vite@8.0.8__pvtmjisjugaiazrbts4oof567u/node_modules/@sveltejs/vite-plugin-svelte/src/plugins/load-custom.js:24:37
packages/ui-svelte test:  ❯ PluginContainer.load ../../node_modules/.pnpm/vite@5.4.21_@types+node@22.19.17_less@4.6.4_lightningcss@1.32.0_sass@1.99.0_terser@5.46.1/node_modules/vite/dist/node/chunks/dep-BK3b2jBa.js:49067:17
packages/ui-svelte test:  ❯ loadAndTransform ../../node_modules/.pnpm/vite@5.4.21_@types+node@22.19.17_less@4.6.4_lightningcss@1.32.0_sass@1.99.0_terser@5.46.1/node_modules/vite/dist/node/chunks/dep-BK3b2jBa.js:51918:44
packages/ui-svelte test:  ❯ doTransform ../../node_modules/.pnpm/vite@5.4.21_@types+node@22.19.17_less@4.6.4_lightningcss@1.32.0_sass@1.99.0_terser@5.46.1/node_modules/vite/dist/node/chunks/dep-BK3b2jBa.js:51874:18
packages/ui-svelte test:  ❯ process.processTicksAndRejections node:internal/process/task_queues:103:5
packages/ui-svelte test:  ❯ ViteNodeServer._transformRequest ../../node_modules/.pnpm/vite-node@3.2.4_@types+node@22.19.17_less@4.6.4_lightningcss@1.32.0_sass@1.99.0_terser@5.46.1/node_modules/vite-node/dist/server.mjs:404:13
packages/ui-svelte test:  ❯ ViteNodeServer._fetchModule ../../node_modules/.pnpm/vite-node@3.2.4_@types+node@22.19.17_less@4.6.4_lightningcss@1.32.0_sass@1.99.0_terser@5.46.1/node_modules/vite-node/dist/server.mjs:366:14
packages/ui-svelte test:  ❯ Proxy.fetch ../../node_modules/.pnpm/vitest@3.2.4_@types+node@22.19.17_jsdom@26.1.0_less@4.6.4_lightningcss@1.32.0_sass@1.99.0_terser@5.46.1/node_modules/vitest/dist/chunks/coverage.DL5VHqXY.js:2462:19
packages/ui-svelte test:  ❯ EventEmitter.onMessage ../../node_modules/.pnpm/vitest@3.2.4_@types+node@22.19.17_jsdom@26.1.0_less@4.6.4_lightningcss@1.32.0_sass@1.99.0_terser@5.46.1/node_modules/vitest/dist/chunks/index.B521nVV-.js:103:20
packages/ui-svelte test: ⎯⎯⎯⎯⎯⎯ Unhandled Error ⎯⎯⎯⎯⎯⎯⎯
packages/ui-svelte test: TypeError: Cannot read properties of undefined (reading 'config')
packages/ui-svelte test:  ❯ LoadPluginContext.handler ../../node_modules/.pnpm/@sveltejs+vite-plugin-svelte@7.0.0_svelte@5.55.4_@typescript-eslint+types@8.58.2__vite@8.0.8__pvtmjisjugaiazrbts4oof567u/node_modules/@sveltejs/vite-plugin-svelte/src/plugins/load-custom.js:24:37
packages/ui-svelte test:  ❯ PluginContainer.load ../../node_modules/.pnpm/vite@5.4.21_@types+node@22.19.17_less@4.6.4_lightningcss@1.32.0_sass@1.99.0_terser@5.46.1/node_modules/vite/dist/node/chunks/dep-BK3b2jBa.js:49067:17
packages/ui-svelte test:  ❯ loadAndTransform ../../node_modules/.pnpm/vite@5.4.21_@types+node@22.19.17_less@4.6.4_lightningcss@1.32.0_sass@1.99.0_terser@5.46.1/node_modules/vite/dist/node/chunks/dep-BK3b2jBa.js:51918:44
packages/ui-svelte test:  ❯ doTransform ../../node_modules/.pnpm/vite@5.4.21_@types+node@22.19.17_less@4.6.4_lightningcss@1.32.0_sass@1.99.0_terser@5.46.1/node_modules/vite/dist/node/chunks/dep-BK3b2jBa.js:51874:18
packages/ui-svelte test:  ❯ process.processTicksAndRejections node:internal/process/task_queues:103:5
packages/ui-svelte test:  ❯ ViteNodeServer._transformRequest ../../node_modules/.pnpm/vite-node@3.2.4_@types+node@22.19.17_less@4.6.4_lightningcss@1.32.0_sass@1.99.0_terser@5.46.1/node_modules/vite-node/dist/server.mjs:404:13
packages/ui-svelte test:  ❯ ViteNodeServer._fetchModule ../../node_modules/.pnpm/vite-node@3.2.4_@types+node@22.19.17_less@4.6.4_lightningcss@1.32.0_sass@1.99.0_terser@5.46.1/node_modules/vite-node/dist/server.mjs:366:14
packages/ui-svelte test:  ❯ Proxy.fetch ../../node_modules/.pnpm/vitest@3.2.4_@types+node@22.19.17_jsdom@26.1.0_less@4.6.4_lightningcss@1.32.0_sass@1.99.0_terser@5.46.1/node_modules/vitest/dist/chunks/coverage.DL5VHqXY.js:2462:19
packages/ui-svelte test:  ❯ EventEmitter.onMessage ../../node_modules/.pnpm/vitest@3.2.4_@types+node@22.19.17_jsdom@26.1.0_less@4.6.4_lightningcss@1.32.0_sass@1.99.0_terser@5.46.1/node_modules/vitest/dist/chunks/index.B521nVV-.js:103:20
packages/ui-svelte test: ⎯⎯⎯⎯⎯⎯ Unhandled Error ⎯⎯⎯⎯⎯⎯⎯
packages/ui-svelte test: TypeError: Cannot read properties of undefined (reading 'config')
packages/ui-svelte test:  ❯ LoadPluginContext.handler ../../node_modules/.pnpm/@sveltejs+vite-plugin-svelte@7.0.0_svelte@5.55.4_@typescript-eslint+types@8.58.2__vite@8.0.8__pvtmjisjugaiazrbts4oof567u/node_modules/@sveltejs/vite-plugin-svelte/src/plugins/load-custom.js:24:37
packages/ui-svelte test:  ❯ PluginContainer.load ../../node_modules/.pnpm/vite@5.4.21_@types+node@22.19.17_less@4.6.4_lightningcss@1.32.0_sass@1.99.0_terser@5.46.1/node_modules/vite/dist/node/chunks/dep-BK3b2jBa.js:49067:17
packages/ui-svelte test:  ❯ loadAndTransform ../../node_modules/.pnpm/vite@5.4.21_@types+node@22.19.17_less@4.6.4_lightningcss@1.32.0_sass@1.99.0_terser@5.46.1/node_modules/vite/dist/node/chunks/dep-BK3b2jBa.js:51918:44
packages/ui-svelte test:  ❯ doTransform ../../node_modules/.pnpm/vite@5.4.21_@types+node@22.19.17_less@4.6.4_lightningcss@1.32.0_sass@1.99.0_terser@5.46.1/node_modules/vite/dist/node/chunks/dep-BK3b2jBa.js:51874:18
packages/ui-svelte test:  ❯ process.processTicksAndRejections node:internal/process/task_queues:103:5
packages/ui-svelte test:  ❯ ViteNodeServer._transformRequest ../../node_modules/.pnpm/vite-node@3.2.4_@types+node@22.19.17_less@4.6.4_lightningcss@1.32.0_sass@1.99.0_terser@5.46.1/node_modules/vite-node/dist/server.mjs:404:13
packages/ui-svelte test:  ❯ ViteNodeServer._fetchModule ../../node_modules/.pnpm/vite-node@3.2.4_@types+node@22.19.17_less@4.6.4_lightningcss@1.32.0_sass@1.99.0_terser@5.46.1/node_modules/vite-node/dist/server.mjs:366:14
packages/ui-svelte test:  ❯ Proxy.fetch ../../node_modules/.pnpm/vitest@3.2.4_@types+node@22.19.17_jsdom@26.1.0_less@4.6.4_lightningcss@1.32.0_sass@1.99.0_terser@5.46.1/node_modules/vitest/dist/chunks/coverage.DL5VHqXY.js:2462:19
packages/ui-svelte test:  ❯ EventEmitter.onMessage ../../node_modules/.pnpm/vitest@3.2.4_@types+node@22.19.17_jsdom@26.1.0_less@4.6.4_lightningcss@1.32.0_sass@1.99.0_terser@5.46.1/node_modules/vitest/dist/chunks/index.B521nVV-.js:103:20
packages/ui-svelte test: ⎯⎯⎯⎯⎯⎯ Unhandled Error ⎯⎯⎯⎯⎯⎯⎯
packages/ui-svelte test: TypeError: Cannot read properties of undefined (reading 'config')
packages/ui-svelte test:  ❯ LoadPluginContext.handler ../../node_modules/.pnpm/@sveltejs+vite-plugin-svelte@7.0.0_svelte@5.55.4_@typescript-eslint+types@8.58.2__vite@8.0.8__pvtmjisjugaiazrbts4oof567u/node_modules/@sveltejs/vite-plugin-svelte/src/plugins/load-custom.js:24:37
packages/ui-svelte test:  ❯ PluginContainer.load ../../node_modules/.pnpm/vite@5.4.21_@types+node@22.19.17_less@4.6.4_lightningcss@1.32.0_sass@1.99.0_terser@5.46.1/node_modules/vite/dist/node/chunks/dep-BK3b2jBa.js:49067:17
packages/ui-svelte test:  ❯ loadAndTransform ../../node_modules/.pnpm/vite@5.4.21_@types+node@22.19.17_less@4.6.4_lightningcss@1.32.0_sass@1.99.0_terser@5.46.1/node_modules/vite/dist/node/chunks/dep-BK3b2jBa.js:51918:44
packages/ui-svelte test:  ❯ doTransform ../../node_modules/.pnpm/vite@5.4.21_@types+node@22.19.17_less@4.6.4_lightningcss@1.32.0_sass@1.99.0_terser@5.46.1/node_modules/vite/dist/node/chunks/dep-BK3b2jBa.js:51874:18
packages/ui-svelte test:  ❯ process.processTicksAndRejections node:internal/process/task_queues:103:5
packages/ui-svelte test:  ❯ ViteNodeServer._transformRequest ../../node_modules/.pnpm/vite-node@3.2.4_@types+node@22.19.17_less@4.6.4_lightningcss@1.32.0_sass@1.99.0_terser@5.46.1/node_modules/vite-node/dist/server.mjs:404:13
packages/ui-svelte test:  ❯ ViteNodeServer._fetchModule ../../node_modules/.pnpm/vite-node@3.2.4_@types+node@22.19.17_less@4.6.4_lightningcss@1.32.0_sass@1.99.0_terser@5.46.1/node_modules/vite-node/dist/server.mjs:366:14
packages/ui-svelte test:  ❯ Proxy.fetch ../../node_modules/.pnpm/vitest@3.2.4_@types+node@22.19.17_jsdom@26.1.0_less@4.6.4_lightningcss@1.32.0_sass@1.99.0_terser@5.46.1/node_modules/vitest/dist/chunks/coverage.DL5VHqXY.js:2462:19
packages/ui-svelte test:  ❯ EventEmitter.onMessage ../../node_modules/.pnpm/vitest@3.2.4_@types+node@22.19.17_jsdom@26.1.0_less@4.6.4_lightningcss@1.32.0_sass@1.99.0_terser@5.46.1/node_modules/vitest/dist/chunks/index.B521nVV-.js:103:20
packages/ui-svelte test: ⎯⎯⎯⎯⎯⎯ Unhandled Error ⎯⎯⎯⎯⎯⎯⎯
packages/ui-svelte test: TypeError: Cannot read properties of undefined (reading 'config')
packages/ui-svelte test:  ❯ LoadPluginContext.handler ../../node_modules/.pnpm/@sveltejs+vite-plugin-svelte@7.0.0_svelte@5.55.4_@typescript-eslint+types@8.58.2__vite@8.0.8__pvtmjisjugaiazrbts4oof567u/node_modules/@sveltejs/vite-plugin-svelte/src/plugins/load-custom.js:24:37
packages/ui-svelte test:  ❯ PluginContainer.load ../../node_modules/.pnpm/vite@5.4.21_@types+node@22.19.17_less@4.6.4_lightningcss@1.32.0_sass@1.99.0_terser@5.46.1/node_modules/vite/dist/node/chunks/dep-BK3b2jBa.js:49067:17
packages/ui-svelte test:  ❯ loadAndTransform ../../node_modules/.pnpm/vite@5.4.21_@types+node@22.19.17_less@4.6.4_lightningcss@1.32.0_sass@1.99.0_terser@5.46.1/node_modules/vite/dist/node/chunks/dep-BK3b2jBa.js:51918:44
packages/ui-svelte test:  ❯ doTransform ../../node_modules/.pnpm/vite@5.4.21_@types+node@22.19.17_less@4.6.4_lightningcss@1.32.0_sass@1.99.0_terser@5.46.1/node_modules/vite/dist/node/chunks/dep-BK3b2jBa.js:51874:18
packages/ui-svelte test:  ❯ process.processTicksAndRejections node:internal/process/task_queues:103:5
packages/ui-svelte test:  ❯ ViteNodeServer._transformRequest ../../node_modules/.pnpm/vite-node@3.2.4_@types+node@22.19.17_less@4.6.4_lightningcss@1.32.0_sass@1.99.0_terser@5.46.1/node_modules/vite-node/dist/server.mjs:404:13
packages/ui-svelte test:  ❯ ViteNodeServer._fetchModule ../../node_modules/.pnpm/vite-node@3.2.4_@types+node@22.19.17_less@4.6.4_lightningcss@1.32.0_sass@1.99.0_terser@5.46.1/node_modules/vite-node/dist/server.mjs:366:14
packages/ui-svelte test:  ❯ Proxy.fetch ../../node_modules/.pnpm/vitest@3.2.4_@types+node@22.19.17_jsdom@26.1.0_less@4.6.4_lightningcss@1.32.0_sass@1.99.0_terser@5.46.1/node_modules/vitest/dist/chunks/coverage.DL5VHqXY.js:2462:19
packages/ui-svelte test:  ❯ EventEmitter.onMessage ../../node_modules/.pnpm/vitest@3.2.4_@types+node@22.19.17_jsdom@26.1.0_less@4.6.4_lightningcss@1.32.0_sass@1.99.0_terser@5.46.1/node_modules/vitest/dist/chunks/index.B521nVV-.js:103:20
packages/ui-svelte test: ⎯⎯⎯⎯⎯⎯ Unhandled Error ⎯⎯⎯⎯⎯⎯⎯
packages/ui-svelte test: TypeError: Cannot read properties of undefined (reading 'config')
packages/ui-svelte test:  ❯ LoadPluginContext.handler ../../node_modules/.pnpm/@sveltejs+vite-plugin-svelte@7.0.0_svelte@5.55.4_@typescript-eslint+types@8.58.2__vite@8.0.8__pvtmjisjugaiazrbts4oof567u/node_modules/@sveltejs/vite-plugin-svelte/src/plugins/load-custom.js:24:37
packages/ui-svelte test:  ❯ PluginContainer.load ../../node_modules/.pnpm/vite@5.4.21_@types+node@22.19.17_less@4.6.4_lightningcss@1.32.0_sass@1.99.0_terser@5.46.1/node_modules/vite/dist/node/chunks/dep-BK3b2jBa.js:49067:17
packages/ui-svelte test:  ❯ loadAndTransform ../../node_modules/.pnpm/vite@5.4.21_@types+node@22.19.17_less@4.6.4_lightningcss@1.32.0_sass@1.99.0_terser@5.46.1/node_modules/vite/dist/node/chunks/dep-BK3b2jBa.js:51918:44
packages/ui-svelte test:  ❯ doTransform ../../node_modules/.pnpm/vite@5.4.21_@types+node@22.19.17_less@4.6.4_lightningcss@1.32.0_sass@1.99.0_terser@5.46.1/node_modules/vite/dist/node/chunks/dep-BK3b2jBa.js:51874:18
packages/ui-svelte test:  ❯ process.processTicksAndRejections node:internal/process/task_queues:103:5
packages/ui-svelte test:  ❯ ViteNodeServer._transformRequest ../../node_modules/.pnpm/vite-node@3.2.4_@types+node@22.19.17_less@4.6.4_lightningcss@1.32.0_sass@1.99.0_terser@5.46.1/node_modules/vite-node/dist/server.mjs:404:13
packages/ui-svelte test:  ❯ ViteNodeServer._fetchModule ../../node_modules/.pnpm/vite-node@3.2.4_@types+node@22.19.17_less@4.6.4_lightningcss@1.32.0_sass@1.99.0_terser@5.46.1/node_modules/vite-node/dist/server.mjs:366:14
packages/ui-svelte test:  ❯ Proxy.fetch ../../node_modules/.pnpm/vitest@3.2.4_@types+node@22.19.17_jsdom@26.1.0_less@4.6.4_lightningcss@1.32.0_sass@1.99.0_terser@5.46.1/node_modules/vitest/dist/chunks/coverage.DL5VHqXY.js:2462:19
packages/ui-svelte test:  ❯ EventEmitter.onMessage ../../node_modules/.pnpm/vitest@3.2.4_@types+node@22.19.17_jsdom@26.1.0_less@4.6.4_lightningcss@1.32.0_sass@1.99.0_terser@5.46.1/node_modules/vitest/dist/chunks/index.B521nVV-.js:103:20
packages/ui-svelte test: ⎯⎯⎯⎯⎯⎯ Unhandled Error ⎯⎯⎯⎯⎯⎯⎯
packages/ui-svelte test: TypeError: Cannot read properties of undefined (reading 'config')
packages/ui-svelte test:  ❯ LoadPluginContext.handler ../../node_modules/.pnpm/@sveltejs+vite-plugin-svelte@7.0.0_svelte@5.55.4_@typescript-eslint+types@8.58.2__vite@8.0.8__pvtmjisjugaiazrbts4oof567u/node_modules/@sveltejs/vite-plugin-svelte/src/plugins/load-custom.js:24:37
packages/ui-svelte test:  ❯ PluginContainer.load ../../node_modules/.pnpm/vite@5.4.21_@types+node@22.19.17_less@4.6.4_lightningcss@1.32.0_sass@1.99.0_terser@5.46.1/node_modules/vite/dist/node/chunks/dep-BK3b2jBa.js:49067:17
packages/ui-svelte test:  ❯ loadAndTransform ../../node_modules/.pnpm/vite@5.4.21_@types+node@22.19.17_less@4.6.4_lightningcss@1.32.0_sass@1.99.0_terser@5.46.1/node_modules/vite/dist/node/chunks/dep-BK3b2jBa.js:51918:44
packages/ui-svelte test:  ❯ doTransform ../../node_modules/.pnpm/vite@5.4.21_@types+node@22.19.17_less@4.6.4_lightningcss@1.32.0_sass@1.99.0_terser@5.46.1/node_modules/vite/dist/node/chunks/dep-BK3b2jBa.js:51874:18
packages/ui-svelte test:  ❯ process.processTicksAndRejections node:internal/process/task_queues:103:5
packages/ui-svelte test:  ❯ ViteNodeServer._transformRequest ../../node_modules/.pnpm/vite-node@3.2.4_@types+node@22.19.17_less@4.6.4_lightningcss@1.32.0_sass@1.99.0_terser@5.46.1/node_modules/vite-node/dist/server.mjs:404:13
packages/ui-svelte test:  ❯ ViteNodeServer._fetchModule ../../node_modules/.pnpm/vite-node@3.2.4_@types+node@22.19.17_less@4.6.4_lightningcss@1.32.0_sass@1.99.0_terser@5.46.1/node_modules/vite-node/dist/server.mjs:366:14
packages/ui-svelte test:  ❯ Proxy.fetch ../../node_modules/.pnpm/vitest@3.2.4_@types+node@22.19.17_jsdom@26.1.0_less@4.6.4_lightningcss@1.32.0_sass@1.99.0_terser@5.46.1/node_modules/vitest/dist/chunks/coverage.DL5VHqXY.js:2462:19
packages/ui-svelte test:  ❯ EventEmitter.onMessage ../../node_modules/.pnpm/vitest@3.2.4_@types+node@22.19.17_jsdom@26.1.0_less@4.6.4_lightningcss@1.32.0_sass@1.99.0_terser@5.46.1/node_modules/vitest/dist/chunks/index.B521nVV-.js:103:20
packages/ui-svelte test: ⎯⎯⎯⎯⎯⎯ Unhandled Error ⎯⎯⎯⎯⎯⎯⎯
packages/ui-svelte test: TypeError: Cannot read properties of undefined (reading 'config')
packages/ui-svelte test:  ❯ LoadPluginContext.handler ../../node_modules/.pnpm/@sveltejs+vite-plugin-svelte@7.0.0_svelte@5.55.4_@typescript-eslint+types@8.58.2__vite@8.0.8__pvtmjisjugaiazrbts4oof567u/node_modules/@sveltejs/vite-plugin-svelte/src/plugins/load-custom.js:24:37
packages/ui-svelte test:  ❯ PluginContainer.load ../../node_modules/.pnpm/vite@5.4.21_@types+node@22.19.17_less@4.6.4_lightningcss@1.32.0_sass@1.99.0_terser@5.46.1/node_modules/vite/dist/node/chunks/dep-BK3b2jBa.js:49067:17
packages/ui-svelte test:  ❯ loadAndTransform ../../node_modules/.pnpm/vite@5.4.21_@types+node@22.19.17_less@4.6.4_lightningcss@1.32.0_sass@1.99.0_terser@5.46.1/node_modules/vite/dist/node/chunks/dep-BK3b2jBa.js:51918:44
packages/ui-svelte test:  ❯ doTransform ../../node_modules/.pnpm/vite@5.4.21_@types+node@22.19.17_less@4.6.4_lightningcss@1.32.0_sass@1.99.0_terser@5.46.1/node_modules/vite/dist/node/chunks/dep-BK3b2jBa.js:51874:18
packages/ui-svelte test:  ❯ process.processTicksAndRejections node:internal/process/task_queues:103:5
packages/ui-svelte test:  ❯ ViteNodeServer._transformRequest ../../node_modules/.pnpm/vite-node@3.2.4_@types+node@22.19.17_less@4.6.4_lightningcss@1.32.0_sass@1.99.0_terser@5.46.1/node_modules/vite-node/dist/server.mjs:404:13
packages/ui-svelte test:  ❯ ViteNodeServer._fetchModule ../../node_modules/.pnpm/vite-node@3.2.4_@types+node@22.19.17_less@4.6.4_lightningcss@1.32.0_sass@1.99.0_terser@5.46.1/node_modules/vite-node/dist/server.mjs:366:14
packages/ui-svelte test:  ❯ Proxy.fetch ../../node_modules/.pnpm/vitest@3.2.4_@types+node@22.19.17_jsdom@26.1.0_less@4.6.4_lightningcss@1.32.0_sass@1.99.0_terser@5.46.1/node_modules/vitest/dist/chunks/coverage.DL5VHqXY.js:2462:19
packages/ui-svelte test:  ❯ EventEmitter.onMessage ../../node_modules/.pnpm/vitest@3.2.4_@types+node@22.19.17_jsdom@26.1.0_less@4.6.4_lightningcss@1.32.0_sass@1.99.0_terser@5.46.1/node_modules/vitest/dist/chunks/index.B521nVV-.js:103:20
packages/ui-svelte test: ⎯⎯⎯⎯⎯⎯ Unhandled Error ⎯⎯⎯⎯⎯⎯⎯
packages/ui-svelte test: TypeError: Cannot read properties of undefined (reading 'config')
packages/ui-svelte test:  ❯ LoadPluginContext.handler ../../node_modules/.pnpm/@sveltejs+vite-plugin-svelte@7.0.0_svelte@5.55.4_@typescript-eslint+types@8.58.2__vite@8.0.8__pvtmjisjugaiazrbts4oof567u/node_modules/@sveltejs/vite-plugin-svelte/src/plugins/load-custom.js:24:37
packages/ui-svelte test:  ❯ PluginContainer.load ../../node_modules/.pnpm/vite@5.4.21_@types+node@22.19.17_less@4.6.4_lightningcss@1.32.0_sass@1.99.0_terser@5.46.1/node_modules/vite/dist/node/chunks/dep-BK3b2jBa.js:49067:17
packages/ui-svelte test:  ❯ loadAndTransform ../../node_modules/.pnpm/vite@5.4.21_@types+node@22.19.17_less@4.6.4_lightningcss@1.32.0_sass@1.99.0_terser@5.46.1/node_modules/vite/dist/node/chunks/dep-BK3b2jBa.js:51918:44
packages/ui-svelte test:  ❯ doTransform ../../node_modules/.pnpm/vite@5.4.21_@types+node@22.19.17_less@4.6.4_lightningcss@1.32.0_sass@1.99.0_terser@5.46.1/node_modules/vite/dist/node/chunks/dep-BK3b2jBa.js:51874:18
packages/ui-svelte test:  ❯ process.processTicksAndRejections node:internal/process/task_queues:103:5
packages/ui-svelte test:  ❯ ViteNodeServer._transformRequest ../../node_modules/.pnpm/vite-node@3.2.4_@types+node@22.19.17_less@4.6.4_lightningcss@1.32.0_sass@1.99.0_terser@5.46.1/node_modules/vite-node/dist/server.mjs:404:13
packages/ui-svelte test:  ❯ ViteNodeServer._fetchModule ../../node_modules/.pnpm/vite-node@3.2.4_@types+node@22.19.17_less@4.6.4_lightningcss@1.32.0_sass@1.99.0_terser@5.46.1/node_modules/vite-node/dist/server.mjs:366:14
packages/ui-svelte test:  ❯ Proxy.fetch ../../node_modules/.pnpm/vitest@3.2.4_@types+node@22.19.17_jsdom@26.1.0_less@4.6.4_lightningcss@1.32.0_sass@1.99.0_terser@5.46.1/node_modules/vitest/dist/chunks/coverage.DL5VHqXY.js:2462:19
packages/ui-svelte test:  ❯ EventEmitter.onMessage ../../node_modules/.pnpm/vitest@3.2.4_@types+node@22.19.17_jsdom@26.1.0_less@4.6.4_lightningcss@1.32.0_sass@1.99.0_terser@5.46.1/node_modules/vitest/dist/chunks/index.B521nVV-.js:103:20
packages/ui-svelte test: ⎯⎯⎯⎯⎯⎯ Unhandled Error ⎯⎯⎯⎯⎯⎯⎯
packages/ui-svelte test: TypeError: Cannot read properties of undefined (reading 'config')
packages/ui-svelte test:  ❯ LoadPluginContext.handler ../../node_modules/.pnpm/@sveltejs+vite-plugin-svelte@7.0.0_svelte@5.55.4_@typescript-eslint+types@8.58.2__vite@8.0.8__pvtmjisjugaiazrbts4oof567u/node_modules/@sveltejs/vite-plugin-svelte/src/plugins/load-custom.js:24:37
packages/ui-svelte test:  ❯ PluginContainer.load ../../node_modules/.pnpm/vite@5.4.21_@types+node@22.19.17_less@4.6.4_lightningcss@1.32.0_sass@1.99.0_terser@5.46.1/node_modules/vite/dist/node/chunks/dep-BK3b2jBa.js:49067:17
packages/ui-svelte test:  ❯ loadAndTransform ../../node_modules/.pnpm/vite@5.4.21_@types+node@22.19.17_less@4.6.4_lightningcss@1.32.0_sass@1.99.0_terser@5.46.1/node_modules/vite/dist/node/chunks/dep-BK3b2jBa.js:51918:44
packages/ui-svelte test:  ❯ doTransform ../../node_modules/.pnpm/vite@5.4.21_@types+node@22.19.17_less@4.6.4_lightningcss@1.32.0_sass@1.99.0_terser@5.46.1/node_modules/vite/dist/node/chunks/dep-BK3b2jBa.js:51874:18
packages/ui-svelte test:  ❯ process.processTicksAndRejections node:internal/process/task_queues:103:5
packages/ui-svelte test:  ❯ ViteNodeServer._transformRequest ../../node_modules/.pnpm/vite-node@3.2.4_@types+node@22.19.17_less@4.6.4_lightningcss@1.32.0_sass@1.99.0_terser@5.46.1/node_modules/vite-node/dist/server.mjs:404:13
packages/ui-svelte test:  ❯ ViteNodeServer._fetchModule ../../node_modules/.pnpm/vite-node@3.2.4_@types+node@22.19.17_less@4.6.4_lightningcss@1.32.0_sass@1.99.0_terser@5.46.1/node_modules/vite-node/dist/server.mjs:366:14
packages/ui-svelte test:  ❯ Proxy.fetch ../../node_modules/.pnpm/vitest@3.2.4_@types+node@22.19.17_jsdom@26.1.0_less@4.6.4_lightningcss@1.32.0_sass@1.99.0_terser@5.46.1/node_modules/vitest/dist/chunks/coverage.DL5VHqXY.js:2462:19
packages/ui-svelte test:  ❯ EventEmitter.onMessage ../../node_modules/.pnpm/vitest@3.2.4_@types+node@22.19.17_jsdom@26.1.0_less@4.6.4_lightningcss@1.32.0_sass@1.99.0_terser@5.46.1/node_modules/vitest/dist/chunks/index.B521nVV-.js:103:20
packages/ui-svelte test: ⎯⎯⎯⎯⎯⎯ Unhandled Error ⎯⎯⎯⎯⎯⎯⎯
packages/ui-svelte test: TypeError: Cannot read properties of undefined (reading 'config')
packages/ui-svelte test:  ❯ LoadPluginContext.handler ../../node_modules/.pnpm/@sveltejs+vite-plugin-svelte@7.0.0_svelte@5.55.4_@typescript-eslint+types@8.58.2__vite@8.0.8__pvtmjisjugaiazrbts4oof567u/node_modules/@sveltejs/vite-plugin-svelte/src/plugins/load-custom.js:24:37
packages/ui-svelte test:  ❯ PluginContainer.load ../../node_modules/.pnpm/vite@5.4.21_@types+node@22.19.17_less@4.6.4_lightningcss@1.32.0_sass@1.99.0_terser@5.46.1/node_modules/vite/dist/node/chunks/dep-BK3b2jBa.js:49067:17
packages/ui-svelte test:  ❯ loadAndTransform ../../node_modules/.pnpm/vite@5.4.21_@types+node@22.19.17_less@4.6.4_lightningcss@1.32.0_sass@1.99.0_terser@5.46.1/node_modules/vite/dist/node/chunks/dep-BK3b2jBa.js:51918:44
packages/ui-svelte test:  ❯ doTransform ../../node_modules/.pnpm/vite@5.4.21_@types+node@22.19.17_less@4.6.4_lightningcss@1.32.0_sass@1.99.0_terser@5.46.1/node_modules/vite/dist/node/chunks/dep-BK3b2jBa.js:51874:18
packages/ui-svelte test:  ❯ process.processTicksAndRejections node:internal/process/task_queues:103:5
packages/ui-svelte test:  ❯ ViteNodeServer._transformRequest ../../node_modules/.pnpm/vite-node@3.2.4_@types+node@22.19.17_less@4.6.4_lightningcss@1.32.0_sass@1.99.0_terser@5.46.1/node_modules/vite-node/dist/server.mjs:404:13
packages/ui-svelte test:  ❯ ViteNodeServer._fetchModule ../../node_modules/.pnpm/vite-node@3.2.4_@types+node@22.19.17_less@4.6.4_lightningcss@1.32.0_sass@1.99.0_terser@5.46.1/node_modules/vite-node/dist/server.mjs:366:14
packages/ui-svelte test:  ❯ Proxy.fetch ../../node_modules/.pnpm/vitest@3.2.4_@types+node@22.19.17_jsdom@26.1.0_less@4.6.4_lightningcss@1.32.0_sass@1.99.0_terser@5.46.1/node_modules/vitest/dist/chunks/coverage.DL5VHqXY.js:2462:19
packages/ui-svelte test:  ❯ EventEmitter.onMessage ../../node_modules/.pnpm/vitest@3.2.4_@types+node@22.19.17_jsdom@26.1.0_less@4.6.4_lightningcss@1.32.0_sass@1.99.0_terser@5.46.1/node_modules/vitest/dist/chunks/index.B521nVV-.js:103:20
packages/ui-svelte test: ⎯⎯⎯⎯⎯⎯ Unhandled Error ⎯⎯⎯⎯⎯⎯⎯
packages/ui-svelte test: TypeError: Cannot read properties of undefined (reading 'config')
packages/ui-svelte test:  ❯ LoadPluginContext.handler ../../node_modules/.pnpm/@sveltejs+vite-plugin-svelte@7.0.0_svelte@5.55.4_@typescript-eslint+types@8.58.2__vite@8.0.8__pvtmjisjugaiazrbts4oof567u/node_modules/@sveltejs/vite-plugin-svelte/src/plugins/load-custom.js:24:37
packages/ui-svelte test:  ❯ PluginContainer.load ../../node_modules/.pnpm/vite@5.4.21_@types+node@22.19.17_less@4.6.4_lightningcss@1.32.0_sass@1.99.0_terser@5.46.1/node_modules/vite/dist/node/chunks/dep-BK3b2jBa.js:49067:17
packages/ui-svelte test:  ❯ loadAndTransform ../../node_modules/.pnpm/vite@5.4.21_@types+node@22.19.17_less@4.6.4_lightningcss@1.32.0_sass@1.99.0_terser@5.46.1/node_modules/vite/dist/node/chunks/dep-BK3b2jBa.js:51918:44
packages/ui-svelte test:  ❯ doTransform ../../node_modules/.pnpm/vite@5.4.21_@types+node@22.19.17_less@4.6.4_lightningcss@1.32.0_sass@1.99.0_terser@5.46.1/node_modules/vite/dist/node/chunks/dep-BK3b2jBa.js:51874:18
packages/ui-svelte test:  ❯ process.processTicksAndRejections node:internal/process/task_queues:103:5
packages/ui-svelte test:  ❯ ViteNodeServer._transformRequest ../../node_modules/.pnpm/vite-node@3.2.4_@types+node@22.19.17_less@4.6.4_lightningcss@1.32.0_sass@1.99.0_terser@5.46.1/node_modules/vite-node/dist/server.mjs:404:13
packages/ui-svelte test:  ❯ ViteNodeServer._fetchModule ../../node_modules/.pnpm/vite-node@3.2.4_@types+node@22.19.17_less@4.6.4_lightningcss@1.32.0_sass@1.99.0_terser@5.46.1/node_modules/vite-node/dist/server.mjs:366:14
packages/ui-svelte test:  ❯ Proxy.fetch ../../node_modules/.pnpm/vitest@3.2.4_@types+node@22.19.17_jsdom@26.1.0_less@4.6.4_lightningcss@1.32.0_sass@1.99.0_terser@5.46.1/node_modules/vitest/dist/chunks/coverage.DL5VHqXY.js:2462:19
packages/ui-svelte test:  ❯ EventEmitter.onMessage ../../node_modules/.pnpm/vitest@3.2.4_@types+node@22.19.17_jsdom@26.1.0_less@4.6.4_lightningcss@1.32.0_sass@1.99.0_terser@5.46.1/node_modules/vitest/dist/chunks/index.B521nVV-.js:103:20
packages/ui-svelte test: ⎯⎯⎯⎯⎯⎯ Unhandled Error ⎯⎯⎯⎯⎯⎯⎯
packages/ui-svelte test: TypeError: Cannot read properties of undefined (reading 'config')
packages/ui-svelte test:  ❯ LoadPluginContext.handler ../../node_modules/.pnpm/@sveltejs+vite-plugin-svelte@7.0.0_svelte@5.55.4_@typescript-eslint+types@8.58.2__vite@8.0.8__pvtmjisjugaiazrbts4oof567u/node_modules/@sveltejs/vite-plugin-svelte/src/plugins/load-custom.js:24:37
packages/ui-svelte test:  ❯ PluginContainer.load ../../node_modules/.pnpm/vite@5.4.21_@types+node@22.19.17_less@4.6.4_lightningcss@1.32.0_sass@1.99.0_terser@5.46.1/node_modules/vite/dist/node/chunks/dep-BK3b2jBa.js:49067:17
packages/ui-svelte test:  ❯ loadAndTransform ../../node_modules/.pnpm/vite@5.4.21_@types+node@22.19.17_less@4.6.4_lightningcss@1.32.0_sass@1.99.0_terser@5.46.1/node_modules/vite/dist/node/chunks/dep-BK3b2jBa.js:51918:44
packages/ui-svelte test:  ❯ doTransform ../../node_modules/.pnpm/vite@5.4.21_@types+node@22.19.17_less@4.6.4_lightningcss@1.32.0_sass@1.99.0_terser@5.46.1/node_modules/vite/dist/node/chunks/dep-BK3b2jBa.js:51874:18
packages/ui-svelte test:  ❯ process.processTicksAndRejections node:internal/process/task_queues:103:5
packages/ui-svelte test:  ❯ ViteNodeServer._transformRequest ../../node_modules/.pnpm/vite-node@3.2.4_@types+node@22.19.17_less@4.6.4_lightningcss@1.32.0_sass@1.99.0_terser@5.46.1/node_modules/vite-node/dist/server.mjs:404:13
packages/ui-svelte test:  ❯ ViteNodeServer._fetchModule ../../node_modules/.pnpm/vite-node@3.2.4_@types+node@22.19.17_less@4.6.4_lightningcss@1.32.0_sass@1.99.0_terser@5.46.1/node_modules/vite-node/dist/server.mjs:366:14
packages/ui-svelte test:  ❯ Proxy.fetch ../../node_modules/.pnpm/vitest@3.2.4_@types+node@22.19.17_jsdom@26.1.0_less@4.6.4_lightningcss@1.32.0_sass@1.99.0_terser@5.46.1/node_modules/vitest/dist/chunks/coverage.DL5VHqXY.js:2462:19
packages/ui-svelte test:  ❯ EventEmitter.onMessage ../../node_modules/.pnpm/vitest@3.2.4_@types+node@22.19.17_jsdom@26.1.0_less@4.6.4_lightningcss@1.32.0_sass@1.99.0_terser@5.46.1/node_modules/vitest/dist/chunks/index.B521nVV-.js:103:20
packages/ui-svelte test: ⎯⎯⎯⎯⎯⎯ Unhandled Error ⎯⎯⎯⎯⎯⎯⎯
packages/ui-svelte test: TypeError: Cannot read properties of undefined (reading 'config')
packages/ui-svelte test:  ❯ LoadPluginContext.handler ../../node_modules/.pnpm/@sveltejs+vite-plugin-svelte@7.0.0_svelte@5.55.4_@typescript-eslint+types@8.58.2__vite@8.0.8__pvtmjisjugaiazrbts4oof567u/node_modules/@sveltejs/vite-plugin-svelte/src/plugins/load-custom.js:24:37
packages/ui-svelte test:  ❯ PluginContainer.load ../../node_modules/.pnpm/vite@5.4.21_@types+node@22.19.17_less@4.6.4_lightningcss@1.32.0_sass@1.99.0_terser@5.46.1/node_modules/vite/dist/node/chunks/dep-BK3b2jBa.js:49067:17
packages/ui-svelte test:  ❯ loadAndTransform ../../node_modules/.pnpm/vite@5.4.21_@types+node@22.19.17_less@4.6.4_lightningcss@1.32.0_sass@1.99.0_terser@5.46.1/node_modules/vite/dist/node/chunks/dep-BK3b2jBa.js:51918:44
packages/ui-svelte test:  ❯ doTransform ../../node_modules/.pnpm/vite@5.4.21_@types+node@22.19.17_less@4.6.4_lightningcss@1.32.0_sass@1.99.0_terser@5.46.1/node_modules/vite/dist/node/chunks/dep-BK3b2jBa.js:51874:18
packages/ui-svelte test:  ❯ process.processTicksAndRejections node:internal/process/task_queues:103:5
packages/ui-svelte test:  ❯ ViteNodeServer._transformRequest ../../node_modules/.pnpm/vite-node@3.2.4_@types+node@22.19.17_less@4.6.4_lightningcss@1.32.0_sass@1.99.0_terser@5.46.1/node_modules/vite-node/dist/server.mjs:404:13
packages/ui-svelte test:  ❯ ViteNodeServer._fetchModule ../../node_modules/.pnpm/vite-node@3.2.4_@types+node@22.19.17_less@4.6.4_lightningcss@1.32.0_sass@1.99.0_terser@5.46.1/node_modules/vite-node/dist/server.mjs:366:14
packages/ui-svelte test:  ❯ Proxy.fetch ../../node_modules/.pnpm/vitest@3.2.4_@types+node@22.19.17_jsdom@26.1.0_less@4.6.4_lightningcss@1.32.0_sass@1.99.0_terser@5.46.1/node_modules/vitest/dist/chunks/coverage.DL5VHqXY.js:2462:19
packages/ui-svelte test:  ❯ EventEmitter.onMessage ../../node_modules/.pnpm/vitest@3.2.4_@types+node@22.19.17_jsdom@26.1.0_less@4.6.4_lightningcss@1.32.0_sass@1.99.0_terser@5.46.1/node_modules/vitest/dist/chunks/index.B521nVV-.js:103:20
packages/ui-svelte test: ⎯⎯⎯⎯⎯⎯ Unhandled Error ⎯⎯⎯⎯⎯⎯⎯
packages/ui-svelte test: TypeError: Cannot read properties of undefined (reading 'config')
packages/ui-svelte test:  ❯ LoadPluginContext.handler ../../node_modules/.pnpm/@sveltejs+vite-plugin-svelte@7.0.0_svelte@5.55.4_@typescript-eslint+types@8.58.2__vite@8.0.8__pvtmjisjugaiazrbts4oof567u/node_modules/@sveltejs/vite-plugin-svelte/src/plugins/load-custom.js:24:37
packages/ui-svelte test:  ❯ PluginContainer.load ../../node_modules/.pnpm/vite@5.4.21_@types+node@22.19.17_less@4.6.4_lightningcss@1.32.0_sass@1.99.0_terser@5.46.1/node_modules/vite/dist/node/chunks/dep-BK3b2jBa.js:49067:17
packages/ui-svelte test:  ❯ loadAndTransform ../../node_modules/.pnpm/vite@5.4.21_@types+node@22.19.17_less@4.6.4_lightningcss@1.32.0_sass@1.99.0_terser@5.46.1/node_modules/vite/dist/node/chunks/dep-BK3b2jBa.js:51918:44
packages/ui-svelte test:  ❯ doTransform ../../node_modules/.pnpm/vite@5.4.21_@types+node@22.19.17_less@4.6.4_lightningcss@1.32.0_sass@1.99.0_terser@5.46.1/node_modules/vite/dist/node/chunks/dep-BK3b2jBa.js:51874:18
packages/ui-svelte test:  ❯ process.processTicksAndRejections node:internal/process/task_queues:103:5
packages/ui-svelte test:  ❯ ViteNodeServer._transformRequest ../../node_modules/.pnpm/vite-node@3.2.4_@types+node@22.19.17_less@4.6.4_lightningcss@1.32.0_sass@1.99.0_terser@5.46.1/node_modules/vite-node/dist/server.mjs:404:13
packages/ui-svelte test:  ❯ ViteNodeServer._fetchModule ../../node_modules/.pnpm/vite-node@3.2.4_@types+node@22.19.17_less@4.6.4_lightningcss@1.32.0_sass@1.99.0_terser@5.46.1/node_modules/vite-node/dist/server.mjs:366:14
packages/ui-svelte test:  ❯ Proxy.fetch ../../node_modules/.pnpm/vitest@3.2.4_@types+node@22.19.17_jsdom@26.1.0_less@4.6.4_lightningcss@1.32.0_sass@1.99.0_terser@5.46.1/node_modules/vitest/dist/chunks/coverage.DL5VHqXY.js:2462:19
packages/ui-svelte test:  ❯ EventEmitter.onMessage ../../node_modules/.pnpm/vitest@3.2.4_@types+node@22.19.17_jsdom@26.1.0_less@4.6.4_lightningcss@1.32.0_sass@1.99.0_terser@5.46.1/node_modules/vitest/dist/chunks/index.B521nVV-.js:103:20
packages/ui-svelte test: ⎯⎯⎯⎯⎯⎯ Unhandled Error ⎯⎯⎯⎯⎯⎯⎯
packages/ui-svelte test: TypeError: Cannot read properties of undefined (reading 'config')
packages/ui-svelte test:  ❯ LoadPluginContext.handler ../../node_modules/.pnpm/@sveltejs+vite-plugin-svelte@7.0.0_svelte@5.55.4_@typescript-eslint+types@8.58.2__vite@8.0.8__pvtmjisjugaiazrbts4oof567u/node_modules/@sveltejs/vite-plugin-svelte/src/plugins/load-custom.js:24:37
packages/ui-svelte test:  ❯ PluginContainer.load ../../node_modules/.pnpm/vite@5.4.21_@types+node@22.19.17_less@4.6.4_lightningcss@1.32.0_sass@1.99.0_terser@5.46.1/node_modules/vite/dist/node/chunks/dep-BK3b2jBa.js:49067:17
packages/ui-svelte test:  ❯ loadAndTransform ../../node_modules/.pnpm/vite@5.4.21_@types+node@22.19.17_less@4.6.4_lightningcss@1.32.0_sass@1.99.0_terser@5.46.1/node_modules/vite/dist/node/chunks/dep-BK3b2jBa.js:51918:44
packages/ui-svelte test:  ❯ doTransform ../../node_modules/.pnpm/vite@5.4.21_@types+node@22.19.17_less@4.6.4_lightningcss@1.32.0_sass@1.99.0_terser@5.46.1/node_modules/vite/dist/node/chunks/dep-BK3b2jBa.js:51874:18
packages/ui-svelte test:  ❯ process.processTicksAndRejections node:internal/process/task_queues:103:5
packages/ui-svelte test:  ❯ ViteNodeServer._transformRequest ../../node_modules/.pnpm/vite-node@3.2.4_@types+node@22.19.17_less@4.6.4_lightningcss@1.32.0_sass@1.99.0_terser@5.46.1/node_modules/vite-node/dist/server.mjs:404:13
packages/ui-svelte test:  ❯ ViteNodeServer._fetchModule ../../node_modules/.pnpm/vite-node@3.2.4_@types+node@22.19.17_less@4.6.4_lightningcss@1.32.0_sass@1.99.0_terser@5.46.1/node_modules/vite-node/dist/server.mjs:366:14
packages/ui-svelte test:  ❯ Proxy.fetch ../../node_modules/.pnpm/vitest@3.2.4_@types+node@22.19.17_jsdom@26.1.0_less@4.6.4_lightningcss@1.32.0_sass@1.99.0_terser@5.46.1/node_modules/vitest/dist/chunks/coverage.DL5VHqXY.js:2462:19
packages/ui-svelte test:  ❯ EventEmitter.onMessage ../../node_modules/.pnpm/vitest@3.2.4_@types+node@22.19.17_jsdom@26.1.0_less@4.6.4_lightningcss@1.32.0_sass@1.99.0_terser@5.46.1/node_modules/vitest/dist/chunks/index.B521nVV-.js:103:20
packages/ui-svelte test: ⎯⎯⎯⎯⎯⎯ Unhandled Error ⎯⎯⎯⎯⎯⎯⎯
packages/ui-svelte test: TypeError: Cannot read properties of undefined (reading 'config')
packages/ui-svelte test:  ❯ LoadPluginContext.handler ../../node_modules/.pnpm/@sveltejs+vite-plugin-svelte@7.0.0_svelte@5.55.4_@typescript-eslint+types@8.58.2__vite@8.0.8__pvtmjisjugaiazrbts4oof567u/node_modules/@sveltejs/vite-plugin-svelte/src/plugins/load-custom.js:24:37
packages/ui-svelte test:  ❯ PluginContainer.load ../../node_modules/.pnpm/vite@5.4.21_@types+node@22.19.17_less@4.6.4_lightningcss@1.32.0_sass@1.99.0_terser@5.46.1/node_modules/vite/dist/node/chunks/dep-BK3b2jBa.js:49067:17
packages/ui-svelte test:  ❯ loadAndTransform ../../node_modules/.pnpm/vite@5.4.21_@types+node@22.19.17_less@4.6.4_lightningcss@1.32.0_sass@1.99.0_terser@5.46.1/node_modules/vite/dist/node/chunks/dep-BK3b2jBa.js:51918:44
packages/ui-svelte test:  ❯ doTransform ../../node_modules/.pnpm/vite@5.4.21_@types+node@22.19.17_less@4.6.4_lightningcss@1.32.0_sass@1.99.0_terser@5.46.1/node_modules/vite/dist/node/chunks/dep-BK3b2jBa.js:51874:18
packages/ui-svelte test:  ❯ process.processTicksAndRejections node:internal/process/task_queues:103:5
packages/ui-svelte test:  ❯ ViteNodeServer._transformRequest ../../node_modules/.pnpm/vite-node@3.2.4_@types+node@22.19.17_less@4.6.4_lightningcss@1.32.0_sass@1.99.0_terser@5.46.1/node_modules/vite-node/dist/server.mjs:404:13
packages/ui-svelte test:  ❯ ViteNodeServer._fetchModule ../../node_modules/.pnpm/vite-node@3.2.4_@types+node@22.19.17_less@4.6.4_lightningcss@1.32.0_sass@1.99.0_terser@5.46.1/node_modules/vite-node/dist/server.mjs:366:14
packages/ui-svelte test:  ❯ Proxy.fetch ../../node_modules/.pnpm/vitest@3.2.4_@types+node@22.19.17_jsdom@26.1.0_less@4.6.4_lightningcss@1.32.0_sass@1.99.0_terser@5.46.1/node_modules/vitest/dist/chunks/coverage.DL5VHqXY.js:2462:19
packages/ui-svelte test:  ❯ EventEmitter.onMessage ../../node_modules/.pnpm/vitest@3.2.4_@types+node@22.19.17_jsdom@26.1.0_less@4.6.4_lightningcss@1.32.0_sass@1.99.0_terser@5.46.1/node_modules/vitest/dist/chunks/index.B521nVV-.js:103:20
packages/ui-svelte test: ⎯⎯⎯⎯⎯⎯ Unhandled Error ⎯⎯⎯⎯⎯⎯⎯
packages/ui-svelte test: TypeError: Cannot read properties of undefined (reading 'config')
packages/ui-svelte test:  ❯ LoadPluginContext.handler ../../node_modules/.pnpm/@sveltejs+vite-plugin-svelte@7.0.0_svelte@5.55.4_@typescript-eslint+types@8.58.2__vite@8.0.8__pvtmjisjugaiazrbts4oof567u/node_modules/@sveltejs/vite-plugin-svelte/src/plugins/load-custom.js:24:37
packages/ui-svelte test:  ❯ PluginContainer.load ../../node_modules/.pnpm/vite@5.4.21_@types+node@22.19.17_less@4.6.4_lightningcss@1.32.0_sass@1.99.0_terser@5.46.1/node_modules/vite/dist/node/chunks/dep-BK3b2jBa.js:49067:17
packages/ui-svelte test:  ❯ loadAndTransform ../../node_modules/.pnpm/vite@5.4.21_@types+node@22.19.17_less@4.6.4_lightningcss@1.32.0_sass@1.99.0_terser@5.46.1/node_modules/vite/dist/node/chunks/dep-BK3b2jBa.js:51918:44
packages/ui-svelte test:  ❯ doTransform ../../node_modules/.pnpm/vite@5.4.21_@types+node@22.19.17_less@4.6.4_lightningcss@1.32.0_sass@1.99.0_terser@5.46.1/node_modules/vite/dist/node/chunks/dep-BK3b2jBa.js:51874:18
packages/ui-svelte test:  ❯ process.processTicksAndRejections node:internal/process/task_queues:103:5
packages/ui-svelte test:  ❯ ViteNodeServer._transformRequest ../../node_modules/.pnpm/vite-node@3.2.4_@types+node@22.19.17_less@4.6.4_lightningcss@1.32.0_sass@1.99.0_terser@5.46.1/node_modules/vite-node/dist/server.mjs:404:13
packages/ui-svelte test:  ❯ ViteNodeServer._fetchModule ../../node_modules/.pnpm/vite-node@3.2.4_@types+node@22.19.17_less@4.6.4_lightningcss@1.32.0_sass@1.99.0_terser@5.46.1/node_modules/vite-node/dist/server.mjs:366:14
packages/ui-svelte test:  ❯ Proxy.fetch ../../node_modules/.pnpm/vitest@3.2.4_@types+node@22.19.17_jsdom@26.1.0_less@4.6.4_lightningcss@1.32.0_sass@1.99.0_terser@5.46.1/node_modules/vitest/dist/chunks/coverage.DL5VHqXY.js:2462:19
packages/ui-svelte test:  ❯ EventEmitter.onMessage ../../node_modules/.pnpm/vitest@3.2.4_@types+node@22.19.17_jsdom@26.1.0_less@4.6.4_lightningcss@1.32.0_sass@1.99.0_terser@5.46.1/node_modules/vitest/dist/chunks/index.B521nVV-.js:103:20
packages/ui-svelte test: ⎯⎯⎯⎯⎯⎯ Unhandled Error ⎯⎯⎯⎯⎯⎯⎯
packages/ui-svelte test: TypeError: Cannot read properties of undefined (reading 'config')
packages/ui-svelte test:  ❯ LoadPluginContext.handler ../../node_modules/.pnpm/@sveltejs+vite-plugin-svelte@7.0.0_svelte@5.55.4_@typescript-eslint+types@8.58.2__vite@8.0.8__pvtmjisjugaiazrbts4oof567u/node_modules/@sveltejs/vite-plugin-svelte/src/plugins/load-custom.js:24:37
packages/ui-svelte test:  ❯ PluginContainer.load ../../node_modules/.pnpm/vite@5.4.21_@types+node@22.19.17_less@4.6.4_lightningcss@1.32.0_sass@1.99.0_terser@5.46.1/node_modules/vite/dist/node/chunks/dep-BK3b2jBa.js:49067:17
packages/ui-svelte test:  ❯ loadAndTransform ../../node_modules/.pnpm/vite@5.4.21_@types+node@22.19.17_less@4.6.4_lightningcss@1.32.0_sass@1.99.0_terser@5.46.1/node_modules/vite/dist/node/chunks/dep-BK3b2jBa.js:51918:44
packages/ui-svelte test:  ❯ doTransform ../../node_modules/.pnpm/vite@5.4.21_@types+node@22.19.17_less@4.6.4_lightningcss@1.32.0_sass@1.99.0_terser@5.46.1/node_modules/vite/dist/node/chunks/dep-BK3b2jBa.js:51874:18
packages/ui-svelte test:  ❯ process.processTicksAndRejections node:internal/process/task_queues:103:5
packages/ui-svelte test:  ❯ ViteNodeServer._transformRequest ../../node_modules/.pnpm/vite-node@3.2.4_@types+node@22.19.17_less@4.6.4_lightningcss@1.32.0_sass@1.99.0_terser@5.46.1/node_modules/vite-node/dist/server.mjs:404:13
packages/ui-svelte test:  ❯ ViteNodeServer._fetchModule ../../node_modules/.pnpm/vite-node@3.2.4_@types+node@22.19.17_less@4.6.4_lightningcss@1.32.0_sass@1.99.0_terser@5.46.1/node_modules/vite-node/dist/server.mjs:366:14
packages/ui-svelte test:  ❯ Proxy.fetch ../../node_modules/.pnpm/vitest@3.2.4_@types+node@22.19.17_jsdom@26.1.0_less@4.6.4_lightningcss@1.32.0_sass@1.99.0_terser@5.46.1/node_modules/vitest/dist/chunks/coverage.DL5VHqXY.js:2462:19
packages/ui-svelte test:  ❯ EventEmitter.onMessage ../../node_modules/.pnpm/vitest@3.2.4_@types+node@22.19.17_jsdom@26.1.0_less@4.6.4_lightningcss@1.32.0_sass@1.99.0_terser@5.46.1/node_modules/vitest/dist/chunks/index.B521nVV-.js:103:20
packages/ui-svelte test: ⎯⎯⎯⎯⎯⎯ Unhandled Error ⎯⎯⎯⎯⎯⎯⎯
packages/ui-svelte test: TypeError: Cannot read properties of undefined (reading 'config')
packages/ui-svelte test:  ❯ LoadPluginContext.handler ../../node_modules/.pnpm/@sveltejs+vite-plugin-svelte@7.0.0_svelte@5.55.4_@typescript-eslint+types@8.58.2__vite@8.0.8__pvtmjisjugaiazrbts4oof567u/node_modules/@sveltejs/vite-plugin-svelte/src/plugins/load-custom.js:24:37
packages/ui-svelte test:  ❯ PluginContainer.load ../../node_modules/.pnpm/vite@5.4.21_@types+node@22.19.17_less@4.6.4_lightningcss@1.32.0_sass@1.99.0_terser@5.46.1/node_modules/vite/dist/node/chunks/dep-BK3b2jBa.js:49067:17
packages/ui-svelte test:  ❯ loadAndTransform ../../node_modules/.pnpm/vite@5.4.21_@types+node@22.19.17_less@4.6.4_lightningcss@1.32.0_sass@1.99.0_terser@5.46.1/node_modules/vite/dist/node/chunks/dep-BK3b2jBa.js:51918:44
packages/ui-svelte test:  ❯ doTransform ../../node_modules/.pnpm/vite@5.4.21_@types+node@22.19.17_less@4.6.4_lightningcss@1.32.0_sass@1.99.0_terser@5.46.1/node_modules/vite/dist/node/chunks/dep-BK3b2jBa.js:51874:18
packages/ui-svelte test:  ❯ process.processTicksAndRejections node:internal/process/task_queues:103:5
packages/ui-svelte test:  ❯ ViteNodeServer._transformRequest ../../node_modules/.pnpm/vite-node@3.2.4_@types+node@22.19.17_less@4.6.4_lightningcss@1.32.0_sass@1.99.0_terser@5.46.1/node_modules/vite-node/dist/server.mjs:404:13
packages/ui-svelte test:  ❯ ViteNodeServer._fetchModule ../../node_modules/.pnpm/vite-node@3.2.4_@types+node@22.19.17_less@4.6.4_lightningcss@1.32.0_sass@1.99.0_terser@5.46.1/node_modules/vite-node/dist/server.mjs:366:14
packages/ui-svelte test:  ❯ Proxy.fetch ../../node_modules/.pnpm/vitest@3.2.4_@types+node@22.19.17_jsdom@26.1.0_less@4.6.4_lightningcss@1.32.0_sass@1.99.0_terser@5.46.1/node_modules/vitest/dist/chunks/coverage.DL5VHqXY.js:2462:19
packages/ui-svelte test:  ❯ EventEmitter.onMessage ../../node_modules/.pnpm/vitest@3.2.4_@types+node@22.19.17_jsdom@26.1.0_less@4.6.4_lightningcss@1.32.0_sass@1.99.0_terser@5.46.1/node_modules/vitest/dist/chunks/index.B521nVV-.js:103:20
packages/ui-svelte test: ⎯⎯⎯⎯⎯⎯ Unhandled Error ⎯⎯⎯⎯⎯⎯⎯
packages/ui-svelte test: TypeError: Cannot read properties of undefined (reading 'config')
packages/ui-svelte test:  ❯ LoadPluginContext.handler ../../node_modules/.pnpm/@sveltejs+vite-plugin-svelte@7.0.0_svelte@5.55.4_@typescript-eslint+types@8.58.2__vite@8.0.8__pvtmjisjugaiazrbts4oof567u/node_modules/@sveltejs/vite-plugin-svelte/src/plugins/load-custom.js:24:37
packages/ui-svelte test:  ❯ PluginContainer.load ../../node_modules/.pnpm/vite@5.4.21_@types+node@22.19.17_less@4.6.4_lightningcss@1.32.0_sass@1.99.0_terser@5.46.1/node_modules/vite/dist/node/chunks/dep-BK3b2jBa.js:49067:17
packages/ui-svelte test:  ❯ loadAndTransform ../../node_modules/.pnpm/vite@5.4.21_@types+node@22.19.17_less@4.6.4_lightningcss@1.32.0_sass@1.99.0_terser@5.46.1/node_modules/vite/dist/node/chunks/dep-BK3b2jBa.js:51918:44
packages/ui-svelte test:  ❯ doTransform ../../node_modules/.pnpm/vite@5.4.21_@types+node@22.19.17_less@4.6.4_lightningcss@1.32.0_sass@1.99.0_terser@5.46.1/node_modules/vite/dist/node/chunks/dep-BK3b2jBa.js:51874:18
packages/ui-svelte test:  ❯ process.processTicksAndRejections node:internal/process/task_queues:103:5
packages/ui-svelte test:  ❯ ViteNodeServer._transformRequest ../../node_modules/.pnpm/vite-node@3.2.4_@types+node@22.19.17_less@4.6.4_lightningcss@1.32.0_sass@1.99.0_terser@5.46.1/node_modules/vite-node/dist/server.mjs:404:13
packages/ui-svelte test:  ❯ ViteNodeServer._fetchModule ../../node_modules/.pnpm/vite-node@3.2.4_@types+node@22.19.17_less@4.6.4_lightningcss@1.32.0_sass@1.99.0_terser@5.46.1/node_modules/vite-node/dist/server.mjs:366:14
packages/ui-svelte test:  ❯ Proxy.fetch ../../node_modules/.pnpm/vitest@3.2.4_@types+node@22.19.17_jsdom@26.1.0_less@4.6.4_lightningcss@1.32.0_sass@1.99.0_terser@5.46.1/node_modules/vitest/dist/chunks/coverage.DL5VHqXY.js:2462:19
packages/ui-svelte test:  ❯ EventEmitter.onMessage ../../node_modules/.pnpm/vitest@3.2.4_@types+node@22.19.17_jsdom@26.1.0_less@4.6.4_lightningcss@1.32.0_sass@1.99.0_terser@5.46.1/node_modules/vitest/dist/chunks/index.B521nVV-.js:103:20
packages/ui-svelte test: ⎯⎯⎯⎯⎯⎯ Unhandled Error ⎯⎯⎯⎯⎯⎯⎯
packages/ui-svelte test: TypeError: Cannot read properties of undefined (reading 'config')
packages/ui-svelte test:  ❯ LoadPluginContext.handler ../../node_modules/.pnpm/@sveltejs+vite-plugin-svelte@7.0.0_svelte@5.55.4_@typescript-eslint+types@8.58.2__vite@8.0.8__pvtmjisjugaiazrbts4oof567u/node_modules/@sveltejs/vite-plugin-svelte/src/plugins/load-custom.js:24:37
packages/ui-svelte test:  ❯ PluginContainer.load ../../node_modules/.pnpm/vite@5.4.21_@types+node@22.19.17_less@4.6.4_lightningcss@1.32.0_sass@1.99.0_terser@5.46.1/node_modules/vite/dist/node/chunks/dep-BK3b2jBa.js:49067:17
packages/ui-svelte test:  ❯ loadAndTransform ../../node_modules/.pnpm/vite@5.4.21_@types+node@22.19.17_less@4.6.4_lightningcss@1.32.0_sass@1.99.0_terser@5.46.1/node_modules/vite/dist/node/chunks/dep-BK3b2jBa.js:51918:44
packages/ui-svelte test:  ❯ doTransform ../../node_modules/.pnpm/vite@5.4.21_@types+node@22.19.17_less@4.6.4_lightningcss@1.32.0_sass@1.99.0_terser@5.46.1/node_modules/vite/dist/node/chunks/dep-BK3b2jBa.js:51874:18
packages/ui-svelte test:  ❯ process.processTicksAndRejections node:internal/process/task_queues:103:5
packages/ui-svelte test:  ❯ ViteNodeServer._transformRequest ../../node_modules/.pnpm/vite-node@3.2.4_@types+node@22.19.17_less@4.6.4_lightningcss@1.32.0_sass@1.99.0_terser@5.46.1/node_modules/vite-node/dist/server.mjs:404:13
packages/ui-svelte test:  ❯ ViteNodeServer._fetchModule ../../node_modules/.pnpm/vite-node@3.2.4_@types+node@22.19.17_less@4.6.4_lightningcss@1.32.0_sass@1.99.0_terser@5.46.1/node_modules/vite-node/dist/server.mjs:366:14
packages/ui-svelte test:  ❯ Proxy.fetch ../../node_modules/.pnpm/vitest@3.2.4_@types+node@22.19.17_jsdom@26.1.0_less@4.6.4_lightningcss@1.32.0_sass@1.99.0_terser@5.46.1/node_modules/vitest/dist/chunks/coverage.DL5VHqXY.js:2462:19
packages/ui-svelte test:  ❯ EventEmitter.onMessage ../../node_modules/.pnpm/vitest@3.2.4_@types+node@22.19.17_jsdom@26.1.0_less@4.6.4_lightningcss@1.32.0_sass@1.99.0_terser@5.46.1/node_modules/vitest/dist/chunks/index.B521nVV-.js:103:20
packages/ui-svelte test: ⎯⎯⎯⎯⎯⎯ Unhandled Error ⎯⎯⎯⎯⎯⎯⎯
packages/ui-svelte test: TypeError: Cannot read properties of undefined (reading 'config')
packages/ui-svelte test:  ❯ LoadPluginContext.handler ../../node_modules/.pnpm/@sveltejs+vite-plugin-svelte@7.0.0_svelte@5.55.4_@typescript-eslint+types@8.58.2__vite@8.0.8__pvtmjisjugaiazrbts4oof567u/node_modules/@sveltejs/vite-plugin-svelte/src/plugins/load-custom.js:24:37
packages/ui-svelte test:  ❯ PluginContainer.load ../../node_modules/.pnpm/vite@5.4.21_@types+node@22.19.17_less@4.6.4_lightningcss@1.32.0_sass@1.99.0_terser@5.46.1/node_modules/vite/dist/node/chunks/dep-BK3b2jBa.js:49067:17
packages/ui-svelte test:  ❯ loadAndTransform ../../node_modules/.pnpm/vite@5.4.21_@types+node@22.19.17_less@4.6.4_lightningcss@1.32.0_sass@1.99.0_terser@5.46.1/node_modules/vite/dist/node/chunks/dep-BK3b2jBa.js:51918:44
packages/ui-svelte test:  ❯ doTransform ../../node_modules/.pnpm/vite@5.4.21_@types+node@22.19.17_less@4.6.4_lightningcss@1.32.0_sass@1.99.0_terser@5.46.1/node_modules/vite/dist/node/chunks/dep-BK3b2jBa.js:51874:18
packages/ui-svelte test:  ❯ process.processTicksAndRejections node:internal/process/task_queues:103:5
packages/ui-svelte test:  ❯ ViteNodeServer._transformRequest ../../node_modules/.pnpm/vite-node@3.2.4_@types+node@22.19.17_less@4.6.4_lightningcss@1.32.0_sass@1.99.0_terser@5.46.1/node_modules/vite-node/dist/server.mjs:404:13
packages/ui-svelte test:  ❯ ViteNodeServer._fetchModule ../../node_modules/.pnpm/vite-node@3.2.4_@types+node@22.19.17_less@4.6.4_lightningcss@1.32.0_sass@1.99.0_terser@5.46.1/node_modules/vite-node/dist/server.mjs:366:14
packages/ui-svelte test:  ❯ Proxy.fetch ../../node_modules/.pnpm/vitest@3.2.4_@types+node@22.19.17_jsdom@26.1.0_less@4.6.4_lightningcss@1.32.0_sass@1.99.0_terser@5.46.1/node_modules/vitest/dist/chunks/coverage.DL5VHqXY.js:2462:19
packages/ui-svelte test:  ❯ EventEmitter.onMessage ../../node_modules/.pnpm/vitest@3.2.4_@types+node@22.19.17_jsdom@26.1.0_less@4.6.4_lightningcss@1.32.0_sass@1.99.0_terser@5.46.1/node_modules/vitest/dist/chunks/index.B521nVV-.js:103:20
packages/ui-svelte test: ⎯⎯⎯⎯⎯⎯ Unhandled Error ⎯⎯⎯⎯⎯⎯⎯
packages/ui-svelte test: TypeError: Cannot read properties of undefined (reading 'config')
packages/ui-svelte test:  ❯ LoadPluginContext.handler ../../node_modules/.pnpm/@sveltejs+vite-plugin-svelte@7.0.0_svelte@5.55.4_@typescript-eslint+types@8.58.2__vite@8.0.8__pvtmjisjugaiazrbts4oof567u/node_modules/@sveltejs/vite-plugin-svelte/src/plugins/load-custom.js:24:37
packages/ui-svelte test:  ❯ PluginContainer.load ../../node_modules/.pnpm/vite@5.4.21_@types+node@22.19.17_less@4.6.4_lightningcss@1.32.0_sass@1.99.0_terser@5.46.1/node_modules/vite/dist/node/chunks/dep-BK3b2jBa.js:49067:17
packages/ui-svelte test:  ❯ loadAndTransform ../../node_modules/.pnpm/vite@5.4.21_@types+node@22.19.17_less@4.6.4_lightningcss@1.32.0_sass@1.99.0_terser@5.46.1/node_modules/vite/dist/node/chunks/dep-BK3b2jBa.js:51918:44
packages/ui-svelte test:  ❯ doTransform ../../node_modules/.pnpm/vite@5.4.21_@types+node@22.19.17_less@4.6.4_lightningcss@1.32.0_sass@1.99.0_terser@5.46.1/node_modules/vite/dist/node/chunks/dep-BK3b2jBa.js:51874:18
packages/ui-svelte test:  ❯ process.processTicksAndRejections node:internal/process/task_queues:103:5
packages/ui-svelte test:  ❯ ViteNodeServer._transformRequest ../../node_modules/.pnpm/vite-node@3.2.4_@types+node@22.19.17_less@4.6.4_lightningcss@1.32.0_sass@1.99.0_terser@5.46.1/node_modules/vite-node/dist/server.mjs:404:13
packages/ui-svelte test:  ❯ ViteNodeServer._fetchModule ../../node_modules/.pnpm/vite-node@3.2.4_@types+node@22.19.17_less@4.6.4_lightningcss@1.32.0_sass@1.99.0_terser@5.46.1/node_modules/vite-node/dist/server.mjs:366:14
packages/ui-svelte test:  ❯ Proxy.fetch ../../node_modules/.pnpm/vitest@3.2.4_@types+node@22.19.17_jsdom@26.1.0_less@4.6.4_lightningcss@1.32.0_sass@1.99.0_terser@5.46.1/node_modules/vitest/dist/chunks/coverage.DL5VHqXY.js:2462:19
packages/ui-svelte test:  ❯ EventEmitter.onMessage ../../node_modules/.pnpm/vitest@3.2.4_@types+node@22.19.17_jsdom@26.1.0_less@4.6.4_lightningcss@1.32.0_sass@1.99.0_terser@5.46.1/node_modules/vitest/dist/chunks/index.B521nVV-.js:103:20
packages/ui-svelte test: ⎯⎯⎯⎯⎯⎯ Unhandled Error ⎯⎯⎯⎯⎯⎯⎯
packages/ui-svelte test: TypeError: Cannot read properties of undefined (reading 'config')
packages/ui-svelte test:  ❯ LoadPluginContext.handler ../../node_modules/.pnpm/@sveltejs+vite-plugin-svelte@7.0.0_svelte@5.55.4_@typescript-eslint+types@8.58.2__vite@8.0.8__pvtmjisjugaiazrbts4oof567u/node_modules/@sveltejs/vite-plugin-svelte/src/plugins/load-custom.js:24:37
packages/ui-svelte test:  ❯ PluginContainer.load ../../node_modules/.pnpm/vite@5.4.21_@types+node@22.19.17_less@4.6.4_lightningcss@1.32.0_sass@1.99.0_terser@5.46.1/node_modules/vite/dist/node/chunks/dep-BK3b2jBa.js:49067:17
packages/ui-svelte test:  ❯ loadAndTransform ../../node_modules/.pnpm/vite@5.4.21_@types+node@22.19.17_less@4.6.4_lightningcss@1.32.0_sass@1.99.0_terser@5.46.1/node_modules/vite/dist/node/chunks/dep-BK3b2jBa.js:51918:44
packages/ui-svelte test:  ❯ doTransform ../../node_modules/.pnpm/vite@5.4.21_@types+node@22.19.17_less@4.6.4_lightningcss@1.32.0_sass@1.99.0_terser@5.46.1/node_modules/vite/dist/node/chunks/dep-BK3b2jBa.js:51874:18
packages/ui-svelte test:  ❯ process.processTicksAndRejections node:internal/process/task_queues:103:5
packages/ui-svelte test:  ❯ ViteNodeServer._transformRequest ../../node_modules/.pnpm/vite-node@3.2.4_@types+node@22.19.17_less@4.6.4_lightningcss@1.32.0_sass@1.99.0_terser@5.46.1/node_modules/vite-node/dist/server.mjs:404:13
packages/ui-svelte test:  ❯ ViteNodeServer._fetchModule ../../node_modules/.pnpm/vite-node@3.2.4_@types+node@22.19.17_less@4.6.4_lightningcss@1.32.0_sass@1.99.0_terser@5.46.1/node_modules/vite-node/dist/server.mjs:366:14
packages/ui-svelte test:  ❯ Proxy.fetch ../../node_modules/.pnpm/vitest@3.2.4_@types+node@22.19.17_jsdom@26.1.0_less@4.6.4_lightningcss@1.32.0_sass@1.99.0_terser@5.46.1/node_modules/vitest/dist/chunks/coverage.DL5VHqXY.js:2462:19
packages/ui-svelte test:  ❯ EventEmitter.onMessage ../../node_modules/.pnpm/vitest@3.2.4_@types+node@22.19.17_jsdom@26.1.0_less@4.6.4_lightningcss@1.32.0_sass@1.99.0_terser@5.46.1/node_modules/vitest/dist/chunks/index.B521nVV-.js:103:20
packages/ui-svelte test: ⎯⎯⎯⎯⎯⎯ Unhandled Error ⎯⎯⎯⎯⎯⎯⎯
packages/ui-svelte test: TypeError: Cannot read properties of undefined (reading 'config')
packages/ui-svelte test:  ❯ LoadPluginContext.handler ../../node_modules/.pnpm/@sveltejs+vite-plugin-svelte@7.0.0_svelte@5.55.4_@typescript-eslint+types@8.58.2__vite@8.0.8__pvtmjisjugaiazrbts4oof567u/node_modules/@sveltejs/vite-plugin-svelte/src/plugins/load-custom.js:24:37
packages/ui-svelte test:  ❯ PluginContainer.load ../../node_modules/.pnpm/vite@5.4.21_@types+node@22.19.17_less@4.6.4_lightningcss@1.32.0_sass@1.99.0_terser@5.46.1/node_modules/vite/dist/node/chunks/dep-BK3b2jBa.js:49067:17
packages/ui-svelte test:  ❯ loadAndTransform ../../node_modules/.pnpm/vite@5.4.21_@types+node@22.19.17_less@4.6.4_lightningcss@1.32.0_sass@1.99.0_terser@5.46.1/node_modules/vite/dist/node/chunks/dep-BK3b2jBa.js:51918:44
packages/ui-svelte test:  ❯ doTransform ../../node_modules/.pnpm/vite@5.4.21_@types+node@22.19.17_less@4.6.4_lightningcss@1.32.0_sass@1.99.0_terser@5.46.1/node_modules/vite/dist/node/chunks/dep-BK3b2jBa.js:51874:18
packages/ui-svelte test:  ❯ process.processTicksAndRejections node:internal/process/task_queues:103:5
packages/ui-svelte test:  ❯ ViteNodeServer._transformRequest ../../node_modules/.pnpm/vite-node@3.2.4_@types+node@22.19.17_less@4.6.4_lightningcss@1.32.0_sass@1.99.0_terser@5.46.1/node_modules/vite-node/dist/server.mjs:404:13
packages/ui-svelte test:  ❯ ViteNodeServer._fetchModule ../../node_modules/.pnpm/vite-node@3.2.4_@types+node@22.19.17_less@4.6.4_lightningcss@1.32.0_sass@1.99.0_terser@5.46.1/node_modules/vite-node/dist/server.mjs:366:14
packages/ui-svelte test:  ❯ Proxy.fetch ../../node_modules/.pnpm/vitest@3.2.4_@types+node@22.19.17_jsdom@26.1.0_less@4.6.4_lightningcss@1.32.0_sass@1.99.0_terser@5.46.1/node_modules/vitest/dist/chunks/coverage.DL5VHqXY.js:2462:19
packages/ui-svelte test:  ❯ EventEmitter.onMessage ../../node_modules/.pnpm/vitest@3.2.4_@types+node@22.19.17_jsdom@26.1.0_less@4.6.4_lightningcss@1.32.0_sass@1.99.0_terser@5.46.1/node_modules/vitest/dist/chunks/index.B521nVV-.js:103:20
packages/ui-svelte test: ⎯⎯⎯⎯⎯⎯ Unhandled Error ⎯⎯⎯⎯⎯⎯⎯
packages/ui-svelte test: TypeError: Cannot read properties of undefined (reading 'config')
packages/ui-svelte test:  ❯ LoadPluginContext.handler ../../node_modules/.pnpm/@sveltejs+vite-plugin-svelte@7.0.0_svelte@5.55.4_@typescript-eslint+types@8.58.2__vite@8.0.8__pvtmjisjugaiazrbts4oof567u/node_modules/@sveltejs/vite-plugin-svelte/src/plugins/load-custom.js:24:37
packages/ui-svelte test:  ❯ PluginContainer.load ../../node_modules/.pnpm/vite@5.4.21_@types+node@22.19.17_less@4.6.4_lightningcss@1.32.0_sass@1.99.0_terser@5.46.1/node_modules/vite/dist/node/chunks/dep-BK3b2jBa.js:49067:17
packages/ui-svelte test:  ❯ loadAndTransform ../../node_modules/.pnpm/vite@5.4.21_@types+node@22.19.17_less@4.6.4_lightningcss@1.32.0_sass@1.99.0_terser@5.46.1/node_modules/vite/dist/node/chunks/dep-BK3b2jBa.js:51918:44
packages/ui-svelte test:  ❯ doTransform ../../node_modules/.pnpm/vite@5.4.21_@types+node@22.19.17_less@4.6.4_lightningcss@1.32.0_sass@1.99.0_terser@5.46.1/node_modules/vite/dist/node/chunks/dep-BK3b2jBa.js:51874:18
packages/ui-svelte test:  ❯ process.processTicksAndRejections node:internal/process/task_queues:103:5
packages/ui-svelte test:  ❯ ViteNodeServer._transformRequest ../../node_modules/.pnpm/vite-node@3.2.4_@types+node@22.19.17_less@4.6.4_lightningcss@1.32.0_sass@1.99.0_terser@5.46.1/node_modules/vite-node/dist/server.mjs:404:13
packages/ui-svelte test:  ❯ ViteNodeServer._fetchModule ../../node_modules/.pnpm/vite-node@3.2.4_@types+node@22.19.17_less@4.6.4_lightningcss@1.32.0_sass@1.99.0_terser@5.46.1/node_modules/vite-node/dist/server.mjs:366:14
packages/ui-svelte test:  ❯ Proxy.fetch ../../node_modules/.pnpm/vitest@3.2.4_@types+node@22.19.17_jsdom@26.1.0_less@4.6.4_lightningcss@1.32.0_sass@1.99.0_terser@5.46.1/node_modules/vitest/dist/chunks/coverage.DL5VHqXY.js:2462:19
packages/ui-svelte test:  ❯ EventEmitter.onMessage ../../node_modules/.pnpm/vitest@3.2.4_@types+node@22.19.17_jsdom@26.1.0_less@4.6.4_lightningcss@1.32.0_sass@1.99.0_terser@5.46.1/node_modules/vitest/dist/chunks/index.B521nVV-.js:103:20
packages/ui-svelte test: ⎯⎯⎯⎯⎯⎯ Unhandled Error ⎯⎯⎯⎯⎯⎯⎯
packages/ui-svelte test: TypeError: Cannot read properties of undefined (reading 'config')
packages/ui-svelte test:  ❯ LoadPluginContext.handler ../../node_modules/.pnpm/@sveltejs+vite-plugin-svelte@7.0.0_svelte@5.55.4_@typescript-eslint+types@8.58.2__vite@8.0.8__pvtmjisjugaiazrbts4oof567u/node_modules/@sveltejs/vite-plugin-svelte/src/plugins/load-custom.js:24:37
packages/ui-svelte test:  ❯ PluginContainer.load ../../node_modules/.pnpm/vite@5.4.21_@types+node@22.19.17_less@4.6.4_lightningcss@1.32.0_sass@1.99.0_terser@5.46.1/node_modules/vite/dist/node/chunks/dep-BK3b2jBa.js:49067:17
packages/ui-svelte test:  ❯ loadAndTransform ../../node_modules/.pnpm/vite@5.4.21_@types+node@22.19.17_less@4.6.4_lightningcss@1.32.0_sass@1.99.0_terser@5.46.1/node_modules/vite/dist/node/chunks/dep-BK3b2jBa.js:51918:44
packages/ui-svelte test:  ❯ doTransform ../../node_modules/.pnpm/vite@5.4.21_@types+node@22.19.17_less@4.6.4_lightningcss@1.32.0_sass@1.99.0_terser@5.46.1/node_modules/vite/dist/node/chunks/dep-BK3b2jBa.js:51874:18
packages/ui-svelte test:  ❯ process.processTicksAndRejections node:internal/process/task_queues:103:5
packages/ui-svelte test:  ❯ ViteNodeServer._transformRequest ../../node_modules/.pnpm/vite-node@3.2.4_@types+node@22.19.17_less@4.6.4_lightningcss@1.32.0_sass@1.99.0_terser@5.46.1/node_modules/vite-node/dist/server.mjs:404:13
packages/ui-svelte test:  ❯ ViteNodeServer._fetchModule ../../node_modules/.pnpm/vite-node@3.2.4_@types+node@22.19.17_less@4.6.4_lightningcss@1.32.0_sass@1.99.0_terser@5.46.1/node_modules/vite-node/dist/server.mjs:366:14
packages/ui-svelte test:  ❯ Proxy.fetch ../../node_modules/.pnpm/vitest@3.2.4_@types+node@22.19.17_jsdom@26.1.0_less@4.6.4_lightningcss@1.32.0_sass@1.99.0_terser@5.46.1/node_modules/vitest/dist/chunks/coverage.DL5VHqXY.js:2462:19
packages/ui-svelte test:  ❯ EventEmitter.onMessage ../../node_modules/.pnpm/vitest@3.2.4_@types+node@22.19.17_jsdom@26.1.0_less@4.6.4_lightningcss@1.32.0_sass@1.99.0_terser@5.46.1/node_modules/vitest/dist/chunks/index.B521nVV-.js:103:20
packages/ui-svelte test: ⎯⎯⎯⎯⎯⎯ Unhandled Error ⎯⎯⎯⎯⎯⎯⎯
packages/ui-svelte test: TypeError: Cannot read properties of undefined (reading 'config')
packages/ui-svelte test:  ❯ LoadPluginContext.handler ../../node_modules/.pnpm/@sveltejs+vite-plugin-svelte@7.0.0_svelte@5.55.4_@typescript-eslint+types@8.58.2__vite@8.0.8__pvtmjisjugaiazrbts4oof567u/node_modules/@sveltejs/vite-plugin-svelte/src/plugins/load-custom.js:24:37
packages/ui-svelte test:  ❯ PluginContainer.load ../../node_modules/.pnpm/vite@5.4.21_@types+node@22.19.17_less@4.6.4_lightningcss@1.32.0_sass@1.99.0_terser@5.46.1/node_modules/vite/dist/node/chunks/dep-BK3b2jBa.js:49067:17
packages/ui-svelte test:  ❯ loadAndTransform ../../node_modules/.pnpm/vite@5.4.21_@types+node@22.19.17_less@4.6.4_lightningcss@1.32.0_sass@1.99.0_terser@5.46.1/node_modules/vite/dist/node/chunks/dep-BK3b2jBa.js:51918:44
packages/ui-svelte test:  ❯ doTransform ../../node_modules/.pnpm/vite@5.4.21_@types+node@22.19.17_less@4.6.4_lightningcss@1.32.0_sass@1.99.0_terser@5.46.1/node_modules/vite/dist/node/chunks/dep-BK3b2jBa.js:51874:18
packages/ui-svelte test:  ❯ process.processTicksAndRejections node:internal/process/task_queues:103:5
packages/ui-svelte test:  ❯ ViteNodeServer._transformRequest ../../node_modules/.pnpm/vite-node@3.2.4_@types+node@22.19.17_less@4.6.4_lightningcss@1.32.0_sass@1.99.0_terser@5.46.1/node_modules/vite-node/dist/server.mjs:404:13
packages/ui-svelte test:  ❯ ViteNodeServer._fetchModule ../../node_modules/.pnpm/vite-node@3.2.4_@types+node@22.19.17_less@4.6.4_lightningcss@1.32.0_sass@1.99.0_terser@5.46.1/node_modules/vite-node/dist/server.mjs:366:14
packages/ui-svelte test:  ❯ Proxy.fetch ../../node_modules/.pnpm/vitest@3.2.4_@types+node@22.19.17_jsdom@26.1.0_less@4.6.4_lightningcss@1.32.0_sass@1.99.0_terser@5.46.1/node_modules/vitest/dist/chunks/coverage.DL5VHqXY.js:2462:19
packages/ui-svelte test:  ❯ EventEmitter.onMessage ../../node_modules/.pnpm/vitest@3.2.4_@types+node@22.19.17_jsdom@26.1.0_less@4.6.4_lightningcss@1.32.0_sass@1.99.0_terser@5.46.1/node_modules/vitest/dist/chunks/index.B521nVV-.js:103:20
packages/ui-svelte test: ⎯⎯⎯⎯⎯⎯ Unhandled Error ⎯⎯⎯⎯⎯⎯⎯
packages/ui-svelte test: TypeError: Cannot read properties of undefined (reading 'config')
packages/ui-svelte test:  ❯ LoadPluginContext.handler ../../node_modules/.pnpm/@sveltejs+vite-plugin-svelte@7.0.0_svelte@5.55.4_@typescript-eslint+types@8.58.2__vite@8.0.8__pvtmjisjugaiazrbts4oof567u/node_modules/@sveltejs/vite-plugin-svelte/src/plugins/load-custom.js:24:37
packages/ui-svelte test:  ❯ PluginContainer.load ../../node_modules/.pnpm/vite@5.4.21_@types+node@22.19.17_less@4.6.4_lightningcss@1.32.0_sass@1.99.0_terser@5.46.1/node_modules/vite/dist/node/chunks/dep-BK3b2jBa.js:49067:17
packages/ui-svelte test:  ❯ loadAndTransform ../../node_modules/.pnpm/vite@5.4.21_@types+node@22.19.17_less@4.6.4_lightningcss@1.32.0_sass@1.99.0_terser@5.46.1/node_modules/vite/dist/node/chunks/dep-BK3b2jBa.js:51918:44
packages/ui-svelte test:  ❯ doTransform ../../node_modules/.pnpm/vite@5.4.21_@types+node@22.19.17_less@4.6.4_lightningcss@1.32.0_sass@1.99.0_terser@5.46.1/node_modules/vite/dist/node/chunks/dep-BK3b2jBa.js:51874:18
packages/ui-svelte test:  ❯ process.processTicksAndRejections node:internal/process/task_queues:103:5
packages/ui-svelte test:  ❯ ViteNodeServer._transformRequest ../../node_modules/.pnpm/vite-node@3.2.4_@types+node@22.19.17_less@4.6.4_lightningcss@1.32.0_sass@1.99.0_terser@5.46.1/node_modules/vite-node/dist/server.mjs:404:13
packages/ui-svelte test:  ❯ ViteNodeServer._fetchModule ../../node_modules/.pnpm/vite-node@3.2.4_@types+node@22.19.17_less@4.6.4_lightningcss@1.32.0_sass@1.99.0_terser@5.46.1/node_modules/vite-node/dist/server.mjs:366:14
packages/ui-svelte test:  ❯ Proxy.fetch ../../node_modules/.pnpm/vitest@3.2.4_@types+node@22.19.17_jsdom@26.1.0_less@4.6.4_lightningcss@1.32.0_sass@1.99.0_terser@5.46.1/node_modules/vitest/dist/chunks/coverage.DL5VHqXY.js:2462:19
packages/ui-svelte test:  ❯ EventEmitter.onMessage ../../node_modules/.pnpm/vitest@3.2.4_@types+node@22.19.17_jsdom@26.1.0_less@4.6.4_lightningcss@1.32.0_sass@1.99.0_terser@5.46.1/node_modules/vitest/dist/chunks/index.B521nVV-.js:103:20
packages/ui-svelte test: ⎯⎯⎯⎯⎯⎯ Unhandled Error ⎯⎯⎯⎯⎯⎯⎯
packages/ui-svelte test: TypeError: Cannot read properties of undefined (reading 'config')
packages/ui-svelte test:  ❯ LoadPluginContext.handler ../../node_modules/.pnpm/@sveltejs+vite-plugin-svelte@7.0.0_svelte@5.55.4_@typescript-eslint+types@8.58.2__vite@8.0.8__pvtmjisjugaiazrbts4oof567u/node_modules/@sveltejs/vite-plugin-svelte/src/plugins/load-custom.js:24:37
packages/ui-svelte test:  ❯ PluginContainer.load ../../node_modules/.pnpm/vite@5.4.21_@types+node@22.19.17_less@4.6.4_lightningcss@1.32.0_sass@1.99.0_terser@5.46.1/node_modules/vite/dist/node/chunks/dep-BK3b2jBa.js:49067:17
packages/ui-svelte test:  ❯ loadAndTransform ../../node_modules/.pnpm/vite@5.4.21_@types+node@22.19.17_less@4.6.4_lightningcss@1.32.0_sass@1.99.0_terser@5.46.1/node_modules/vite/dist/node/chunks/dep-BK3b2jBa.js:51918:44
packages/ui-svelte test:  ❯ doTransform ../../node_modules/.pnpm/vite@5.4.21_@types+node@22.19.17_less@4.6.4_lightningcss@1.32.0_sass@1.99.0_terser@5.46.1/node_modules/vite/dist/node/chunks/dep-BK3b2jBa.js:51874:18
packages/ui-svelte test:  ❯ process.processTicksAndRejections node:internal/process/task_queues:103:5
packages/ui-svelte test:  ❯ ViteNodeServer._transformRequest ../../node_modules/.pnpm/vite-node@3.2.4_@types+node@22.19.17_less@4.6.4_lightningcss@1.32.0_sass@1.99.0_terser@5.46.1/node_modules/vite-node/dist/server.mjs:404:13
packages/ui-svelte test:  ❯ ViteNodeServer._fetchModule ../../node_modules/.pnpm/vite-node@3.2.4_@types+node@22.19.17_less@4.6.4_lightningcss@1.32.0_sass@1.99.0_terser@5.46.1/node_modules/vite-node/dist/server.mjs:366:14
packages/ui-svelte test:  ❯ Proxy.fetch ../../node_modules/.pnpm/vitest@3.2.4_@types+node@22.19.17_jsdom@26.1.0_less@4.6.4_lightningcss@1.32.0_sass@1.99.0_terser@5.46.1/node_modules/vitest/dist/chunks/coverage.DL5VHqXY.js:2462:19
packages/ui-svelte test:  ❯ EventEmitter.onMessage ../../node_modules/.pnpm/vitest@3.2.4_@types+node@22.19.17_jsdom@26.1.0_less@4.6.4_lightningcss@1.32.0_sass@1.99.0_terser@5.46.1/node_modules/vitest/dist/chunks/index.B521nVV-.js:103:20
packages/ui-svelte test: ⎯⎯⎯⎯⎯⎯ Unhandled Error ⎯⎯⎯⎯⎯⎯⎯
packages/ui-svelte test: TypeError: Cannot read properties of undefined (reading 'config')
packages/ui-svelte test:  ❯ LoadPluginContext.handler ../../node_modules/.pnpm/@sveltejs+vite-plugin-svelte@7.0.0_svelte@5.55.4_@typescript-eslint+types@8.58.2__vite@8.0.8__pvtmjisjugaiazrbts4oof567u/node_modules/@sveltejs/vite-plugin-svelte/src/plugins/load-custom.js:24:37
packages/ui-svelte test:  ❯ PluginContainer.load ../../node_modules/.pnpm/vite@5.4.21_@types+node@22.19.17_less@4.6.4_lightningcss@1.32.0_sass@1.99.0_terser@5.46.1/node_modules/vite/dist/node/chunks/dep-BK3b2jBa.js:49067:17
packages/ui-svelte test:  ❯ loadAndTransform ../../node_modules/.pnpm/vite@5.4.21_@types+node@22.19.17_less@4.6.4_lightningcss@1.32.0_sass@1.99.0_terser@5.46.1/node_modules/vite/dist/node/chunks/dep-BK3b2jBa.js:51918:44
packages/ui-svelte test:  ❯ doTransform ../../node_modules/.pnpm/vite@5.4.21_@types+node@22.19.17_less@4.6.4_lightningcss@1.32.0_sass@1.99.0_terser@5.46.1/node_modules/vite/dist/node/chunks/dep-BK3b2jBa.js:51874:18
packages/ui-svelte test:  ❯ process.processTicksAndRejections node:internal/process/task_queues:103:5
packages/ui-svelte test:  ❯ ViteNodeServer._transformRequest ../../node_modules/.pnpm/vite-node@3.2.4_@types+node@22.19.17_less@4.6.4_lightningcss@1.32.0_sass@1.99.0_terser@5.46.1/node_modules/vite-node/dist/server.mjs:404:13
packages/ui-svelte test:  ❯ ViteNodeServer._fetchModule ../../node_modules/.pnpm/vite-node@3.2.4_@types+node@22.19.17_less@4.6.4_lightningcss@1.32.0_sass@1.99.0_terser@5.46.1/node_modules/vite-node/dist/server.mjs:366:14
packages/ui-svelte test:  ❯ Proxy.fetch ../../node_modules/.pnpm/vitest@3.2.4_@types+node@22.19.17_jsdom@26.1.0_less@4.6.4_lightningcss@1.32.0_sass@1.99.0_terser@5.46.1/node_modules/vitest/dist/chunks/coverage.DL5VHqXY.js:2462:19
packages/ui-svelte test:  ❯ EventEmitter.onMessage ../../node_modules/.pnpm/vitest@3.2.4_@types+node@22.19.17_jsdom@26.1.0_less@4.6.4_lightningcss@1.32.0_sass@1.99.0_terser@5.46.1/node_modules/vitest/dist/chunks/index.B521nVV-.js:103:20
packages/ui-svelte test: ⎯⎯⎯⎯⎯⎯ Unhandled Error ⎯⎯⎯⎯⎯⎯⎯
packages/ui-svelte test: TypeError: Cannot read properties of undefined (reading 'config')
packages/ui-svelte test:  ❯ LoadPluginContext.handler ../../node_modules/.pnpm/@sveltejs+vite-plugin-svelte@7.0.0_svelte@5.55.4_@typescript-eslint+types@8.58.2__vite@8.0.8__pvtmjisjugaiazrbts4oof567u/node_modules/@sveltejs/vite-plugin-svelte/src/plugins/load-custom.js:24:37
packages/ui-svelte test:  ❯ PluginContainer.load ../../node_modules/.pnpm/vite@5.4.21_@types+node@22.19.17_less@4.6.4_lightningcss@1.32.0_sass@1.99.0_terser@5.46.1/node_modules/vite/dist/node/chunks/dep-BK3b2jBa.js:49067:17
packages/ui-svelte test:  ❯ loadAndTransform ../../node_modules/.pnpm/vite@5.4.21_@types+node@22.19.17_less@4.6.4_lightningcss@1.32.0_sass@1.99.0_terser@5.46.1/node_modules/vite/dist/node/chunks/dep-BK3b2jBa.js:51918:44
packages/ui-svelte test:  ❯ doTransform ../../node_modules/.pnpm/vite@5.4.21_@types+node@22.19.17_less@4.6.4_lightningcss@1.32.0_sass@1.99.0_terser@5.46.1/node_modules/vite/dist/node/chunks/dep-BK3b2jBa.js:51874:18
packages/ui-svelte test:  ❯ process.processTicksAndRejections node:internal/process/task_queues:103:5
packages/ui-svelte test:  ❯ ViteNodeServer._transformRequest ../../node_modules/.pnpm/vite-node@3.2.4_@types+node@22.19.17_less@4.6.4_lightningcss@1.32.0_sass@1.99.0_terser@5.46.1/node_modules/vite-node/dist/server.mjs:404:13
packages/ui-svelte test:  ❯ ViteNodeServer._fetchModule ../../node_modules/.pnpm/vite-node@3.2.4_@types+node@22.19.17_less@4.6.4_lightningcss@1.32.0_sass@1.99.0_terser@5.46.1/node_modules/vite-node/dist/server.mjs:366:14
packages/ui-svelte test:  ❯ Proxy.fetch ../../node_modules/.pnpm/vitest@3.2.4_@types+node@22.19.17_jsdom@26.1.0_less@4.6.4_lightningcss@1.32.0_sass@1.99.0_terser@5.46.1/node_modules/vitest/dist/chunks/coverage.DL5VHqXY.js:2462:19
packages/ui-svelte test:  ❯ EventEmitter.onMessage ../../node_modules/.pnpm/vitest@3.2.4_@types+node@22.19.17_jsdom@26.1.0_less@4.6.4_lightningcss@1.32.0_sass@1.99.0_terser@5.46.1/node_modules/vitest/dist/chunks/index.B521nVV-.js:103:20
packages/ui-svelte test: ⎯⎯⎯⎯⎯⎯ Unhandled Error ⎯⎯⎯⎯⎯⎯⎯
packages/ui-svelte test: TypeError: Cannot read properties of undefined (reading 'config')
packages/ui-svelte test:  ❯ LoadPluginContext.handler ../../node_modules/.pnpm/@sveltejs+vite-plugin-svelte@7.0.0_svelte@5.55.4_@typescript-eslint+types@8.58.2__vite@8.0.8__pvtmjisjugaiazrbts4oof567u/node_modules/@sveltejs/vite-plugin-svelte/src/plugins/load-custom.js:24:37
packages/ui-svelte test:  ❯ PluginContainer.load ../../node_modules/.pnpm/vite@5.4.21_@types+node@22.19.17_less@4.6.4_lightningcss@1.32.0_sass@1.99.0_terser@5.46.1/node_modules/vite/dist/node/chunks/dep-BK3b2jBa.js:49067:17
packages/ui-svelte test:  ❯ loadAndTransform ../../node_modules/.pnpm/vite@5.4.21_@types+node@22.19.17_less@4.6.4_lightningcss@1.32.0_sass@1.99.0_terser@5.46.1/node_modules/vite/dist/node/chunks/dep-BK3b2jBa.js:51918:44
packages/ui-svelte test:  ❯ doTransform ../../node_modules/.pnpm/vite@5.4.21_@types+node@22.19.17_less@4.6.4_lightningcss@1.32.0_sass@1.99.0_terser@5.46.1/node_modules/vite/dist/node/chunks/dep-BK3b2jBa.js:51874:18
packages/ui-svelte test:  ❯ process.processTicksAndRejections node:internal/process/task_queues:103:5
packages/ui-svelte test:  ❯ ViteNodeServer._transformRequest ../../node_modules/.pnpm/vite-node@3.2.4_@types+node@22.19.17_less@4.6.4_lightningcss@1.32.0_sass@1.99.0_terser@5.46.1/node_modules/vite-node/dist/server.mjs:404:13
packages/ui-svelte test:  ❯ ViteNodeServer._fetchModule ../../node_modules/.pnpm/vite-node@3.2.4_@types+node@22.19.17_less@4.6.4_lightningcss@1.32.0_sass@1.99.0_terser@5.46.1/node_modules/vite-node/dist/server.mjs:366:14
packages/ui-svelte test:  ❯ Proxy.fetch ../../node_modules/.pnpm/vitest@3.2.4_@types+node@22.19.17_jsdom@26.1.0_less@4.6.4_lightningcss@1.32.0_sass@1.99.0_terser@5.46.1/node_modules/vitest/dist/chunks/coverage.DL5VHqXY.js:2462:19
packages/ui-svelte test:  ❯ EventEmitter.onMessage ../../node_modules/.pnpm/vitest@3.2.4_@types+node@22.19.17_jsdom@26.1.0_less@4.6.4_lightningcss@1.32.0_sass@1.99.0_terser@5.46.1/node_modules/vitest/dist/chunks/index.B521nVV-.js:103:20
packages/ui-svelte test: ⎯⎯⎯⎯⎯⎯ Unhandled Error ⎯⎯⎯⎯⎯⎯⎯
packages/ui-svelte test: TypeError: Cannot read properties of undefined (reading 'config')
packages/ui-svelte test:  ❯ LoadPluginContext.handler ../../node_modules/.pnpm/@sveltejs+vite-plugin-svelte@7.0.0_svelte@5.55.4_@typescript-eslint+types@8.58.2__vite@8.0.8__pvtmjisjugaiazrbts4oof567u/node_modules/@sveltejs/vite-plugin-svelte/src/plugins/load-custom.js:24:37
packages/ui-svelte test:  ❯ PluginContainer.load ../../node_modules/.pnpm/vite@5.4.21_@types+node@22.19.17_less@4.6.4_lightningcss@1.32.0_sass@1.99.0_terser@5.46.1/node_modules/vite/dist/node/chunks/dep-BK3b2jBa.js:49067:17
packages/ui-svelte test:  ❯ loadAndTransform ../../node_modules/.pnpm/vite@5.4.21_@types+node@22.19.17_less@4.6.4_lightningcss@1.32.0_sass@1.99.0_terser@5.46.1/node_modules/vite/dist/node/chunks/dep-BK3b2jBa.js:51918:44
packages/ui-svelte test:  ❯ doTransform ../../node_modules/.pnpm/vite@5.4.21_@types+node@22.19.17_less@4.6.4_lightningcss@1.32.0_sass@1.99.0_terser@5.46.1/node_modules/vite/dist/node/chunks/dep-BK3b2jBa.js:51874:18
packages/ui-svelte test:  ❯ process.processTicksAndRejections node:internal/process/task_queues:103:5
packages/ui-svelte test:  ❯ ViteNodeServer._transformRequest ../../node_modules/.pnpm/vite-node@3.2.4_@types+node@22.19.17_less@4.6.4_lightningcss@1.32.0_sass@1.99.0_terser@5.46.1/node_modules/vite-node/dist/server.mjs:404:13
packages/ui-svelte test:  ❯ ViteNodeServer._fetchModule ../../node_modules/.pnpm/vite-node@3.2.4_@types+node@22.19.17_less@4.6.4_lightningcss@1.32.0_sass@1.99.0_terser@5.46.1/node_modules/vite-node/dist/server.mjs:366:14
packages/ui-svelte test:  ❯ Proxy.fetch ../../node_modules/.pnpm/vitest@3.2.4_@types+node@22.19.17_jsdom@26.1.0_less@4.6.4_lightningcss@1.32.0_sass@1.99.0_terser@5.46.1/node_modules/vitest/dist/chunks/coverage.DL5VHqXY.js:2462:19
packages/ui-svelte test:  ❯ EventEmitter.onMessage ../../node_modules/.pnpm/vitest@3.2.4_@types+node@22.19.17_jsdom@26.1.0_less@4.6.4_lightningcss@1.32.0_sass@1.99.0_terser@5.46.1/node_modules/vitest/dist/chunks/index.B521nVV-.js:103:20
packages/ui-svelte test: ⎯⎯⎯⎯⎯⎯ Unhandled Error ⎯⎯⎯⎯⎯⎯⎯
packages/ui-svelte test: TypeError: Cannot read properties of undefined (reading 'config')
packages/ui-svelte test:  ❯ LoadPluginContext.handler ../../node_modules/.pnpm/@sveltejs+vite-plugin-svelte@7.0.0_svelte@5.55.4_@typescript-eslint+types@8.58.2__vite@8.0.8__pvtmjisjugaiazrbts4oof567u/node_modules/@sveltejs/vite-plugin-svelte/src/plugins/load-custom.js:24:37
packages/ui-svelte test:  ❯ PluginContainer.load ../../node_modules/.pnpm/vite@5.4.21_@types+node@22.19.17_less@4.6.4_lightningcss@1.32.0_sass@1.99.0_terser@5.46.1/node_modules/vite/dist/node/chunks/dep-BK3b2jBa.js:49067:17
packages/ui-svelte test:  ❯ loadAndTransform ../../node_modules/.pnpm/vite@5.4.21_@types+node@22.19.17_less@4.6.4_lightningcss@1.32.0_sass@1.99.0_terser@5.46.1/node_modules/vite/dist/node/chunks/dep-BK3b2jBa.js:51918:44
packages/ui-svelte test:  ❯ doTransform ../../node_modules/.pnpm/vite@5.4.21_@types+node@22.19.17_less@4.6.4_lightningcss@1.32.0_sass@1.99.0_terser@5.46.1/node_modules/vite/dist/node/chunks/dep-BK3b2jBa.js:51874:18
packages/ui-svelte test:  ❯ process.processTicksAndRejections node:internal/process/task_queues:103:5
packages/ui-svelte test:  ❯ ViteNodeServer._transformRequest ../../node_modules/.pnpm/vite-node@3.2.4_@types+node@22.19.17_less@4.6.4_lightningcss@1.32.0_sass@1.99.0_terser@5.46.1/node_modules/vite-node/dist/server.mjs:404:13
packages/ui-svelte test:  ❯ ViteNodeServer._fetchModule ../../node_modules/.pnpm/vite-node@3.2.4_@types+node@22.19.17_less@4.6.4_lightningcss@1.32.0_sass@1.99.0_terser@5.46.1/node_modules/vite-node/dist/server.mjs:366:14
packages/ui-svelte test:  ❯ Proxy.fetch ../../node_modules/.pnpm/vitest@3.2.4_@types+node@22.19.17_jsdom@26.1.0_less@4.6.4_lightningcss@1.32.0_sass@1.99.0_terser@5.46.1/node_modules/vitest/dist/chunks/coverage.DL5VHqXY.js:2462:19
packages/ui-svelte test:  ❯ EventEmitter.onMessage ../../node_modules/.pnpm/vitest@3.2.4_@types+node@22.19.17_jsdom@26.1.0_less@4.6.4_lightningcss@1.32.0_sass@1.99.0_terser@5.46.1/node_modules/vitest/dist/chunks/index.B521nVV-.js:103:20
packages/ui-svelte test: ⎯⎯⎯⎯⎯⎯ Unhandled Error ⎯⎯⎯⎯⎯⎯⎯
packages/ui-svelte test: TypeError: Cannot read properties of undefined (reading 'config')
packages/ui-svelte test:  ❯ LoadPluginContext.handler ../../node_modules/.pnpm/@sveltejs+vite-plugin-svelte@7.0.0_svelte@5.55.4_@typescript-eslint+types@8.58.2__vite@8.0.8__pvtmjisjugaiazrbts4oof567u/node_modules/@sveltejs/vite-plugin-svelte/src/plugins/load-custom.js:24:37
packages/ui-svelte test:  ❯ PluginContainer.load ../../node_modules/.pnpm/vite@5.4.21_@types+node@22.19.17_less@4.6.4_lightningcss@1.32.0_sass@1.99.0_terser@5.46.1/node_modules/vite/dist/node/chunks/dep-BK3b2jBa.js:49067:17
packages/ui-svelte test:  ❯ loadAndTransform ../../node_modules/.pnpm/vite@5.4.21_@types+node@22.19.17_less@4.6.4_lightningcss@1.32.0_sass@1.99.0_terser@5.46.1/node_modules/vite/dist/node/chunks/dep-BK3b2jBa.js:51918:44
packages/ui-svelte test:  ❯ doTransform ../../node_modules/.pnpm/vite@5.4.21_@types+node@22.19.17_less@4.6.4_lightningcss@1.32.0_sass@1.99.0_terser@5.46.1/node_modules/vite/dist/node/chunks/dep-BK3b2jBa.js:51874:18
packages/ui-svelte test:  ❯ process.processTicksAndRejections node:internal/process/task_queues:103:5
packages/ui-svelte test:  ❯ ViteNodeServer._transformRequest ../../node_modules/.pnpm/vite-node@3.2.4_@types+node@22.19.17_less@4.6.4_lightningcss@1.32.0_sass@1.99.0_terser@5.46.1/node_modules/vite-node/dist/server.mjs:404:13
packages/ui-svelte test:  ❯ ViteNodeServer._fetchModule ../../node_modules/.pnpm/vite-node@3.2.4_@types+node@22.19.17_less@4.6.4_lightningcss@1.32.0_sass@1.99.0_terser@5.46.1/node_modules/vite-node/dist/server.mjs:366:14
packages/ui-svelte test:  ❯ Proxy.fetch ../../node_modules/.pnpm/vitest@3.2.4_@types+node@22.19.17_jsdom@26.1.0_less@4.6.4_lightningcss@1.32.0_sass@1.99.0_terser@5.46.1/node_modules/vitest/dist/chunks/coverage.DL5VHqXY.js:2462:19
packages/ui-svelte test:  ❯ EventEmitter.onMessage ../../node_modules/.pnpm/vitest@3.2.4_@types+node@22.19.17_jsdom@26.1.0_less@4.6.4_lightningcss@1.32.0_sass@1.99.0_terser@5.46.1/node_modules/vitest/dist/chunks/index.B521nVV-.js:103:20
packages/ui-svelte test: ⎯⎯⎯⎯⎯⎯ Unhandled Error ⎯⎯⎯⎯⎯⎯⎯
packages/ui-svelte test: TypeError: Cannot read properties of undefined (reading 'config')
packages/ui-svelte test:  ❯ LoadPluginContext.handler ../../node_modules/.pnpm/@sveltejs+vite-plugin-svelte@7.0.0_svelte@5.55.4_@typescript-eslint+types@8.58.2__vite@8.0.8__pvtmjisjugaiazrbts4oof567u/node_modules/@sveltejs/vite-plugin-svelte/src/plugins/load-custom.js:24:37
packages/ui-svelte test:  ❯ PluginContainer.load ../../node_modules/.pnpm/vite@5.4.21_@types+node@22.19.17_less@4.6.4_lightningcss@1.32.0_sass@1.99.0_terser@5.46.1/node_modules/vite/dist/node/chunks/dep-BK3b2jBa.js:49067:17
packages/ui-svelte test:  ❯ loadAndTransform ../../node_modules/.pnpm/vite@5.4.21_@types+node@22.19.17_less@4.6.4_lightningcss@1.32.0_sass@1.99.0_terser@5.46.1/node_modules/vite/dist/node/chunks/dep-BK3b2jBa.js:51918:44
packages/ui-svelte test:  ❯ doTransform ../../node_modules/.pnpm/vite@5.4.21_@types+node@22.19.17_less@4.6.4_lightningcss@1.32.0_sass@1.99.0_terser@5.46.1/node_modules/vite/dist/node/chunks/dep-BK3b2jBa.js:51874:18
packages/ui-svelte test:  ❯ process.processTicksAndRejections node:internal/process/task_queues:103:5
packages/ui-svelte test:  ❯ ViteNodeServer._transformRequest ../../node_modules/.pnpm/vite-node@3.2.4_@types+node@22.19.17_less@4.6.4_lightningcss@1.32.0_sass@1.99.0_terser@5.46.1/node_modules/vite-node/dist/server.mjs:404:13
packages/ui-svelte test:  ❯ ViteNodeServer._fetchModule ../../node_modules/.pnpm/vite-node@3.2.4_@types+node@22.19.17_less@4.6.4_lightningcss@1.32.0_sass@1.99.0_terser@5.46.1/node_modules/vite-node/dist/server.mjs:366:14
packages/ui-svelte test:  ❯ Proxy.fetch ../../node_modules/.pnpm/vitest@3.2.4_@types+node@22.19.17_jsdom@26.1.0_less@4.6.4_lightningcss@1.32.0_sass@1.99.0_terser@5.46.1/node_modules/vitest/dist/chunks/coverage.DL5VHqXY.js:2462:19
packages/ui-svelte test:  ❯ EventEmitter.onMessage ../../node_modules/.pnpm/vitest@3.2.4_@types+node@22.19.17_jsdom@26.1.0_less@4.6.4_lightningcss@1.32.0_sass@1.99.0_terser@5.46.1/node_modules/vitest/dist/chunks/index.B521nVV-.js:103:20
packages/ui-svelte test: ⎯⎯⎯⎯⎯⎯ Unhandled Error ⎯⎯⎯⎯⎯⎯⎯
packages/ui-svelte test: TypeError: Cannot read properties of undefined (reading 'config')
packages/ui-svelte test:  ❯ LoadPluginContext.handler ../../node_modules/.pnpm/@sveltejs+vite-plugin-svelte@7.0.0_svelte@5.55.4_@typescript-eslint+types@8.58.2__vite@8.0.8__pvtmjisjugaiazrbts4oof567u/node_modules/@sveltejs/vite-plugin-svelte/src/plugins/load-custom.js:24:37
packages/ui-svelte test:  ❯ PluginContainer.load ../../node_modules/.pnpm/vite@5.4.21_@types+node@22.19.17_less@4.6.4_lightningcss@1.32.0_sass@1.99.0_terser@5.46.1/node_modules/vite/dist/node/chunks/dep-BK3b2jBa.js:49067:17
packages/ui-svelte test:  ❯ loadAndTransform ../../node_modules/.pnpm/vite@5.4.21_@types+node@22.19.17_less@4.6.4_lightningcss@1.32.0_sass@1.99.0_terser@5.46.1/node_modules/vite/dist/node/chunks/dep-BK3b2jBa.js:51918:44
packages/ui-svelte test:  ❯ doTransform ../../node_modules/.pnpm/vite@5.4.21_@types+node@22.19.17_less@4.6.4_lightningcss@1.32.0_sass@1.99.0_terser@5.46.1/node_modules/vite/dist/node/chunks/dep-BK3b2jBa.js:51874:18
packages/ui-svelte test:  ❯ process.processTicksAndRejections node:internal/process/task_queues:103:5
packages/ui-svelte test:  ❯ ViteNodeServer._transformRequest ../../node_modules/.pnpm/vite-node@3.2.4_@types+node@22.19.17_less@4.6.4_lightningcss@1.32.0_sass@1.99.0_terser@5.46.1/node_modules/vite-node/dist/server.mjs:404:13
packages/ui-svelte test:  ❯ ViteNodeServer._fetchModule ../../node_modules/.pnpm/vite-node@3.2.4_@types+node@22.19.17_less@4.6.4_lightningcss@1.32.0_sass@1.99.0_terser@5.46.1/node_modules/vite-node/dist/server.mjs:366:14
packages/ui-svelte test:  ❯ Proxy.fetch ../../node_modules/.pnpm/vitest@3.2.4_@types+node@22.19.17_jsdom@26.1.0_less@4.6.4_lightningcss@1.32.0_sass@1.99.0_terser@5.46.1/node_modules/vitest/dist/chunks/coverage.DL5VHqXY.js:2462:19
packages/ui-svelte test:  ❯ EventEmitter.onMessage ../../node_modules/.pnpm/vitest@3.2.4_@types+node@22.19.17_jsdom@26.1.0_less@4.6.4_lightningcss@1.32.0_sass@1.99.0_terser@5.46.1/node_modules/vitest/dist/chunks/index.B521nVV-.js:103:20
packages/ui-svelte test: ⎯⎯⎯⎯⎯⎯ Unhandled Error ⎯⎯⎯⎯⎯⎯⎯
packages/ui-svelte test: TypeError: Cannot read properties of undefined (reading 'config')
packages/ui-svelte test:  ❯ LoadPluginContext.handler ../../node_modules/.pnpm/@sveltejs+vite-plugin-svelte@7.0.0_svelte@5.55.4_@typescript-eslint+types@8.58.2__vite@8.0.8__pvtmjisjugaiazrbts4oof567u/node_modules/@sveltejs/vite-plugin-svelte/src/plugins/load-custom.js:24:37
packages/ui-svelte test:  ❯ PluginContainer.load ../../node_modules/.pnpm/vite@5.4.21_@types+node@22.19.17_less@4.6.4_lightningcss@1.32.0_sass@1.99.0_terser@5.46.1/node_modules/vite/dist/node/chunks/dep-BK3b2jBa.js:49067:17
packages/ui-svelte test:  ❯ loadAndTransform ../../node_modules/.pnpm/vite@5.4.21_@types+node@22.19.17_less@4.6.4_lightningcss@1.32.0_sass@1.99.0_terser@5.46.1/node_modules/vite/dist/node/chunks/dep-BK3b2jBa.js:51918:44
packages/ui-svelte test:  ❯ doTransform ../../node_modules/.pnpm/vite@5.4.21_@types+node@22.19.17_less@4.6.4_lightningcss@1.32.0_sass@1.99.0_terser@5.46.1/node_modules/vite/dist/node/chunks/dep-BK3b2jBa.js:51874:18
packages/ui-svelte test:  ❯ process.processTicksAndRejections node:internal/process/task_queues:103:5
packages/ui-svelte test:  ❯ ViteNodeServer._transformRequest ../../node_modules/.pnpm/vite-node@3.2.4_@types+node@22.19.17_less@4.6.4_lightningcss@1.32.0_sass@1.99.0_terser@5.46.1/node_modules/vite-node/dist/server.mjs:404:13
packages/ui-svelte test:  ❯ ViteNodeServer._fetchModule ../../node_modules/.pnpm/vite-node@3.2.4_@types+node@22.19.17_less@4.6.4_lightningcss@1.32.0_sass@1.99.0_terser@5.46.1/node_modules/vite-node/dist/server.mjs:366:14
packages/ui-svelte test:  ❯ Proxy.fetch ../../node_modules/.pnpm/vitest@3.2.4_@types+node@22.19.17_jsdom@26.1.0_less@4.6.4_lightningcss@1.32.0_sass@1.99.0_terser@5.46.1/node_modules/vitest/dist/chunks/coverage.DL5VHqXY.js:2462:19
packages/ui-svelte test:  ❯ EventEmitter.onMessage ../../node_modules/.pnpm/vitest@3.2.4_@types+node@22.19.17_jsdom@26.1.0_less@4.6.4_lightningcss@1.32.0_sass@1.99.0_terser@5.46.1/node_modules/vitest/dist/chunks/index.B521nVV-.js:103:20
packages/ui-svelte test: ⎯⎯⎯⎯⎯⎯ Unhandled Error ⎯⎯⎯⎯⎯⎯⎯
packages/ui-svelte test: TypeError: Cannot read properties of undefined (reading 'config')
packages/ui-svelte test:  ❯ LoadPluginContext.handler ../../node_modules/.pnpm/@sveltejs+vite-plugin-svelte@7.0.0_svelte@5.55.4_@typescript-eslint+types@8.58.2__vite@8.0.8__pvtmjisjugaiazrbts4oof567u/node_modules/@sveltejs/vite-plugin-svelte/src/plugins/load-custom.js:24:37
packages/ui-svelte test:  ❯ PluginContainer.load ../../node_modules/.pnpm/vite@5.4.21_@types+node@22.19.17_less@4.6.4_lightningcss@1.32.0_sass@1.99.0_terser@5.46.1/node_modules/vite/dist/node/chunks/dep-BK3b2jBa.js:49067:17
packages/ui-svelte test:  ❯ loadAndTransform ../../node_modules/.pnpm/vite@5.4.21_@types+node@22.19.17_less@4.6.4_lightningcss@1.32.0_sass@1.99.0_terser@5.46.1/node_modules/vite/dist/node/chunks/dep-BK3b2jBa.js:51918:44
packages/ui-svelte test:  ❯ doTransform ../../node_modules/.pnpm/vite@5.4.21_@types+node@22.19.17_less@4.6.4_lightningcss@1.32.0_sass@1.99.0_terser@5.46.1/node_modules/vite/dist/node/chunks/dep-BK3b2jBa.js:51874:18
packages/ui-svelte test:  ❯ process.processTicksAndRejections node:internal/process/task_queues:103:5
packages/ui-svelte test:  ❯ ViteNodeServer._transformRequest ../../node_modules/.pnpm/vite-node@3.2.4_@types+node@22.19.17_less@4.6.4_lightningcss@1.32.0_sass@1.99.0_terser@5.46.1/node_modules/vite-node/dist/server.mjs:404:13
packages/ui-svelte test:  ❯ ViteNodeServer._fetchModule ../../node_modules/.pnpm/vite-node@3.2.4_@types+node@22.19.17_less@4.6.4_lightningcss@1.32.0_sass@1.99.0_terser@5.46.1/node_modules/vite-node/dist/server.mjs:366:14
packages/ui-svelte test:  ❯ Proxy.fetch ../../node_modules/.pnpm/vitest@3.2.4_@types+node@22.19.17_jsdom@26.1.0_less@4.6.4_lightningcss@1.32.0_sass@1.99.0_terser@5.46.1/node_modules/vitest/dist/chunks/coverage.DL5VHqXY.js:2462:19
packages/ui-svelte test:  ❯ EventEmitter.onMessage ../../node_modules/.pnpm/vitest@3.2.4_@types+node@22.19.17_jsdom@26.1.0_less@4.6.4_lightningcss@1.32.0_sass@1.99.0_terser@5.46.1/node_modules/vitest/dist/chunks/index.B521nVV-.js:103:20
packages/ui-svelte test: ⎯⎯⎯⎯⎯⎯ Unhandled Error ⎯⎯⎯⎯⎯⎯⎯
packages/ui-svelte test: TypeError: Cannot read properties of undefined (reading 'config')
packages/ui-svelte test:  ❯ LoadPluginContext.handler ../../node_modules/.pnpm/@sveltejs+vite-plugin-svelte@7.0.0_svelte@5.55.4_@typescript-eslint+types@8.58.2__vite@8.0.8__pvtmjisjugaiazrbts4oof567u/node_modules/@sveltejs/vite-plugin-svelte/src/plugins/load-custom.js:24:37
packages/ui-svelte test:  ❯ PluginContainer.load ../../node_modules/.pnpm/vite@5.4.21_@types+node@22.19.17_less@4.6.4_lightningcss@1.32.0_sass@1.99.0_terser@5.46.1/node_modules/vite/dist/node/chunks/dep-BK3b2jBa.js:49067:17
packages/ui-svelte test:  ❯ loadAndTransform ../../node_modules/.pnpm/vite@5.4.21_@types+node@22.19.17_less@4.6.4_lightningcss@1.32.0_sass@1.99.0_terser@5.46.1/node_modules/vite/dist/node/chunks/dep-BK3b2jBa.js:51918:44
packages/ui-svelte test:  ❯ doTransform ../../node_modules/.pnpm/vite@5.4.21_@types+node@22.19.17_less@4.6.4_lightningcss@1.32.0_sass@1.99.0_terser@5.46.1/node_modules/vite/dist/node/chunks/dep-BK3b2jBa.js:51874:18
packages/ui-svelte test:  ❯ process.processTicksAndRejections node:internal/process/task_queues:103:5
packages/ui-svelte test:  ❯ ViteNodeServer._transformRequest ../../node_modules/.pnpm/vite-node@3.2.4_@types+node@22.19.17_less@4.6.4_lightningcss@1.32.0_sass@1.99.0_terser@5.46.1/node_modules/vite-node/dist/server.mjs:404:13
packages/ui-svelte test:  ❯ ViteNodeServer._fetchModule ../../node_modules/.pnpm/vite-node@3.2.4_@types+node@22.19.17_less@4.6.4_lightningcss@1.32.0_sass@1.99.0_terser@5.46.1/node_modules/vite-node/dist/server.mjs:366:14
packages/ui-svelte test:  ❯ Proxy.fetch ../../node_modules/.pnpm/vitest@3.2.4_@types+node@22.19.17_jsdom@26.1.0_less@4.6.4_lightningcss@1.32.0_sass@1.99.0_terser@5.46.1/node_modules/vitest/dist/chunks/coverage.DL5VHqXY.js:2462:19
packages/ui-svelte test:  ❯ EventEmitter.onMessage ../../node_modules/.pnpm/vitest@3.2.4_@types+node@22.19.17_jsdom@26.1.0_less@4.6.4_lightningcss@1.32.0_sass@1.99.0_terser@5.46.1/node_modules/vitest/dist/chunks/index.B521nVV-.js:103:20
packages/ui-svelte test: ⎯⎯⎯⎯⎯⎯ Unhandled Error ⎯⎯⎯⎯⎯⎯⎯
packages/ui-svelte test: TypeError: Cannot read properties of undefined (reading 'config')
packages/ui-svelte test:  ❯ LoadPluginContext.handler ../../node_modules/.pnpm/@sveltejs+vite-plugin-svelte@7.0.0_svelte@5.55.4_@typescript-eslint+types@8.58.2__vite@8.0.8__pvtmjisjugaiazrbts4oof567u/node_modules/@sveltejs/vite-plugin-svelte/src/plugins/load-custom.js:24:37
packages/ui-svelte test:  ❯ PluginContainer.load ../../node_modules/.pnpm/vite@5.4.21_@types+node@22.19.17_less@4.6.4_lightningcss@1.32.0_sass@1.99.0_terser@5.46.1/node_modules/vite/dist/node/chunks/dep-BK3b2jBa.js:49067:17
packages/ui-svelte test:  ❯ loadAndTransform ../../node_modules/.pnpm/vite@5.4.21_@types+node@22.19.17_less@4.6.4_lightningcss@1.32.0_sass@1.99.0_terser@5.46.1/node_modules/vite/dist/node/chunks/dep-BK3b2jBa.js:51918:44
packages/ui-svelte test:  ❯ doTransform ../../node_modules/.pnpm/vite@5.4.21_@types+node@22.19.17_less@4.6.4_lightningcss@1.32.0_sass@1.99.0_terser@5.46.1/node_modules/vite/dist/node/chunks/dep-BK3b2jBa.js:51874:18
packages/ui-svelte test:  ❯ process.processTicksAndRejections node:internal/process/task_queues:103:5
packages/ui-svelte test:  ❯ ViteNodeServer._transformRequest ../../node_modules/.pnpm/vite-node@3.2.4_@types+node@22.19.17_less@4.6.4_lightningcss@1.32.0_sass@1.99.0_terser@5.46.1/node_modules/vite-node/dist/server.mjs:404:13
packages/ui-svelte test:  ❯ ViteNodeServer._fetchModule ../../node_modules/.pnpm/vite-node@3.2.4_@types+node@22.19.17_less@4.6.4_lightningcss@1.32.0_sass@1.99.0_terser@5.46.1/node_modules/vite-node/dist/server.mjs:366:14
packages/ui-svelte test:  ❯ Proxy.fetch ../../node_modules/.pnpm/vitest@3.2.4_@types+node@22.19.17_jsdom@26.1.0_less@4.6.4_lightningcss@1.32.0_sass@1.99.0_terser@5.46.1/node_modules/vitest/dist/chunks/coverage.DL5VHqXY.js:2462:19
packages/ui-svelte test:  ❯ EventEmitter.onMessage ../../node_modules/.pnpm/vitest@3.2.4_@types+node@22.19.17_jsdom@26.1.0_less@4.6.4_lightningcss@1.32.0_sass@1.99.0_terser@5.46.1/node_modules/vitest/dist/chunks/index.B521nVV-.js:103:20
packages/ui-svelte test: ⎯⎯⎯⎯⎯⎯ Unhandled Error ⎯⎯⎯⎯⎯⎯⎯
packages/ui-svelte test: TypeError: Cannot read properties of undefined (reading 'config')
packages/ui-svelte test:  ❯ LoadPluginContext.handler ../../node_modules/.pnpm/@sveltejs+vite-plugin-svelte@7.0.0_svelte@5.55.4_@typescript-eslint+types@8.58.2__vite@8.0.8__pvtmjisjugaiazrbts4oof567u/node_modules/@sveltejs/vite-plugin-svelte/src/plugins/load-custom.js:24:37
packages/ui-svelte test:  ❯ PluginContainer.load ../../node_modules/.pnpm/vite@5.4.21_@types+node@22.19.17_less@4.6.4_lightningcss@1.32.0_sass@1.99.0_terser@5.46.1/node_modules/vite/dist/node/chunks/dep-BK3b2jBa.js:49067:17
packages/ui-svelte test:  ❯ loadAndTransform ../../node_modules/.pnpm/vite@5.4.21_@types+node@22.19.17_less@4.6.4_lightningcss@1.32.0_sass@1.99.0_terser@5.46.1/node_modules/vite/dist/node/chunks/dep-BK3b2jBa.js:51918:44
packages/ui-svelte test:  ❯ doTransform ../../node_modules/.pnpm/vite@5.4.21_@types+node@22.19.17_less@4.6.4_lightningcss@1.32.0_sass@1.99.0_terser@5.46.1/node_modules/vite/dist/node/chunks/dep-BK3b2jBa.js:51874:18
packages/ui-svelte test:  ❯ process.processTicksAndRejections node:internal/process/task_queues:103:5
packages/ui-svelte test:  ❯ ViteNodeServer._transformRequest ../../node_modules/.pnpm/vite-node@3.2.4_@types+node@22.19.17_less@4.6.4_lightningcss@1.32.0_sass@1.99.0_terser@5.46.1/node_modules/vite-node/dist/server.mjs:404:13
packages/ui-svelte test:  ❯ ViteNodeServer._fetchModule ../../node_modules/.pnpm/vite-node@3.2.4_@types+node@22.19.17_less@4.6.4_lightningcss@1.32.0_sass@1.99.0_terser@5.46.1/node_modules/vite-node/dist/server.mjs:366:14
packages/ui-svelte test:  ❯ Proxy.fetch ../../node_modules/.pnpm/vitest@3.2.4_@types+node@22.19.17_jsdom@26.1.0_less@4.6.4_lightningcss@1.32.0_sass@1.99.0_terser@5.46.1/node_modules/vitest/dist/chunks/coverage.DL5VHqXY.js:2462:19
packages/ui-svelte test:  ❯ EventEmitter.onMessage ../../node_modules/.pnpm/vitest@3.2.4_@types+node@22.19.17_jsdom@26.1.0_less@4.6.4_lightningcss@1.32.0_sass@1.99.0_terser@5.46.1/node_modules/vitest/dist/chunks/index.B521nVV-.js:103:20
packages/ui-svelte test: ⎯⎯⎯⎯⎯⎯ Unhandled Error ⎯⎯⎯⎯⎯⎯⎯
packages/ui-svelte test: TypeError: Cannot read properties of undefined (reading 'config')
packages/ui-svelte test:  ❯ LoadPluginContext.handler ../../node_modules/.pnpm/@sveltejs+vite-plugin-svelte@7.0.0_svelte@5.55.4_@typescript-eslint+types@8.58.2__vite@8.0.8__pvtmjisjugaiazrbts4oof567u/node_modules/@sveltejs/vite-plugin-svelte/src/plugins/load-custom.js:24:37
packages/ui-svelte test:  ❯ PluginContainer.load ../../node_modules/.pnpm/vite@5.4.21_@types+node@22.19.17_less@4.6.4_lightningcss@1.32.0_sass@1.99.0_terser@5.46.1/node_modules/vite/dist/node/chunks/dep-BK3b2jBa.js:49067:17
packages/ui-svelte test:  ❯ loadAndTransform ../../node_modules/.pnpm/vite@5.4.21_@types+node@22.19.17_less@4.6.4_lightningcss@1.32.0_sass@1.99.0_terser@5.46.1/node_modules/vite/dist/node/chunks/dep-BK3b2jBa.js:51918:44
packages/ui-svelte test:  ❯ doTransform ../../node_modules/.pnpm/vite@5.4.21_@types+node@22.19.17_less@4.6.4_lightningcss@1.32.0_sass@1.99.0_terser@5.46.1/node_modules/vite/dist/node/chunks/dep-BK3b2jBa.js:51874:18
packages/ui-svelte test:  ❯ process.processTicksAndRejections node:internal/process/task_queues:103:5
packages/ui-svelte test:  ❯ ViteNodeServer._transformRequest ../../node_modules/.pnpm/vite-node@3.2.4_@types+node@22.19.17_less@4.6.4_lightningcss@1.32.0_sass@1.99.0_terser@5.46.1/node_modules/vite-node/dist/server.mjs:404:13
packages/ui-svelte test:  ❯ ViteNodeServer._fetchModule ../../node_modules/.pnpm/vite-node@3.2.4_@types+node@22.19.17_less@4.6.4_lightningcss@1.32.0_sass@1.99.0_terser@5.46.1/node_modules/vite-node/dist/server.mjs:366:14
packages/ui-svelte test:  ❯ Proxy.fetch ../../node_modules/.pnpm/vitest@3.2.4_@types+node@22.19.17_jsdom@26.1.0_less@4.6.4_lightningcss@1.32.0_sass@1.99.0_terser@5.46.1/node_modules/vitest/dist/chunks/coverage.DL5VHqXY.js:2462:19
packages/ui-svelte test:  ❯ EventEmitter.onMessage ../../node_modules/.pnpm/vitest@3.2.4_@types+node@22.19.17_jsdom@26.1.0_less@4.6.4_lightningcss@1.32.0_sass@1.99.0_terser@5.46.1/node_modules/vitest/dist/chunks/index.B521nVV-.js:103:20
packages/ui-svelte test: ⎯⎯⎯⎯⎯⎯ Unhandled Error ⎯⎯⎯⎯⎯⎯⎯
packages/ui-svelte test: TypeError: Cannot read properties of undefined (reading 'config')
packages/ui-svelte test:  ❯ LoadPluginContext.handler ../../node_modules/.pnpm/@sveltejs+vite-plugin-svelte@7.0.0_svelte@5.55.4_@typescript-eslint+types@8.58.2__vite@8.0.8__pvtmjisjugaiazrbts4oof567u/node_modules/@sveltejs/vite-plugin-svelte/src/plugins/load-custom.js:24:37
packages/ui-svelte test:  ❯ PluginContainer.load ../../node_modules/.pnpm/vite@5.4.21_@types+node@22.19.17_less@4.6.4_lightningcss@1.32.0_sass@1.99.0_terser@5.46.1/node_modules/vite/dist/node/chunks/dep-BK3b2jBa.js:49067:17
packages/ui-svelte test:  ❯ loadAndTransform ../../node_modules/.pnpm/vite@5.4.21_@types+node@22.19.17_less@4.6.4_lightningcss@1.32.0_sass@1.99.0_terser@5.46.1/node_modules/vite/dist/node/chunks/dep-BK3b2jBa.js:51918:44
packages/ui-svelte test:  ❯ doTransform ../../node_modules/.pnpm/vite@5.4.21_@types+node@22.19.17_less@4.6.4_lightningcss@1.32.0_sass@1.99.0_terser@5.46.1/node_modules/vite/dist/node/chunks/dep-BK3b2jBa.js:51874:18
packages/ui-svelte test:  ❯ process.processTicksAndRejections node:internal/process/task_queues:103:5
packages/ui-svelte test:  ❯ ViteNodeServer._transformRequest ../../node_modules/.pnpm/vite-node@3.2.4_@types+node@22.19.17_less@4.6.4_lightningcss@1.32.0_sass@1.99.0_terser@5.46.1/node_modules/vite-node/dist/server.mjs:404:13
packages/ui-svelte test:  ❯ ViteNodeServer._fetchModule ../../node_modules/.pnpm/vite-node@3.2.4_@types+node@22.19.17_less@4.6.4_lightningcss@1.32.0_sass@1.99.0_terser@5.46.1/node_modules/vite-node/dist/server.mjs:366:14
packages/ui-svelte test:  ❯ Proxy.fetch ../../node_modules/.pnpm/vitest@3.2.4_@types+node@22.19.17_jsdom@26.1.0_less@4.6.4_lightningcss@1.32.0_sass@1.99.0_terser@5.46.1/node_modules/vitest/dist/chunks/coverage.DL5VHqXY.js:2462:19
packages/ui-svelte test:  ❯ EventEmitter.onMessage ../../node_modules/.pnpm/vitest@3.2.4_@types+node@22.19.17_jsdom@26.1.0_less@4.6.4_lightningcss@1.32.0_sass@1.99.0_terser@5.46.1/node_modules/vitest/dist/chunks/index.B521nVV-.js:103:20
packages/ui-svelte test: ⎯⎯⎯⎯⎯⎯ Unhandled Error ⎯⎯⎯⎯⎯⎯⎯
packages/ui-svelte test: TypeError: Cannot read properties of undefined (reading 'config')
packages/ui-svelte test:  ❯ LoadPluginContext.handler ../../node_modules/.pnpm/@sveltejs+vite-plugin-svelte@7.0.0_svelte@5.55.4_@typescript-eslint+types@8.58.2__vite@8.0.8__pvtmjisjugaiazrbts4oof567u/node_modules/@sveltejs/vite-plugin-svelte/src/plugins/load-custom.js:24:37
packages/ui-svelte test:  ❯ PluginContainer.load ../../node_modules/.pnpm/vite@5.4.21_@types+node@22.19.17_less@4.6.4_lightningcss@1.32.0_sass@1.99.0_terser@5.46.1/node_modules/vite/dist/node/chunks/dep-BK3b2jBa.js:49067:17
packages/ui-svelte test:  ❯ loadAndTransform ../../node_modules/.pnpm/vite@5.4.21_@types+node@22.19.17_less@4.6.4_lightningcss@1.32.0_sass@1.99.0_terser@5.46.1/node_modules/vite/dist/node/chunks/dep-BK3b2jBa.js:51918:44
packages/ui-svelte test:  ❯ doTransform ../../node_modules/.pnpm/vite@5.4.21_@types+node@22.19.17_less@4.6.4_lightningcss@1.32.0_sass@1.99.0_terser@5.46.1/node_modules/vite/dist/node/chunks/dep-BK3b2jBa.js:51874:18
packages/ui-svelte test:  ❯ process.processTicksAndRejections node:internal/process/task_queues:103:5
packages/ui-svelte test:  ❯ ViteNodeServer._transformRequest ../../node_modules/.pnpm/vite-node@3.2.4_@types+node@22.19.17_less@4.6.4_lightningcss@1.32.0_sass@1.99.0_terser@5.46.1/node_modules/vite-node/dist/server.mjs:404:13
packages/ui-svelte test:  ❯ ViteNodeServer._fetchModule ../../node_modules/.pnpm/vite-node@3.2.4_@types+node@22.19.17_less@4.6.4_lightningcss@1.32.0_sass@1.99.0_terser@5.46.1/node_modules/vite-node/dist/server.mjs:366:14
packages/ui-svelte test:  ❯ Proxy.fetch ../../node_modules/.pnpm/vitest@3.2.4_@types+node@22.19.17_jsdom@26.1.0_less@4.6.4_lightningcss@1.32.0_sass@1.99.0_terser@5.46.1/node_modules/vitest/dist/chunks/coverage.DL5VHqXY.js:2462:19
packages/ui-svelte test:  ❯ EventEmitter.onMessage ../../node_modules/.pnpm/vitest@3.2.4_@types+node@22.19.17_jsdom@26.1.0_less@4.6.4_lightningcss@1.32.0_sass@1.99.0_terser@5.46.1/node_modules/vitest/dist/chunks/index.B521nVV-.js:103:20
packages/ui-svelte test: ⎯⎯⎯⎯⎯⎯ Unhandled Error ⎯⎯⎯⎯⎯⎯⎯
packages/ui-svelte test: TypeError: Cannot read properties of undefined (reading 'config')
packages/ui-svelte test:  ❯ LoadPluginContext.handler ../../node_modules/.pnpm/@sveltejs+vite-plugin-svelte@7.0.0_svelte@5.55.4_@typescript-eslint+types@8.58.2__vite@8.0.8__pvtmjisjugaiazrbts4oof567u/node_modules/@sveltejs/vite-plugin-svelte/src/plugins/load-custom.js:24:37
packages/ui-svelte test:  ❯ PluginContainer.load ../../node_modules/.pnpm/vite@5.4.21_@types+node@22.19.17_less@4.6.4_lightningcss@1.32.0_sass@1.99.0_terser@5.46.1/node_modules/vite/dist/node/chunks/dep-BK3b2jBa.js:49067:17
packages/ui-svelte test:  ❯ loadAndTransform ../../node_modules/.pnpm/vite@5.4.21_@types+node@22.19.17_less@4.6.4_lightningcss@1.32.0_sass@1.99.0_terser@5.46.1/node_modules/vite/dist/node/chunks/dep-BK3b2jBa.js:51918:44
packages/ui-svelte test:  ❯ doTransform ../../node_modules/.pnpm/vite@5.4.21_@types+node@22.19.17_less@4.6.4_lightningcss@1.32.0_sass@1.99.0_terser@5.46.1/node_modules/vite/dist/node/chunks/dep-BK3b2jBa.js:51874:18
packages/ui-svelte test:  ❯ process.processTicksAndRejections node:internal/process/task_queues:103:5
packages/ui-svelte test:  ❯ ViteNodeServer._transformRequest ../../node_modules/.pnpm/vite-node@3.2.4_@types+node@22.19.17_less@4.6.4_lightningcss@1.32.0_sass@1.99.0_terser@5.46.1/node_modules/vite-node/dist/server.mjs:404:13
packages/ui-svelte test:  ❯ ViteNodeServer._fetchModule ../../node_modules/.pnpm/vite-node@3.2.4_@types+node@22.19.17_less@4.6.4_lightningcss@1.32.0_sass@1.99.0_terser@5.46.1/node_modules/vite-node/dist/server.mjs:366:14
packages/ui-svelte test:  ❯ Proxy.fetch ../../node_modules/.pnpm/vitest@3.2.4_@types+node@22.19.17_jsdom@26.1.0_less@4.6.4_lightningcss@1.32.0_sass@1.99.0_terser@5.46.1/node_modules/vitest/dist/chunks/coverage.DL5VHqXY.js:2462:19
packages/ui-svelte test:  ❯ EventEmitter.onMessage ../../node_modules/.pnpm/vitest@3.2.4_@types+node@22.19.17_jsdom@26.1.0_less@4.6.4_lightningcss@1.32.0_sass@1.99.0_terser@5.46.1/node_modules/vitest/dist/chunks/index.B521nVV-.js:103:20
packages/ui-svelte test: ⎯⎯⎯⎯⎯⎯ Unhandled Error ⎯⎯⎯⎯⎯⎯⎯
packages/ui-svelte test: TypeError: Cannot read properties of undefined (reading 'config')
packages/ui-svelte test:  ❯ LoadPluginContext.handler ../../node_modules/.pnpm/@sveltejs+vite-plugin-svelte@7.0.0_svelte@5.55.4_@typescript-eslint+types@8.58.2__vite@8.0.8__pvtmjisjugaiazrbts4oof567u/node_modules/@sveltejs/vite-plugin-svelte/src/plugins/load-custom.js:24:37
packages/ui-svelte test:  ❯ PluginContainer.load ../../node_modules/.pnpm/vite@5.4.21_@types+node@22.19.17_less@4.6.4_lightningcss@1.32.0_sass@1.99.0_terser@5.46.1/node_modules/vite/dist/node/chunks/dep-BK3b2jBa.js:49067:17
packages/ui-svelte test:  ❯ loadAndTransform ../../node_modules/.pnpm/vite@5.4.21_@types+node@22.19.17_less@4.6.4_lightningcss@1.32.0_sass@1.99.0_terser@5.46.1/node_modules/vite/dist/node/chunks/dep-BK3b2jBa.js:51918:44
packages/ui-svelte test:  ❯ doTransform ../../node_modules/.pnpm/vite@5.4.21_@types+node@22.19.17_less@4.6.4_lightningcss@1.32.0_sass@1.99.0_terser@5.46.1/node_modules/vite/dist/node/chunks/dep-BK3b2jBa.js:51874:18
packages/ui-svelte test:  ❯ process.processTicksAndRejections node:internal/process/task_queues:103:5
packages/ui-svelte test:  ❯ ViteNodeServer._transformRequest ../../node_modules/.pnpm/vite-node@3.2.4_@types+node@22.19.17_less@4.6.4_lightningcss@1.32.0_sass@1.99.0_terser@5.46.1/node_modules/vite-node/dist/server.mjs:404:13
packages/ui-svelte test:  ❯ ViteNodeServer._fetchModule ../../node_modules/.pnpm/vite-node@3.2.4_@types+node@22.19.17_less@4.6.4_lightningcss@1.32.0_sass@1.99.0_terser@5.46.1/node_modules/vite-node/dist/server.mjs:366:14
packages/ui-svelte test:  ❯ Proxy.fetch ../../node_modules/.pnpm/vitest@3.2.4_@types+node@22.19.17_jsdom@26.1.0_less@4.6.4_lightningcss@1.32.0_sass@1.99.0_terser@5.46.1/node_modules/vitest/dist/chunks/coverage.DL5VHqXY.js:2462:19
packages/ui-svelte test:  ❯ EventEmitter.onMessage ../../node_modules/.pnpm/vitest@3.2.4_@types+node@22.19.17_jsdom@26.1.0_less@4.6.4_lightningcss@1.32.0_sass@1.99.0_terser@5.46.1/node_modules/vitest/dist/chunks/index.B521nVV-.js:103:20
packages/ui-svelte test: ⎯⎯⎯⎯⎯⎯ Unhandled Error ⎯⎯⎯⎯⎯⎯⎯
packages/ui-svelte test: TypeError: Cannot read properties of undefined (reading 'config')
packages/ui-svelte test:  ❯ LoadPluginContext.handler ../../node_modules/.pnpm/@sveltejs+vite-plugin-svelte@7.0.0_svelte@5.55.4_@typescript-eslint+types@8.58.2__vite@8.0.8__pvtmjisjugaiazrbts4oof567u/node_modules/@sveltejs/vite-plugin-svelte/src/plugins/load-custom.js:24:37
packages/ui-svelte test:  ❯ PluginContainer.load ../../node_modules/.pnpm/vite@5.4.21_@types+node@22.19.17_less@4.6.4_lightningcss@1.32.0_sass@1.99.0_terser@5.46.1/node_modules/vite/dist/node/chunks/dep-BK3b2jBa.js:49067:17
packages/ui-svelte test:  ❯ loadAndTransform ../../node_modules/.pnpm/vite@5.4.21_@types+node@22.19.17_less@4.6.4_lightningcss@1.32.0_sass@1.99.0_terser@5.46.1/node_modules/vite/dist/node/chunks/dep-BK3b2jBa.js:51918:44
packages/ui-svelte test:  ❯ doTransform ../../node_modules/.pnpm/vite@5.4.21_@types+node@22.19.17_less@4.6.4_lightningcss@1.32.0_sass@1.99.0_terser@5.46.1/node_modules/vite/dist/node/chunks/dep-BK3b2jBa.js:51874:18
packages/ui-svelte test:  ❯ process.processTicksAndRejections node:internal/process/task_queues:103:5
packages/ui-svelte test:  ❯ ViteNodeServer._transformRequest ../../node_modules/.pnpm/vite-node@3.2.4_@types+node@22.19.17_less@4.6.4_lightningcss@1.32.0_sass@1.99.0_terser@5.46.1/node_modules/vite-node/dist/server.mjs:404:13
packages/ui-svelte test:  ❯ ViteNodeServer._fetchModule ../../node_modules/.pnpm/vite-node@3.2.4_@types+node@22.19.17_less@4.6.4_lightningcss@1.32.0_sass@1.99.0_terser@5.46.1/node_modules/vite-node/dist/server.mjs:366:14
packages/ui-svelte test:  ❯ Proxy.fetch ../../node_modules/.pnpm/vitest@3.2.4_@types+node@22.19.17_jsdom@26.1.0_less@4.6.4_lightningcss@1.32.0_sass@1.99.0_terser@5.46.1/node_modules/vitest/dist/chunks/coverage.DL5VHqXY.js:2462:19
packages/ui-svelte test:  ❯ EventEmitter.onMessage ../../node_modules/.pnpm/vitest@3.2.4_@types+node@22.19.17_jsdom@26.1.0_less@4.6.4_lightningcss@1.32.0_sass@1.99.0_terser@5.46.1/node_modules/vitest/dist/chunks/index.B521nVV-.js:103:20
packages/ui-svelte test: ⎯⎯⎯⎯⎯⎯ Unhandled Error ⎯⎯⎯⎯⎯⎯⎯
packages/ui-svelte test: TypeError: Cannot read properties of undefined (reading 'config')
packages/ui-svelte test:  ❯ LoadPluginContext.handler ../../node_modules/.pnpm/@sveltejs+vite-plugin-svelte@7.0.0_svelte@5.55.4_@typescript-eslint+types@8.58.2__vite@8.0.8__pvtmjisjugaiazrbts4oof567u/node_modules/@sveltejs/vite-plugin-svelte/src/plugins/load-custom.js:24:37
packages/ui-svelte test:  ❯ PluginContainer.load ../../node_modules/.pnpm/vite@5.4.21_@types+node@22.19.17_less@4.6.4_lightningcss@1.32.0_sass@1.99.0_terser@5.46.1/node_modules/vite/dist/node/chunks/dep-BK3b2jBa.js:49067:17
packages/ui-svelte test:  ❯ loadAndTransform ../../node_modules/.pnpm/vite@5.4.21_@types+node@22.19.17_less@4.6.4_lightningcss@1.32.0_sass@1.99.0_terser@5.46.1/node_modules/vite/dist/node/chunks/dep-BK3b2jBa.js:51918:44
packages/ui-svelte test:  ❯ doTransform ../../node_modules/.pnpm/vite@5.4.21_@types+node@22.19.17_less@4.6.4_lightningcss@1.32.0_sass@1.99.0_terser@5.46.1/node_modules/vite/dist/node/chunks/dep-BK3b2jBa.js:51874:18
packages/ui-svelte test:  ❯ process.processTicksAndRejections node:internal/process/task_queues:103:5
packages/ui-svelte test:  ❯ ViteNodeServer._transformRequest ../../node_modules/.pnpm/vite-node@3.2.4_@types+node@22.19.17_less@4.6.4_lightningcss@1.32.0_sass@1.99.0_terser@5.46.1/node_modules/vite-node/dist/server.mjs:404:13
packages/ui-svelte test:  ❯ ViteNodeServer._fetchModule ../../node_modules/.pnpm/vite-node@3.2.4_@types+node@22.19.17_less@4.6.4_lightningcss@1.32.0_sass@1.99.0_terser@5.46.1/node_modules/vite-node/dist/server.mjs:366:14
packages/ui-svelte test:  ❯ Proxy.fetch ../../node_modules/.pnpm/vitest@3.2.4_@types+node@22.19.17_jsdom@26.1.0_less@4.6.4_lightningcss@1.32.0_sass@1.99.0_terser@5.46.1/node_modules/vitest/dist/chunks/coverage.DL5VHqXY.js:2462:19
packages/ui-svelte test:  ❯ EventEmitter.onMessage ../../node_modules/.pnpm/vitest@3.2.4_@types+node@22.19.17_jsdom@26.1.0_less@4.6.4_lightningcss@1.32.0_sass@1.99.0_terser@5.46.1/node_modules/vitest/dist/chunks/index.B521nVV-.js:103:20
packages/ui-svelte test: ⎯⎯⎯⎯⎯⎯ Unhandled Error ⎯⎯⎯⎯⎯⎯⎯
packages/ui-svelte test: TypeError: Cannot read properties of undefined (reading 'config')
packages/ui-svelte test:  ❯ LoadPluginContext.handler ../../node_modules/.pnpm/@sveltejs+vite-plugin-svelte@7.0.0_svelte@5.55.4_@typescript-eslint+types@8.58.2__vite@8.0.8__pvtmjisjugaiazrbts4oof567u/node_modules/@sveltejs/vite-plugin-svelte/src/plugins/load-custom.js:24:37
packages/ui-svelte test:  ❯ PluginContainer.load ../../node_modules/.pnpm/vite@5.4.21_@types+node@22.19.17_less@4.6.4_lightningcss@1.32.0_sass@1.99.0_terser@5.46.1/node_modules/vite/dist/node/chunks/dep-BK3b2jBa.js:49067:17
packages/ui-svelte test:  ❯ loadAndTransform ../../node_modules/.pnpm/vite@5.4.21_@types+node@22.19.17_less@4.6.4_lightningcss@1.32.0_sass@1.99.0_terser@5.46.1/node_modules/vite/dist/node/chunks/dep-BK3b2jBa.js:51918:44
packages/ui-svelte test:  ❯ doTransform ../../node_modules/.pnpm/vite@5.4.21_@types+node@22.19.17_less@4.6.4_lightningcss@1.32.0_sass@1.99.0_terser@5.46.1/node_modules/vite/dist/node/chunks/dep-BK3b2jBa.js:51874:18
packages/ui-svelte test:  ❯ process.processTicksAndRejections node:internal/process/task_queues:103:5
packages/ui-svelte test:  ❯ ViteNodeServer._transformRequest ../../node_modules/.pnpm/vite-node@3.2.4_@types+node@22.19.17_less@4.6.4_lightningcss@1.32.0_sass@1.99.0_terser@5.46.1/node_modules/vite-node/dist/server.mjs:404:13
packages/ui-svelte test:  ❯ ViteNodeServer._fetchModule ../../node_modules/.pnpm/vite-node@3.2.4_@types+node@22.19.17_less@4.6.4_lightningcss@1.32.0_sass@1.99.0_terser@5.46.1/node_modules/vite-node/dist/server.mjs:366:14
packages/ui-svelte test:  ❯ Proxy.fetch ../../node_modules/.pnpm/vitest@3.2.4_@types+node@22.19.17_jsdom@26.1.0_less@4.6.4_lightningcss@1.32.0_sass@1.99.0_terser@5.46.1/node_modules/vitest/dist/chunks/coverage.DL5VHqXY.js:2462:19
packages/ui-svelte test:  ❯ EventEmitter.onMessage ../../node_modules/.pnpm/vitest@3.2.4_@types+node@22.19.17_jsdom@26.1.0_less@4.6.4_lightningcss@1.32.0_sass@1.99.0_terser@5.46.1/node_modules/vitest/dist/chunks/index.B521nVV-.js:103:20
packages/ui-svelte test: ⎯⎯⎯⎯⎯⎯ Unhandled Error ⎯⎯⎯⎯⎯⎯⎯
packages/ui-svelte test: TypeError: Cannot read properties of undefined (reading 'config')
packages/ui-svelte test:  ❯ LoadPluginContext.handler ../../node_modules/.pnpm/@sveltejs+vite-plugin-svelte@7.0.0_svelte@5.55.4_@typescript-eslint+types@8.58.2__vite@8.0.8__pvtmjisjugaiazrbts4oof567u/node_modules/@sveltejs/vite-plugin-svelte/src/plugins/load-custom.js:24:37
packages/ui-svelte test:  ❯ PluginContainer.load ../../node_modules/.pnpm/vite@5.4.21_@types+node@22.19.17_less@4.6.4_lightningcss@1.32.0_sass@1.99.0_terser@5.46.1/node_modules/vite/dist/node/chunks/dep-BK3b2jBa.js:49067:17
packages/ui-svelte test:  ❯ loadAndTransform ../../node_modules/.pnpm/vite@5.4.21_@types+node@22.19.17_less@4.6.4_lightningcss@1.32.0_sass@1.99.0_terser@5.46.1/node_modules/vite/dist/node/chunks/dep-BK3b2jBa.js:51918:44
packages/ui-svelte test:  ❯ doTransform ../../node_modules/.pnpm/vite@5.4.21_@types+node@22.19.17_less@4.6.4_lightningcss@1.32.0_sass@1.99.0_terser@5.46.1/node_modules/vite/dist/node/chunks/dep-BK3b2jBa.js:51874:18
packages/ui-svelte test:  ❯ process.processTicksAndRejections node:internal/process/task_queues:103:5
packages/ui-svelte test:  ❯ ViteNodeServer._transformRequest ../../node_modules/.pnpm/vite-node@3.2.4_@types+node@22.19.17_less@4.6.4_lightningcss@1.32.0_sass@1.99.0_terser@5.46.1/node_modules/vite-node/dist/server.mjs:404:13
packages/ui-svelte test:  ❯ ViteNodeServer._fetchModule ../../node_modules/.pnpm/vite-node@3.2.4_@types+node@22.19.17_less@4.6.4_lightningcss@1.32.0_sass@1.99.0_terser@5.46.1/node_modules/vite-node/dist/server.mjs:366:14
packages/ui-svelte test:  ❯ Proxy.fetch ../../node_modules/.pnpm/vitest@3.2.4_@types+node@22.19.17_jsdom@26.1.0_less@4.6.4_lightningcss@1.32.0_sass@1.99.0_terser@5.46.1/node_modules/vitest/dist/chunks/coverage.DL5VHqXY.js:2462:19
packages/ui-svelte test:  ❯ EventEmitter.onMessage ../../node_modules/.pnpm/vitest@3.2.4_@types+node@22.19.17_jsdom@26.1.0_less@4.6.4_lightningcss@1.32.0_sass@1.99.0_terser@5.46.1/node_modules/vitest/dist/chunks/index.B521nVV-.js:103:20
packages/ui-svelte test: ⎯⎯⎯⎯⎯⎯ Unhandled Error ⎯⎯⎯⎯⎯⎯⎯
packages/ui-svelte test: TypeError: Cannot read properties of undefined (reading 'config')
packages/ui-svelte test:  ❯ LoadPluginContext.handler ../../node_modules/.pnpm/@sveltejs+vite-plugin-svelte@7.0.0_svelte@5.55.4_@typescript-eslint+types@8.58.2__vite@8.0.8__pvtmjisjugaiazrbts4oof567u/node_modules/@sveltejs/vite-plugin-svelte/src/plugins/load-custom.js:24:37
packages/ui-svelte test:  ❯ PluginContainer.load ../../node_modules/.pnpm/vite@5.4.21_@types+node@22.19.17_less@4.6.4_lightningcss@1.32.0_sass@1.99.0_terser@5.46.1/node_modules/vite/dist/node/chunks/dep-BK3b2jBa.js:49067:17
packages/ui-svelte test:  ❯ loadAndTransform ../../node_modules/.pnpm/vite@5.4.21_@types+node@22.19.17_less@4.6.4_lightningcss@1.32.0_sass@1.99.0_terser@5.46.1/node_modules/vite/dist/node/chunks/dep-BK3b2jBa.js:51918:44
packages/ui-svelte test:  ❯ doTransform ../../node_modules/.pnpm/vite@5.4.21_@types+node@22.19.17_less@4.6.4_lightningcss@1.32.0_sass@1.99.0_terser@5.46.1/node_modules/vite/dist/node/chunks/dep-BK3b2jBa.js:51874:18
packages/ui-svelte test:  ❯ process.processTicksAndRejections node:internal/process/task_queues:103:5
packages/ui-svelte test:  ❯ ViteNodeServer._transformRequest ../../node_modules/.pnpm/vite-node@3.2.4_@types+node@22.19.17_less@4.6.4_lightningcss@1.32.0_sass@1.99.0_terser@5.46.1/node_modules/vite-node/dist/server.mjs:404:13
packages/ui-svelte test:  ❯ ViteNodeServer._fetchModule ../../node_modules/.pnpm/vite-node@3.2.4_@types+node@22.19.17_less@4.6.4_lightningcss@1.32.0_sass@1.99.0_terser@5.46.1/node_modules/vite-node/dist/server.mjs:366:14
packages/ui-svelte test:  ❯ Proxy.fetch ../../node_modules/.pnpm/vitest@3.2.4_@types+node@22.19.17_jsdom@26.1.0_less@4.6.4_lightningcss@1.32.0_sass@1.99.0_terser@5.46.1/node_modules/vitest/dist/chunks/coverage.DL5VHqXY.js:2462:19
packages/ui-svelte test:  ❯ EventEmitter.onMessage ../../node_modules/.pnpm/vitest@3.2.4_@types+node@22.19.17_jsdom@26.1.0_less@4.6.4_lightningcss@1.32.0_sass@1.99.0_terser@5.46.1/node_modules/vitest/dist/chunks/index.B521nVV-.js:103:20
packages/ui-svelte test: ⎯⎯⎯⎯⎯⎯ Unhandled Error ⎯⎯⎯⎯⎯⎯⎯
packages/ui-svelte test: TypeError: Cannot read properties of undefined (reading 'config')
packages/ui-svelte test:  ❯ LoadPluginContext.handler ../../node_modules/.pnpm/@sveltejs+vite-plugin-svelte@7.0.0_svelte@5.55.4_@typescript-eslint+types@8.58.2__vite@8.0.8__pvtmjisjugaiazrbts4oof567u/node_modules/@sveltejs/vite-plugin-svelte/src/plugins/load-custom.js:24:37
packages/ui-svelte test:  ❯ PluginContainer.load ../../node_modules/.pnpm/vite@5.4.21_@types+node@22.19.17_less@4.6.4_lightningcss@1.32.0_sass@1.99.0_terser@5.46.1/node_modules/vite/dist/node/chunks/dep-BK3b2jBa.js:49067:17
packages/ui-svelte test:  ❯ loadAndTransform ../../node_modules/.pnpm/vite@5.4.21_@types+node@22.19.17_less@4.6.4_lightningcss@1.32.0_sass@1.99.0_terser@5.46.1/node_modules/vite/dist/node/chunks/dep-BK3b2jBa.js:51918:44
packages/ui-svelte test:  ❯ doTransform ../../node_modules/.pnpm/vite@5.4.21_@types+node@22.19.17_less@4.6.4_lightningcss@1.32.0_sass@1.99.0_terser@5.46.1/node_modules/vite/dist/node/chunks/dep-BK3b2jBa.js:51874:18
packages/ui-svelte test:  ❯ process.processTicksAndRejections node:internal/process/task_queues:103:5
packages/ui-svelte test:  ❯ ViteNodeServer._transformRequest ../../node_modules/.pnpm/vite-node@3.2.4_@types+node@22.19.17_less@4.6.4_lightningcss@1.32.0_sass@1.99.0_terser@5.46.1/node_modules/vite-node/dist/server.mjs:404:13
packages/ui-svelte test:  ❯ ViteNodeServer._fetchModule ../../node_modules/.pnpm/vite-node@3.2.4_@types+node@22.19.17_less@4.6.4_lightningcss@1.32.0_sass@1.99.0_terser@5.46.1/node_modules/vite-node/dist/server.mjs:366:14
packages/ui-svelte test:  ❯ Proxy.fetch ../../node_modules/.pnpm/vitest@3.2.4_@types+node@22.19.17_jsdom@26.1.0_less@4.6.4_lightningcss@1.32.0_sass@1.99.0_terser@5.46.1/node_modules/vitest/dist/chunks/coverage.DL5VHqXY.js:2462:19
packages/ui-svelte test:  ❯ EventEmitter.onMessage ../../node_modules/.pnpm/vitest@3.2.4_@types+node@22.19.17_jsdom@26.1.0_less@4.6.4_lightningcss@1.32.0_sass@1.99.0_terser@5.46.1/node_modules/vitest/dist/chunks/index.B521nVV-.js:103:20
packages/ui-svelte test: ⎯⎯⎯⎯⎯⎯ Unhandled Error ⎯⎯⎯⎯⎯⎯⎯
packages/ui-svelte test: TypeError: Cannot read properties of undefined (reading 'config')
packages/ui-svelte test:  ❯ LoadPluginContext.handler ../../node_modules/.pnpm/@sveltejs+vite-plugin-svelte@7.0.0_svelte@5.55.4_@typescript-eslint+types@8.58.2__vite@8.0.8__pvtmjisjugaiazrbts4oof567u/node_modules/@sveltejs/vite-plugin-svelte/src/plugins/load-custom.js:24:37
packages/ui-svelte test:  ❯ PluginContainer.load ../../node_modules/.pnpm/vite@5.4.21_@types+node@22.19.17_less@4.6.4_lightningcss@1.32.0_sass@1.99.0_terser@5.46.1/node_modules/vite/dist/node/chunks/dep-BK3b2jBa.js:49067:17
packages/ui-svelte test:  ❯ loadAndTransform ../../node_modules/.pnpm/vite@5.4.21_@types+node@22.19.17_less@4.6.4_lightningcss@1.32.0_sass@1.99.0_terser@5.46.1/node_modules/vite/dist/node/chunks/dep-BK3b2jBa.js:51918:44
packages/ui-svelte test:  ❯ doTransform ../../node_modules/.pnpm/vite@5.4.21_@types+node@22.19.17_less@4.6.4_lightningcss@1.32.0_sass@1.99.0_terser@5.46.1/node_modules/vite/dist/node/chunks/dep-BK3b2jBa.js:51874:18
packages/ui-svelte test:  ❯ process.processTicksAndRejections node:internal/process/task_queues:103:5
packages/ui-svelte test:  ❯ ViteNodeServer._transformRequest ../../node_modules/.pnpm/vite-node@3.2.4_@types+node@22.19.17_less@4.6.4_lightningcss@1.32.0_sass@1.99.0_terser@5.46.1/node_modules/vite-node/dist/server.mjs:404:13
packages/ui-svelte test:  ❯ ViteNodeServer._fetchModule ../../node_modules/.pnpm/vite-node@3.2.4_@types+node@22.19.17_less@4.6.4_lightningcss@1.32.0_sass@1.99.0_terser@5.46.1/node_modules/vite-node/dist/server.mjs:366:14
packages/ui-svelte test:  ❯ Proxy.fetch ../../node_modules/.pnpm/vitest@3.2.4_@types+node@22.19.17_jsdom@26.1.0_less@4.6.4_lightningcss@1.32.0_sass@1.99.0_terser@5.46.1/node_modules/vitest/dist/chunks/coverage.DL5VHqXY.js:2462:19
packages/ui-svelte test:  ❯ EventEmitter.onMessage ../../node_modules/.pnpm/vitest@3.2.4_@types+node@22.19.17_jsdom@26.1.0_less@4.6.4_lightningcss@1.32.0_sass@1.99.0_terser@5.46.1/node_modules/vitest/dist/chunks/index.B521nVV-.js:103:20
packages/ui-svelte test: ⎯⎯⎯⎯⎯⎯ Unhandled Error ⎯⎯⎯⎯⎯⎯⎯
packages/ui-svelte test: TypeError: Cannot read properties of undefined (reading 'config')
packages/ui-svelte test:  ❯ LoadPluginContext.handler ../../node_modules/.pnpm/@sveltejs+vite-plugin-svelte@7.0.0_svelte@5.55.4_@typescript-eslint+types@8.58.2__vite@8.0.8__pvtmjisjugaiazrbts4oof567u/node_modules/@sveltejs/vite-plugin-svelte/src/plugins/load-custom.js:24:37
packages/ui-svelte test:  ❯ PluginContainer.load ../../node_modules/.pnpm/vite@5.4.21_@types+node@22.19.17_less@4.6.4_lightningcss@1.32.0_sass@1.99.0_terser@5.46.1/node_modules/vite/dist/node/chunks/dep-BK3b2jBa.js:49067:17
packages/ui-svelte test:  ❯ loadAndTransform ../../node_modules/.pnpm/vite@5.4.21_@types+node@22.19.17_less@4.6.4_lightningcss@1.32.0_sass@1.99.0_terser@5.46.1/node_modules/vite/dist/node/chunks/dep-BK3b2jBa.js:51918:44
packages/ui-svelte test:  ❯ doTransform ../../node_modules/.pnpm/vite@5.4.21_@types+node@22.19.17_less@4.6.4_lightningcss@1.32.0_sass@1.99.0_terser@5.46.1/node_modules/vite/dist/node/chunks/dep-BK3b2jBa.js:51874:18
packages/ui-svelte test:  ❯ process.processTicksAndRejections node:internal/process/task_queues:103:5
packages/ui-svelte test:  ❯ ViteNodeServer._transformRequest ../../node_modules/.pnpm/vite-node@3.2.4_@types+node@22.19.17_less@4.6.4_lightningcss@1.32.0_sass@1.99.0_terser@5.46.1/node_modules/vite-node/dist/server.mjs:404:13
packages/ui-svelte test:  ❯ ViteNodeServer._fetchModule ../../node_modules/.pnpm/vite-node@3.2.4_@types+node@22.19.17_less@4.6.4_lightningcss@1.32.0_sass@1.99.0_terser@5.46.1/node_modules/vite-node/dist/server.mjs:366:14
packages/ui-svelte test:  ❯ Proxy.fetch ../../node_modules/.pnpm/vitest@3.2.4_@types+node@22.19.17_jsdom@26.1.0_less@4.6.4_lightningcss@1.32.0_sass@1.99.0_terser@5.46.1/node_modules/vitest/dist/chunks/coverage.DL5VHqXY.js:2462:19
packages/ui-svelte test:  ❯ EventEmitter.onMessage ../../node_modules/.pnpm/vitest@3.2.4_@types+node@22.19.17_jsdom@26.1.0_less@4.6.4_lightningcss@1.32.0_sass@1.99.0_terser@5.46.1/node_modules/vitest/dist/chunks/index.B521nVV-.js:103:20
packages/ui-svelte test: ⎯⎯⎯⎯⎯⎯ Unhandled Error ⎯⎯⎯⎯⎯⎯⎯
packages/ui-svelte test: TypeError: Cannot read properties of undefined (reading 'config')
packages/ui-svelte test:  ❯ LoadPluginContext.handler ../../node_modules/.pnpm/@sveltejs+vite-plugin-svelte@7.0.0_svelte@5.55.4_@typescript-eslint+types@8.58.2__vite@8.0.8__pvtmjisjugaiazrbts4oof567u/node_modules/@sveltejs/vite-plugin-svelte/src/plugins/load-custom.js:24:37
packages/ui-svelte test:  ❯ PluginContainer.load ../../node_modules/.pnpm/vite@5.4.21_@types+node@22.19.17_less@4.6.4_lightningcss@1.32.0_sass@1.99.0_terser@5.46.1/node_modules/vite/dist/node/chunks/dep-BK3b2jBa.js:49067:17
packages/ui-svelte test:  ❯ loadAndTransform ../../node_modules/.pnpm/vite@5.4.21_@types+node@22.19.17_less@4.6.4_lightningcss@1.32.0_sass@1.99.0_terser@5.46.1/node_modules/vite/dist/node/chunks/dep-BK3b2jBa.js:51918:44
packages/ui-svelte test:  ❯ doTransform ../../node_modules/.pnpm/vite@5.4.21_@types+node@22.19.17_less@4.6.4_lightningcss@1.32.0_sass@1.99.0_terser@5.46.1/node_modules/vite/dist/node/chunks/dep-BK3b2jBa.js:51874:18
packages/ui-svelte test:  ❯ process.processTicksAndRejections node:internal/process/task_queues:103:5
packages/ui-svelte test:  ❯ ViteNodeServer._transformRequest ../../node_modules/.pnpm/vite-node@3.2.4_@types+node@22.19.17_less@4.6.4_lightningcss@1.32.0_sass@1.99.0_terser@5.46.1/node_modules/vite-node/dist/server.mjs:404:13
packages/ui-svelte test:  ❯ ViteNodeServer._fetchModule ../../node_modules/.pnpm/vite-node@3.2.4_@types+node@22.19.17_less@4.6.4_lightningcss@1.32.0_sass@1.99.0_terser@5.46.1/node_modules/vite-node/dist/server.mjs:366:14
packages/ui-svelte test:  ❯ Proxy.fetch ../../node_modules/.pnpm/vitest@3.2.4_@types+node@22.19.17_jsdom@26.1.0_less@4.6.4_lightningcss@1.32.0_sass@1.99.0_terser@5.46.1/node_modules/vitest/dist/chunks/coverage.DL5VHqXY.js:2462:19
packages/ui-svelte test:  ❯ EventEmitter.onMessage ../../node_modules/.pnpm/vitest@3.2.4_@types+node@22.19.17_jsdom@26.1.0_less@4.6.4_lightningcss@1.32.0_sass@1.99.0_terser@5.46.1/node_modules/vitest/dist/chunks/index.B521nVV-.js:103:20
packages/ui-svelte test: ⎯⎯⎯⎯⎯⎯ Unhandled Error ⎯⎯⎯⎯⎯⎯⎯
packages/ui-svelte test: TypeError: Cannot read properties of undefined (reading 'config')
packages/ui-svelte test:  ❯ LoadPluginContext.handler ../../node_modules/.pnpm/@sveltejs+vite-plugin-svelte@7.0.0_svelte@5.55.4_@typescript-eslint+types@8.58.2__vite@8.0.8__pvtmjisjugaiazrbts4oof567u/node_modules/@sveltejs/vite-plugin-svelte/src/plugins/load-custom.js:24:37
packages/ui-svelte test:  ❯ PluginContainer.load ../../node_modules/.pnpm/vite@5.4.21_@types+node@22.19.17_less@4.6.4_lightningcss@1.32.0_sass@1.99.0_terser@5.46.1/node_modules/vite/dist/node/chunks/dep-BK3b2jBa.js:49067:17
packages/ui-svelte test:  ❯ loadAndTransform ../../node_modules/.pnpm/vite@5.4.21_@types+node@22.19.17_less@4.6.4_lightningcss@1.32.0_sass@1.99.0_terser@5.46.1/node_modules/vite/dist/node/chunks/dep-BK3b2jBa.js:51918:44
packages/ui-svelte test:  ❯ doTransform ../../node_modules/.pnpm/vite@5.4.21_@types+node@22.19.17_less@4.6.4_lightningcss@1.32.0_sass@1.99.0_terser@5.46.1/node_modules/vite/dist/node/chunks/dep-BK3b2jBa.js:51874:18
packages/ui-svelte test:  ❯ process.processTicksAndRejections node:internal/process/task_queues:103:5
packages/ui-svelte test:  ❯ ViteNodeServer._transformRequest ../../node_modules/.pnpm/vite-node@3.2.4_@types+node@22.19.17_less@4.6.4_lightningcss@1.32.0_sass@1.99.0_terser@5.46.1/node_modules/vite-node/dist/server.mjs:404:13
packages/ui-svelte test:  ❯ ViteNodeServer._fetchModule ../../node_modules/.pnpm/vite-node@3.2.4_@types+node@22.19.17_less@4.6.4_lightningcss@1.32.0_sass@1.99.0_terser@5.46.1/node_modules/vite-node/dist/server.mjs:366:14
packages/ui-svelte test:  ❯ Proxy.fetch ../../node_modules/.pnpm/vitest@3.2.4_@types+node@22.19.17_jsdom@26.1.0_less@4.6.4_lightningcss@1.32.0_sass@1.99.0_terser@5.46.1/node_modules/vitest/dist/chunks/coverage.DL5VHqXY.js:2462:19
packages/ui-svelte test:  ❯ EventEmitter.onMessage ../../node_modules/.pnpm/vitest@3.2.4_@types+node@22.19.17_jsdom@26.1.0_less@4.6.4_lightningcss@1.32.0_sass@1.99.0_terser@5.46.1/node_modules/vitest/dist/chunks/index.B521nVV-.js:103:20
packages/ui-svelte test: ⎯⎯⎯⎯⎯⎯ Unhandled Error ⎯⎯⎯⎯⎯⎯⎯
packages/ui-svelte test: TypeError: Cannot read properties of undefined (reading 'config')
packages/ui-svelte test:  ❯ LoadPluginContext.handler ../../node_modules/.pnpm/@sveltejs+vite-plugin-svelte@7.0.0_svelte@5.55.4_@typescript-eslint+types@8.58.2__vite@8.0.8__pvtmjisjugaiazrbts4oof567u/node_modules/@sveltejs/vite-plugin-svelte/src/plugins/load-custom.js:24:37
packages/ui-svelte test:  ❯ PluginContainer.load ../../node_modules/.pnpm/vite@5.4.21_@types+node@22.19.17_less@4.6.4_lightningcss@1.32.0_sass@1.99.0_terser@5.46.1/node_modules/vite/dist/node/chunks/dep-BK3b2jBa.js:49067:17
packages/ui-svelte test:  ❯ loadAndTransform ../../node_modules/.pnpm/vite@5.4.21_@types+node@22.19.17_less@4.6.4_lightningcss@1.32.0_sass@1.99.0_terser@5.46.1/node_modules/vite/dist/node/chunks/dep-BK3b2jBa.js:51918:44
packages/ui-svelte test:  ❯ doTransform ../../node_modules/.pnpm/vite@5.4.21_@types+node@22.19.17_less@4.6.4_lightningcss@1.32.0_sass@1.99.0_terser@5.46.1/node_modules/vite/dist/node/chunks/dep-BK3b2jBa.js:51874:18
packages/ui-svelte test:  ❯ process.processTicksAndRejections node:internal/process/task_queues:103:5
packages/ui-svelte test:  ❯ ViteNodeServer._transformRequest ../../node_modules/.pnpm/vite-node@3.2.4_@types+node@22.19.17_less@4.6.4_lightningcss@1.32.0_sass@1.99.0_terser@5.46.1/node_modules/vite-node/dist/server.mjs:404:13
packages/ui-svelte test:  ❯ ViteNodeServer._fetchModule ../../node_modules/.pnpm/vite-node@3.2.4_@types+node@22.19.17_less@4.6.4_lightningcss@1.32.0_sass@1.99.0_terser@5.46.1/node_modules/vite-node/dist/server.mjs:366:14
packages/ui-svelte test:  ❯ Proxy.fetch ../../node_modules/.pnpm/vitest@3.2.4_@types+node@22.19.17_jsdom@26.1.0_less@4.6.4_lightningcss@1.32.0_sass@1.99.0_terser@5.46.1/node_modules/vitest/dist/chunks/coverage.DL5VHqXY.js:2462:19
packages/ui-svelte test:  ❯ EventEmitter.onMessage ../../node_modules/.pnpm/vitest@3.2.4_@types+node@22.19.17_jsdom@26.1.0_less@4.6.4_lightningcss@1.32.0_sass@1.99.0_terser@5.46.1/node_modules/vitest/dist/chunks/index.B521nVV-.js:103:20
packages/ui-svelte test: ⎯⎯⎯⎯⎯⎯ Unhandled Error ⎯⎯⎯⎯⎯⎯⎯
packages/ui-svelte test: TypeError: Cannot read properties of undefined (reading 'config')
packages/ui-svelte test:  ❯ LoadPluginContext.handler ../../node_modules/.pnpm/@sveltejs+vite-plugin-svelte@7.0.0_svelte@5.55.4_@typescript-eslint+types@8.58.2__vite@8.0.8__pvtmjisjugaiazrbts4oof567u/node_modules/@sveltejs/vite-plugin-svelte/src/plugins/load-custom.js:24:37
packages/ui-svelte test:  ❯ PluginContainer.load ../../node_modules/.pnpm/vite@5.4.21_@types+node@22.19.17_less@4.6.4_lightningcss@1.32.0_sass@1.99.0_terser@5.46.1/node_modules/vite/dist/node/chunks/dep-BK3b2jBa.js:49067:17
packages/ui-svelte test:  ❯ loadAndTransform ../../node_modules/.pnpm/vite@5.4.21_@types+node@22.19.17_less@4.6.4_lightningcss@1.32.0_sass@1.99.0_terser@5.46.1/node_modules/vite/dist/node/chunks/dep-BK3b2jBa.js:51918:44
packages/ui-svelte test:  ❯ doTransform ../../node_modules/.pnpm/vite@5.4.21_@types+node@22.19.17_less@4.6.4_lightningcss@1.32.0_sass@1.99.0_terser@5.46.1/node_modules/vite/dist/node/chunks/dep-BK3b2jBa.js:51874:18
packages/ui-svelte test:  ❯ process.processTicksAndRejections node:internal/process/task_queues:103:5
packages/ui-svelte test:  ❯ ViteNodeServer._transformRequest ../../node_modules/.pnpm/vite-node@3.2.4_@types+node@22.19.17_less@4.6.4_lightningcss@1.32.0_sass@1.99.0_terser@5.46.1/node_modules/vite-node/dist/server.mjs:404:13
packages/ui-svelte test:  ❯ ViteNodeServer._fetchModule ../../node_modules/.pnpm/vite-node@3.2.4_@types+node@22.19.17_less@4.6.4_lightningcss@1.32.0_sass@1.99.0_terser@5.46.1/node_modules/vite-node/dist/server.mjs:366:14
packages/ui-svelte test:  ❯ Proxy.fetch ../../node_modules/.pnpm/vitest@3.2.4_@types+node@22.19.17_jsdom@26.1.0_less@4.6.4_lightningcss@1.32.0_sass@1.99.0_terser@5.46.1/node_modules/vitest/dist/chunks/coverage.DL5VHqXY.js:2462:19
packages/ui-svelte test:  ❯ EventEmitter.onMessage ../../node_modules/.pnpm/vitest@3.2.4_@types+node@22.19.17_jsdom@26.1.0_less@4.6.4_lightningcss@1.32.0_sass@1.99.0_terser@5.46.1/node_modules/vitest/dist/chunks/index.B521nVV-.js:103:20
packages/ui-svelte test: ⎯⎯⎯⎯⎯⎯ Unhandled Error ⎯⎯⎯⎯⎯⎯⎯
packages/ui-svelte test: TypeError: Cannot read properties of undefined (reading 'config')
packages/ui-svelte test:  ❯ LoadPluginContext.handler ../../node_modules/.pnpm/@sveltejs+vite-plugin-svelte@7.0.0_svelte@5.55.4_@typescript-eslint+types@8.58.2__vite@8.0.8__pvtmjisjugaiazrbts4oof567u/node_modules/@sveltejs/vite-plugin-svelte/src/plugins/load-custom.js:24:37
packages/ui-svelte test:  ❯ PluginContainer.load ../../node_modules/.pnpm/vite@5.4.21_@types+node@22.19.17_less@4.6.4_lightningcss@1.32.0_sass@1.99.0_terser@5.46.1/node_modules/vite/dist/node/chunks/dep-BK3b2jBa.js:49067:17
packages/ui-svelte test:  ❯ loadAndTransform ../../node_modules/.pnpm/vite@5.4.21_@types+node@22.19.17_less@4.6.4_lightningcss@1.32.0_sass@1.99.0_terser@5.46.1/node_modules/vite/dist/node/chunks/dep-BK3b2jBa.js:51918:44
packages/ui-svelte test:  ❯ doTransform ../../node_modules/.pnpm/vite@5.4.21_@types+node@22.19.17_less@4.6.4_lightningcss@1.32.0_sass@1.99.0_terser@5.46.1/node_modules/vite/dist/node/chunks/dep-BK3b2jBa.js:51874:18
packages/ui-svelte test:  ❯ process.processTicksAndRejections node:internal/process/task_queues:103:5
packages/ui-svelte test:  ❯ ViteNodeServer._transformRequest ../../node_modules/.pnpm/vite-node@3.2.4_@types+node@22.19.17_less@4.6.4_lightningcss@1.32.0_sass@1.99.0_terser@5.46.1/node_modules/vite-node/dist/server.mjs:404:13
packages/ui-svelte test:  ❯ ViteNodeServer._fetchModule ../../node_modules/.pnpm/vite-node@3.2.4_@types+node@22.19.17_less@4.6.4_lightningcss@1.32.0_sass@1.99.0_terser@5.46.1/node_modules/vite-node/dist/server.mjs:366:14
packages/ui-svelte test:  ❯ Proxy.fetch ../../node_modules/.pnpm/vitest@3.2.4_@types+node@22.19.17_jsdom@26.1.0_less@4.6.4_lightningcss@1.32.0_sass@1.99.0_terser@5.46.1/node_modules/vitest/dist/chunks/coverage.DL5VHqXY.js:2462:19
packages/ui-svelte test:  ❯ EventEmitter.onMessage ../../node_modules/.pnpm/vitest@3.2.4_@types+node@22.19.17_jsdom@26.1.0_less@4.6.4_lightningcss@1.32.0_sass@1.99.0_terser@5.46.1/node_modules/vitest/dist/chunks/index.B521nVV-.js:103:20
packages/ui-svelte test: ⎯⎯⎯⎯⎯⎯ Unhandled Error ⎯⎯⎯⎯⎯⎯⎯
packages/ui-svelte test: TypeError: Cannot read properties of undefined (reading 'config')
packages/ui-svelte test:  ❯ LoadPluginContext.handler ../../node_modules/.pnpm/@sveltejs+vite-plugin-svelte@7.0.0_svelte@5.55.4_@typescript-eslint+types@8.58.2__vite@8.0.8__pvtmjisjugaiazrbts4oof567u/node_modules/@sveltejs/vite-plugin-svelte/src/plugins/load-custom.js:24:37
packages/ui-svelte test:  ❯ PluginContainer.load ../../node_modules/.pnpm/vite@5.4.21_@types+node@22.19.17_less@4.6.4_lightningcss@1.32.0_sass@1.99.0_terser@5.46.1/node_modules/vite/dist/node/chunks/dep-BK3b2jBa.js:49067:17
packages/ui-svelte test:  ❯ loadAndTransform ../../node_modules/.pnpm/vite@5.4.21_@types+node@22.19.17_less@4.6.4_lightningcss@1.32.0_sass@1.99.0_terser@5.46.1/node_modules/vite/dist/node/chunks/dep-BK3b2jBa.js:51918:44
packages/ui-svelte test:  ❯ doTransform ../../node_modules/.pnpm/vite@5.4.21_@types+node@22.19.17_less@4.6.4_lightningcss@1.32.0_sass@1.99.0_terser@5.46.1/node_modules/vite/dist/node/chunks/dep-BK3b2jBa.js:51874:18
packages/ui-svelte test:  ❯ process.processTicksAndRejections node:internal/process/task_queues:103:5
packages/ui-svelte test:  ❯ ViteNodeServer._transformRequest ../../node_modules/.pnpm/vite-node@3.2.4_@types+node@22.19.17_less@4.6.4_lightningcss@1.32.0_sass@1.99.0_terser@5.46.1/node_modules/vite-node/dist/server.mjs:404:13
packages/ui-svelte test:  ❯ ViteNodeServer._fetchModule ../../node_modules/.pnpm/vite-node@3.2.4_@types+node@22.19.17_less@4.6.4_lightningcss@1.32.0_sass@1.99.0_terser@5.46.1/node_modules/vite-node/dist/server.mjs:366:14
packages/ui-svelte test:  ❯ Proxy.fetch ../../node_modules/.pnpm/vitest@3.2.4_@types+node@22.19.17_jsdom@26.1.0_less@4.6.4_lightningcss@1.32.0_sass@1.99.0_terser@5.46.1/node_modules/vitest/dist/chunks/coverage.DL5VHqXY.js:2462:19
packages/ui-svelte test:  ❯ EventEmitter.onMessage ../../node_modules/.pnpm/vitest@3.2.4_@types+node@22.19.17_jsdom@26.1.0_less@4.6.4_lightningcss@1.32.0_sass@1.99.0_terser@5.46.1/node_modules/vitest/dist/chunks/index.B521nVV-.js:103:20
packages/ui-svelte test: ⎯⎯⎯⎯⎯⎯ Unhandled Error ⎯⎯⎯⎯⎯⎯⎯
packages/ui-svelte test: TypeError: Cannot read properties of undefined (reading 'config')
packages/ui-svelte test:  ❯ LoadPluginContext.handler ../../node_modules/.pnpm/@sveltejs+vite-plugin-svelte@7.0.0_svelte@5.55.4_@typescript-eslint+types@8.58.2__vite@8.0.8__pvtmjisjugaiazrbts4oof567u/node_modules/@sveltejs/vite-plugin-svelte/src/plugins/load-custom.js:24:37
packages/ui-svelte test:  ❯ PluginContainer.load ../../node_modules/.pnpm/vite@5.4.21_@types+node@22.19.17_less@4.6.4_lightningcss@1.32.0_sass@1.99.0_terser@5.46.1/node_modules/vite/dist/node/chunks/dep-BK3b2jBa.js:49067:17
packages/ui-svelte test:  ❯ loadAndTransform ../../node_modules/.pnpm/vite@5.4.21_@types+node@22.19.17_less@4.6.4_lightningcss@1.32.0_sass@1.99.0_terser@5.46.1/node_modules/vite/dist/node/chunks/dep-BK3b2jBa.js:51918:44
packages/ui-svelte test:  ❯ doTransform ../../node_modules/.pnpm/vite@5.4.21_@types+node@22.19.17_less@4.6.4_lightningcss@1.32.0_sass@1.99.0_terser@5.46.1/node_modules/vite/dist/node/chunks/dep-BK3b2jBa.js:51874:18
packages/ui-svelte test:  ❯ process.processTicksAndRejections node:internal/process/task_queues:103:5
packages/ui-svelte test:  ❯ ViteNodeServer._transformRequest ../../node_modules/.pnpm/vite-node@3.2.4_@types+node@22.19.17_less@4.6.4_lightningcss@1.32.0_sass@1.99.0_terser@5.46.1/node_modules/vite-node/dist/server.mjs:404:13
packages/ui-svelte test:  ❯ ViteNodeServer._fetchModule ../../node_modules/.pnpm/vite-node@3.2.4_@types+node@22.19.17_less@4.6.4_lightningcss@1.32.0_sass@1.99.0_terser@5.46.1/node_modules/vite-node/dist/server.mjs:366:14
packages/ui-svelte test:  ❯ Proxy.fetch ../../node_modules/.pnpm/vitest@3.2.4_@types+node@22.19.17_jsdom@26.1.0_less@4.6.4_lightningcss@1.32.0_sass@1.99.0_terser@5.46.1/node_modules/vitest/dist/chunks/coverage.DL5VHqXY.js:2462:19
packages/ui-svelte test:  ❯ EventEmitter.onMessage ../../node_modules/.pnpm/vitest@3.2.4_@types+node@22.19.17_jsdom@26.1.0_less@4.6.4_lightningcss@1.32.0_sass@1.99.0_terser@5.46.1/node_modules/vitest/dist/chunks/index.B521nVV-.js:103:20
packages/ui-svelte test: ⎯⎯⎯⎯⎯⎯ Unhandled Error ⎯⎯⎯⎯⎯⎯⎯
packages/ui-svelte test: TypeError: Cannot read properties of undefined (reading 'config')
packages/ui-svelte test:  ❯ LoadPluginContext.handler ../../node_modules/.pnpm/@sveltejs+vite-plugin-svelte@7.0.0_svelte@5.55.4_@typescript-eslint+types@8.58.2__vite@8.0.8__pvtmjisjugaiazrbts4oof567u/node_modules/@sveltejs/vite-plugin-svelte/src/plugins/load-custom.js:24:37
packages/ui-svelte test:  ❯ PluginContainer.load ../../node_modules/.pnpm/vite@5.4.21_@types+node@22.19.17_less@4.6.4_lightningcss@1.32.0_sass@1.99.0_terser@5.46.1/node_modules/vite/dist/node/chunks/dep-BK3b2jBa.js:49067:17
packages/ui-svelte test:  ❯ loadAndTransform ../../node_modules/.pnpm/vite@5.4.21_@types+node@22.19.17_less@4.6.4_lightningcss@1.32.0_sass@1.99.0_terser@5.46.1/node_modules/vite/dist/node/chunks/dep-BK3b2jBa.js:51918:44
packages/ui-svelte test:  ❯ doTransform ../../node_modules/.pnpm/vite@5.4.21_@types+node@22.19.17_less@4.6.4_lightningcss@1.32.0_sass@1.99.0_terser@5.46.1/node_modules/vite/dist/node/chunks/dep-BK3b2jBa.js:51874:18
packages/ui-svelte test:  ❯ process.processTicksAndRejections node:internal/process/task_queues:103:5
packages/ui-svelte test:  ❯ ViteNodeServer._transformRequest ../../node_modules/.pnpm/vite-node@3.2.4_@types+node@22.19.17_less@4.6.4_lightningcss@1.32.0_sass@1.99.0_terser@5.46.1/node_modules/vite-node/dist/server.mjs:404:13
packages/ui-svelte test:  ❯ ViteNodeServer._fetchModule ../../node_modules/.pnpm/vite-node@3.2.4_@types+node@22.19.17_less@4.6.4_lightningcss@1.32.0_sass@1.99.0_terser@5.46.1/node_modules/vite-node/dist/server.mjs:366:14
packages/ui-svelte test:  ❯ Proxy.fetch ../../node_modules/.pnpm/vitest@3.2.4_@types+node@22.19.17_jsdom@26.1.0_less@4.6.4_lightningcss@1.32.0_sass@1.99.0_terser@5.46.1/node_modules/vitest/dist/chunks/coverage.DL5VHqXY.js:2462:19
packages/ui-svelte test:  ❯ EventEmitter.onMessage ../../node_modules/.pnpm/vitest@3.2.4_@types+node@22.19.17_jsdom@26.1.0_less@4.6.4_lightningcss@1.32.0_sass@1.99.0_terser@5.46.1/node_modules/vitest/dist/chunks/index.B521nVV-.js:103:20
packages/ui-svelte test: ⎯⎯⎯⎯⎯⎯ Unhandled Error ⎯⎯⎯⎯⎯⎯⎯
packages/ui-svelte test: TypeError: Cannot read properties of undefined (reading 'config')
packages/ui-svelte test:  ❯ LoadPluginContext.handler ../../node_modules/.pnpm/@sveltejs+vite-plugin-svelte@7.0.0_svelte@5.55.4_@typescript-eslint+types@8.58.2__vite@8.0.8__pvtmjisjugaiazrbts4oof567u/node_modules/@sveltejs/vite-plugin-svelte/src/plugins/load-custom.js:24:37
packages/ui-svelte test:  ❯ PluginContainer.load ../../node_modules/.pnpm/vite@5.4.21_@types+node@22.19.17_less@4.6.4_lightningcss@1.32.0_sass@1.99.0_terser@5.46.1/node_modules/vite/dist/node/chunks/dep-BK3b2jBa.js:49067:17
packages/ui-svelte test:  ❯ loadAndTransform ../../node_modules/.pnpm/vite@5.4.21_@types+node@22.19.17_less@4.6.4_lightningcss@1.32.0_sass@1.99.0_terser@5.46.1/node_modules/vite/dist/node/chunks/dep-BK3b2jBa.js:51918:44
packages/ui-svelte test:  ❯ doTransform ../../node_modules/.pnpm/vite@5.4.21_@types+node@22.19.17_less@4.6.4_lightningcss@1.32.0_sass@1.99.0_terser@5.46.1/node_modules/vite/dist/node/chunks/dep-BK3b2jBa.js:51874:18
packages/ui-svelte test:  ❯ process.processTicksAndRejections node:internal/process/task_queues:103:5
packages/ui-svelte test:  ❯ ViteNodeServer._transformRequest ../../node_modules/.pnpm/vite-node@3.2.4_@types+node@22.19.17_less@4.6.4_lightningcss@1.32.0_sass@1.99.0_terser@5.46.1/node_modules/vite-node/dist/server.mjs:404:13
packages/ui-svelte test:  ❯ ViteNodeServer._fetchModule ../../node_modules/.pnpm/vite-node@3.2.4_@types+node@22.19.17_less@4.6.4_lightningcss@1.32.0_sass@1.99.0_terser@5.46.1/node_modules/vite-node/dist/server.mjs:366:14
packages/ui-svelte test:  ❯ Proxy.fetch ../../node_modules/.pnpm/vitest@3.2.4_@types+node@22.19.17_jsdom@26.1.0_less@4.6.4_lightningcss@1.32.0_sass@1.99.0_terser@5.46.1/node_modules/vitest/dist/chunks/coverage.DL5VHqXY.js:2462:19
packages/ui-svelte test:  ❯ EventEmitter.onMessage ../../node_modules/.pnpm/vitest@3.2.4_@types+node@22.19.17_jsdom@26.1.0_less@4.6.4_lightningcss@1.32.0_sass@1.99.0_terser@5.46.1/node_modules/vitest/dist/chunks/index.B521nVV-.js:103:20
packages/ui-svelte test: ⎯⎯⎯⎯⎯⎯ Unhandled Error ⎯⎯⎯⎯⎯⎯⎯
packages/ui-svelte test: TypeError: Cannot read properties of undefined (reading 'config')
packages/ui-svelte test:  ❯ LoadPluginContext.handler ../../node_modules/.pnpm/@sveltejs+vite-plugin-svelte@7.0.0_svelte@5.55.4_@typescript-eslint+types@8.58.2__vite@8.0.8__pvtmjisjugaiazrbts4oof567u/node_modules/@sveltejs/vite-plugin-svelte/src/plugins/load-custom.js:24:37
packages/ui-svelte test:  ❯ PluginContainer.load ../../node_modules/.pnpm/vite@5.4.21_@types+node@22.19.17_less@4.6.4_lightningcss@1.32.0_sass@1.99.0_terser@5.46.1/node_modules/vite/dist/node/chunks/dep-BK3b2jBa.js:49067:17
packages/ui-svelte test:  ❯ loadAndTransform ../../node_modules/.pnpm/vite@5.4.21_@types+node@22.19.17_less@4.6.4_lightningcss@1.32.0_sass@1.99.0_terser@5.46.1/node_modules/vite/dist/node/chunks/dep-BK3b2jBa.js:51918:44
packages/ui-svelte test:  ❯ doTransform ../../node_modules/.pnpm/vite@5.4.21_@types+node@22.19.17_less@4.6.4_lightningcss@1.32.0_sass@1.99.0_terser@5.46.1/node_modules/vite/dist/node/chunks/dep-BK3b2jBa.js:51874:18
packages/ui-svelte test:  ❯ process.processTicksAndRejections node:internal/process/task_queues:103:5
packages/ui-svelte test:  ❯ ViteNodeServer._transformRequest ../../node_modules/.pnpm/vite-node@3.2.4_@types+node@22.19.17_less@4.6.4_lightningcss@1.32.0_sass@1.99.0_terser@5.46.1/node_modules/vite-node/dist/server.mjs:404:13
packages/ui-svelte test:  ❯ ViteNodeServer._fetchModule ../../node_modules/.pnpm/vite-node@3.2.4_@types+node@22.19.17_less@4.6.4_lightningcss@1.32.0_sass@1.99.0_terser@5.46.1/node_modules/vite-node/dist/server.mjs:366:14
packages/ui-svelte test:  ❯ Proxy.fetch ../../node_modules/.pnpm/vitest@3.2.4_@types+node@22.19.17_jsdom@26.1.0_less@4.6.4_lightningcss@1.32.0_sass@1.99.0_terser@5.46.1/node_modules/vitest/dist/chunks/coverage.DL5VHqXY.js:2462:19
packages/ui-svelte test:  ❯ EventEmitter.onMessage ../../node_modules/.pnpm/vitest@3.2.4_@types+node@22.19.17_jsdom@26.1.0_less@4.6.4_lightningcss@1.32.0_sass@1.99.0_terser@5.46.1/node_modules/vitest/dist/chunks/index.B521nVV-.js:103:20
packages/ui-svelte test: ⎯⎯⎯⎯⎯⎯ Unhandled Error ⎯⎯⎯⎯⎯⎯⎯
packages/ui-svelte test: TypeError: Cannot read properties of undefined (reading 'config')
packages/ui-svelte test:  ❯ LoadPluginContext.handler ../../node_modules/.pnpm/@sveltejs+vite-plugin-svelte@7.0.0_svelte@5.55.4_@typescript-eslint+types@8.58.2__vite@8.0.8__pvtmjisjugaiazrbts4oof567u/node_modules/@sveltejs/vite-plugin-svelte/src/plugins/load-custom.js:24:37
packages/ui-svelte test:  ❯ PluginContainer.load ../../node_modules/.pnpm/vite@5.4.21_@types+node@22.19.17_less@4.6.4_lightningcss@1.32.0_sass@1.99.0_terser@5.46.1/node_modules/vite/dist/node/chunks/dep-BK3b2jBa.js:49067:17
packages/ui-svelte test:  ❯ loadAndTransform ../../node_modules/.pnpm/vite@5.4.21_@types+node@22.19.17_less@4.6.4_lightningcss@1.32.0_sass@1.99.0_terser@5.46.1/node_modules/vite/dist/node/chunks/dep-BK3b2jBa.js:51918:44
packages/ui-svelte test:  ❯ doTransform ../../node_modules/.pnpm/vite@5.4.21_@types+node@22.19.17_less@4.6.4_lightningcss@1.32.0_sass@1.99.0_terser@5.46.1/node_modules/vite/dist/node/chunks/dep-BK3b2jBa.js:51874:18
packages/ui-svelte test:  ❯ process.processTicksAndRejections node:internal/process/task_queues:103:5
packages/ui-svelte test:  ❯ ViteNodeServer._transformRequest ../../node_modules/.pnpm/vite-node@3.2.4_@types+node@22.19.17_less@4.6.4_lightningcss@1.32.0_sass@1.99.0_terser@5.46.1/node_modules/vite-node/dist/server.mjs:404:13
packages/ui-svelte test:  ❯ ViteNodeServer._fetchModule ../../node_modules/.pnpm/vite-node@3.2.4_@types+node@22.19.17_less@4.6.4_lightningcss@1.32.0_sass@1.99.0_terser@5.46.1/node_modules/vite-node/dist/server.mjs:366:14
packages/ui-svelte test:  ❯ Proxy.fetch ../../node_modules/.pnpm/vitest@3.2.4_@types+node@22.19.17_jsdom@26.1.0_less@4.6.4_lightningcss@1.32.0_sass@1.99.0_terser@5.46.1/node_modules/vitest/dist/chunks/coverage.DL5VHqXY.js:2462:19
packages/ui-svelte test:  ❯ EventEmitter.onMessage ../../node_modules/.pnpm/vitest@3.2.4_@types+node@22.19.17_jsdom@26.1.0_less@4.6.4_lightningcss@1.32.0_sass@1.99.0_terser@5.46.1/node_modules/vitest/dist/chunks/index.B521nVV-.js:103:20
packages/ui-svelte test: ⎯⎯⎯⎯⎯⎯ Unhandled Error ⎯⎯⎯⎯⎯⎯⎯
packages/ui-svelte test: TypeError: Cannot read properties of undefined (reading 'config')
packages/ui-svelte test:  ❯ LoadPluginContext.handler ../../node_modules/.pnpm/@sveltejs+vite-plugin-svelte@7.0.0_svelte@5.55.4_@typescript-eslint+types@8.58.2__vite@8.0.8__pvtmjisjugaiazrbts4oof567u/node_modules/@sveltejs/vite-plugin-svelte/src/plugins/load-custom.js:24:37
packages/ui-svelte test:  ❯ PluginContainer.load ../../node_modules/.pnpm/vite@5.4.21_@types+node@22.19.17_less@4.6.4_lightningcss@1.32.0_sass@1.99.0_terser@5.46.1/node_modules/vite/dist/node/chunks/dep-BK3b2jBa.js:49067:17
packages/ui-svelte test:  ❯ loadAndTransform ../../node_modules/.pnpm/vite@5.4.21_@types+node@22.19.17_less@4.6.4_lightningcss@1.32.0_sass@1.99.0_terser@5.46.1/node_modules/vite/dist/node/chunks/dep-BK3b2jBa.js:51918:44
packages/ui-svelte test:  ❯ doTransform ../../node_modules/.pnpm/vite@5.4.21_@types+node@22.19.17_less@4.6.4_lightningcss@1.32.0_sass@1.99.0_terser@5.46.1/node_modules/vite/dist/node/chunks/dep-BK3b2jBa.js:51874:18
packages/ui-svelte test:  ❯ process.processTicksAndRejections node:internal/process/task_queues:103:5
packages/ui-svelte test:  ❯ ViteNodeServer._transformRequest ../../node_modules/.pnpm/vite-node@3.2.4_@types+node@22.19.17_less@4.6.4_lightningcss@1.32.0_sass@1.99.0_terser@5.46.1/node_modules/vite-node/dist/server.mjs:404:13
packages/ui-svelte test:  ❯ ViteNodeServer._fetchModule ../../node_modules/.pnpm/vite-node@3.2.4_@types+node@22.19.17_less@4.6.4_lightningcss@1.32.0_sass@1.99.0_terser@5.46.1/node_modules/vite-node/dist/server.mjs:366:14
packages/ui-svelte test:  ❯ Proxy.fetch ../../node_modules/.pnpm/vitest@3.2.4_@types+node@22.19.17_jsdom@26.1.0_less@4.6.4_lightningcss@1.32.0_sass@1.99.0_terser@5.46.1/node_modules/vitest/dist/chunks/coverage.DL5VHqXY.js:2462:19
packages/ui-svelte test:  ❯ EventEmitter.onMessage ../../node_modules/.pnpm/vitest@3.2.4_@types+node@22.19.17_jsdom@26.1.0_less@4.6.4_lightningcss@1.32.0_sass@1.99.0_terser@5.46.1/node_modules/vitest/dist/chunks/index.B521nVV-.js:103:20
packages/ui-svelte test: ⎯⎯⎯⎯⎯⎯ Unhandled Error ⎯⎯⎯⎯⎯⎯⎯
packages/ui-svelte test: TypeError: Cannot read properties of undefined (reading 'config')
packages/ui-svelte test:  ❯ LoadPluginContext.handler ../../node_modules/.pnpm/@sveltejs+vite-plugin-svelte@7.0.0_svelte@5.55.4_@typescript-eslint+types@8.58.2__vite@8.0.8__pvtmjisjugaiazrbts4oof567u/node_modules/@sveltejs/vite-plugin-svelte/src/plugins/load-custom.js:24:37
packages/ui-svelte test:  ❯ PluginContainer.load ../../node_modules/.pnpm/vite@5.4.21_@types+node@22.19.17_less@4.6.4_lightningcss@1.32.0_sass@1.99.0_terser@5.46.1/node_modules/vite/dist/node/chunks/dep-BK3b2jBa.js:49067:17
packages/ui-svelte test:  ❯ loadAndTransform ../../node_modules/.pnpm/vite@5.4.21_@types+node@22.19.17_less@4.6.4_lightningcss@1.32.0_sass@1.99.0_terser@5.46.1/node_modules/vite/dist/node/chunks/dep-BK3b2jBa.js:51918:44
packages/ui-svelte test:  ❯ doTransform ../../node_modules/.pnpm/vite@5.4.21_@types+node@22.19.17_less@4.6.4_lightningcss@1.32.0_sass@1.99.0_terser@5.46.1/node_modules/vite/dist/node/chunks/dep-BK3b2jBa.js:51874:18
packages/ui-svelte test:  ❯ process.processTicksAndRejections node:internal/process/task_queues:103:5
packages/ui-svelte test:  ❯ ViteNodeServer._transformRequest ../../node_modules/.pnpm/vite-node@3.2.4_@types+node@22.19.17_less@4.6.4_lightningcss@1.32.0_sass@1.99.0_terser@5.46.1/node_modules/vite-node/dist/server.mjs:404:13
packages/ui-svelte test:  ❯ ViteNodeServer._fetchModule ../../node_modules/.pnpm/vite-node@3.2.4_@types+node@22.19.17_less@4.6.4_lightningcss@1.32.0_sass@1.99.0_terser@5.46.1/node_modules/vite-node/dist/server.mjs:366:14
packages/ui-svelte test:  ❯ Proxy.fetch ../../node_modules/.pnpm/vitest@3.2.4_@types+node@22.19.17_jsdom@26.1.0_less@4.6.4_lightningcss@1.32.0_sass@1.99.0_terser@5.46.1/node_modules/vitest/dist/chunks/coverage.DL5VHqXY.js:2462:19
packages/ui-svelte test:  ❯ EventEmitter.onMessage ../../node_modules/.pnpm/vitest@3.2.4_@types+node@22.19.17_jsdom@26.1.0_less@4.6.4_lightningcss@1.32.0_sass@1.99.0_terser@5.46.1/node_modules/vitest/dist/chunks/index.B521nVV-.js:103:20
packages/ui-svelte test: ⎯⎯⎯⎯⎯⎯ Unhandled Error ⎯⎯⎯⎯⎯⎯⎯
packages/ui-svelte test: TypeError: Cannot read properties of undefined (reading 'config')
packages/ui-svelte test:  ❯ LoadPluginContext.handler ../../node_modules/.pnpm/@sveltejs+vite-plugin-svelte@7.0.0_svelte@5.55.4_@typescript-eslint+types@8.58.2__vite@8.0.8__pvtmjisjugaiazrbts4oof567u/node_modules/@sveltejs/vite-plugin-svelte/src/plugins/load-custom.js:24:37
packages/ui-svelte test:  ❯ PluginContainer.load ../../node_modules/.pnpm/vite@5.4.21_@types+node@22.19.17_less@4.6.4_lightningcss@1.32.0_sass@1.99.0_terser@5.46.1/node_modules/vite/dist/node/chunks/dep-BK3b2jBa.js:49067:17
packages/ui-svelte test:  ❯ loadAndTransform ../../node_modules/.pnpm/vite@5.4.21_@types+node@22.19.17_less@4.6.4_lightningcss@1.32.0_sass@1.99.0_terser@5.46.1/node_modules/vite/dist/node/chunks/dep-BK3b2jBa.js:51918:44
packages/ui-svelte test:  ❯ doTransform ../../node_modules/.pnpm/vite@5.4.21_@types+node@22.19.17_less@4.6.4_lightningcss@1.32.0_sass@1.99.0_terser@5.46.1/node_modules/vite/dist/node/chunks/dep-BK3b2jBa.js:51874:18
packages/ui-svelte test:  ❯ process.processTicksAndRejections node:internal/process/task_queues:103:5
packages/ui-svelte test:  ❯ ViteNodeServer._transformRequest ../../node_modules/.pnpm/vite-node@3.2.4_@types+node@22.19.17_less@4.6.4_lightningcss@1.32.0_sass@1.99.0_terser@5.46.1/node_modules/vite-node/dist/server.mjs:404:13
packages/ui-svelte test:  ❯ ViteNodeServer._fetchModule ../../node_modules/.pnpm/vite-node@3.2.4_@types+node@22.19.17_less@4.6.4_lightningcss@1.32.0_sass@1.99.0_terser@5.46.1/node_modules/vite-node/dist/server.mjs:366:14
packages/ui-svelte test:  ❯ Proxy.fetch ../../node_modules/.pnpm/vitest@3.2.4_@types+node@22.19.17_jsdom@26.1.0_less@4.6.4_lightningcss@1.32.0_sass@1.99.0_terser@5.46.1/node_modules/vitest/dist/chunks/coverage.DL5VHqXY.js:2462:19
packages/ui-svelte test:  ❯ EventEmitter.onMessage ../../node_modules/.pnpm/vitest@3.2.4_@types+node@22.19.17_jsdom@26.1.0_less@4.6.4_lightningcss@1.32.0_sass@1.99.0_terser@5.46.1/node_modules/vitest/dist/chunks/index.B521nVV-.js:103:20
packages/ui-svelte test: ⎯⎯⎯⎯⎯⎯ Unhandled Error ⎯⎯⎯⎯⎯⎯⎯
packages/ui-svelte test: TypeError: Cannot read properties of undefined (reading 'config')
packages/ui-svelte test:  ❯ LoadPluginContext.handler ../../node_modules/.pnpm/@sveltejs+vite-plugin-svelte@7.0.0_svelte@5.55.4_@typescript-eslint+types@8.58.2__vite@8.0.8__pvtmjisjugaiazrbts4oof567u/node_modules/@sveltejs/vite-plugin-svelte/src/plugins/load-custom.js:24:37
packages/ui-svelte test:  ❯ PluginContainer.load ../../node_modules/.pnpm/vite@5.4.21_@types+node@22.19.17_less@4.6.4_lightningcss@1.32.0_sass@1.99.0_terser@5.46.1/node_modules/vite/dist/node/chunks/dep-BK3b2jBa.js:49067:17
packages/ui-svelte test:  ❯ loadAndTransform ../../node_modules/.pnpm/vite@5.4.21_@types+node@22.19.17_less@4.6.4_lightningcss@1.32.0_sass@1.99.0_terser@5.46.1/node_modules/vite/dist/node/chunks/dep-BK3b2jBa.js:51918:44
packages/ui-svelte test:  ❯ doTransform ../../node_modules/.pnpm/vite@5.4.21_@types+node@22.19.17_less@4.6.4_lightningcss@1.32.0_sass@1.99.0_terser@5.46.1/node_modules/vite/dist/node/chunks/dep-BK3b2jBa.js:51874:18
packages/ui-svelte test:  ❯ process.processTicksAndRejections node:internal/process/task_queues:103:5
packages/ui-svelte test:  ❯ ViteNodeServer._transformRequest ../../node_modules/.pnpm/vite-node@3.2.4_@types+node@22.19.17_less@4.6.4_lightningcss@1.32.0_sass@1.99.0_terser@5.46.1/node_modules/vite-node/dist/server.mjs:404:13
packages/ui-svelte test:  ❯ ViteNodeServer._fetchModule ../../node_modules/.pnpm/vite-node@3.2.4_@types+node@22.19.17_less@4.6.4_lightningcss@1.32.0_sass@1.99.0_terser@5.46.1/node_modules/vite-node/dist/server.mjs:366:14
packages/ui-svelte test:  ❯ Proxy.fetch ../../node_modules/.pnpm/vitest@3.2.4_@types+node@22.19.17_jsdom@26.1.0_less@4.6.4_lightningcss@1.32.0_sass@1.99.0_terser@5.46.1/node_modules/vitest/dist/chunks/coverage.DL5VHqXY.js:2462:19
packages/ui-svelte test:  ❯ EventEmitter.onMessage ../../node_modules/.pnpm/vitest@3.2.4_@types+node@22.19.17_jsdom@26.1.0_less@4.6.4_lightningcss@1.32.0_sass@1.99.0_terser@5.46.1/node_modules/vitest/dist/chunks/index.B521nVV-.js:103:20
packages/ui-svelte test: ⎯⎯⎯⎯⎯⎯ Unhandled Error ⎯⎯⎯⎯⎯⎯⎯
packages/ui-svelte test: TypeError: Cannot read properties of undefined (reading 'config')
packages/ui-svelte test:  ❯ LoadPluginContext.handler ../../node_modules/.pnpm/@sveltejs+vite-plugin-svelte@7.0.0_svelte@5.55.4_@typescript-eslint+types@8.58.2__vite@8.0.8__pvtmjisjugaiazrbts4oof567u/node_modules/@sveltejs/vite-plugin-svelte/src/plugins/load-custom.js:24:37
packages/ui-svelte test:  ❯ PluginContainer.load ../../node_modules/.pnpm/vite@5.4.21_@types+node@22.19.17_less@4.6.4_lightningcss@1.32.0_sass@1.99.0_terser@5.46.1/node_modules/vite/dist/node/chunks/dep-BK3b2jBa.js:49067:17
packages/ui-svelte test:  ❯ loadAndTransform ../../node_modules/.pnpm/vite@5.4.21_@types+node@22.19.17_less@4.6.4_lightningcss@1.32.0_sass@1.99.0_terser@5.46.1/node_modules/vite/dist/node/chunks/dep-BK3b2jBa.js:51918:44
packages/ui-svelte test:  ❯ doTransform ../../node_modules/.pnpm/vite@5.4.21_@types+node@22.19.17_less@4.6.4_lightningcss@1.32.0_sass@1.99.0_terser@5.46.1/node_modules/vite/dist/node/chunks/dep-BK3b2jBa.js:51874:18
packages/ui-svelte test:  ❯ process.processTicksAndRejections node:internal/process/task_queues:103:5
packages/ui-svelte test:  ❯ ViteNodeServer._transformRequest ../../node_modules/.pnpm/vite-node@3.2.4_@types+node@22.19.17_less@4.6.4_lightningcss@1.32.0_sass@1.99.0_terser@5.46.1/node_modules/vite-node/dist/server.mjs:404:13
packages/ui-svelte test:  ❯ ViteNodeServer._fetchModule ../../node_modules/.pnpm/vite-node@3.2.4_@types+node@22.19.17_less@4.6.4_lightningcss@1.32.0_sass@1.99.0_terser@5.46.1/node_modules/vite-node/dist/server.mjs:366:14
packages/ui-svelte test:  ❯ Proxy.fetch ../../node_modules/.pnpm/vitest@3.2.4_@types+node@22.19.17_jsdom@26.1.0_less@4.6.4_lightningcss@1.32.0_sass@1.99.0_terser@5.46.1/node_modules/vitest/dist/chunks/coverage.DL5VHqXY.js:2462:19
packages/ui-svelte test:  ❯ EventEmitter.onMessage ../../node_modules/.pnpm/vitest@3.2.4_@types+node@22.19.17_jsdom@26.1.0_less@4.6.4_lightningcss@1.32.0_sass@1.99.0_terser@5.46.1/node_modules/vitest/dist/chunks/index.B521nVV-.js:103:20
packages/ui-svelte test: ⎯⎯⎯⎯⎯⎯ Unhandled Error ⎯⎯⎯⎯⎯⎯⎯
packages/ui-svelte test: TypeError: Cannot read properties of undefined (reading 'config')
packages/ui-svelte test:  ❯ LoadPluginContext.handler ../../node_modules/.pnpm/@sveltejs+vite-plugin-svelte@7.0.0_svelte@5.55.4_@typescript-eslint+types@8.58.2__vite@8.0.8__pvtmjisjugaiazrbts4oof567u/node_modules/@sveltejs/vite-plugin-svelte/src/plugins/load-custom.js:24:37
packages/ui-svelte test:  ❯ PluginContainer.load ../../node_modules/.pnpm/vite@5.4.21_@types+node@22.19.17_less@4.6.4_lightningcss@1.32.0_sass@1.99.0_terser@5.46.1/node_modules/vite/dist/node/chunks/dep-BK3b2jBa.js:49067:17
packages/ui-svelte test:  ❯ loadAndTransform ../../node_modules/.pnpm/vite@5.4.21_@types+node@22.19.17_less@4.6.4_lightningcss@1.32.0_sass@1.99.0_terser@5.46.1/node_modules/vite/dist/node/chunks/dep-BK3b2jBa.js:51918:44
packages/ui-svelte test:  ❯ doTransform ../../node_modules/.pnpm/vite@5.4.21_@types+node@22.19.17_less@4.6.4_lightningcss@1.32.0_sass@1.99.0_terser@5.46.1/node_modules/vite/dist/node/chunks/dep-BK3b2jBa.js:51874:18
packages/ui-svelte test:  ❯ process.processTicksAndRejections node:internal/process/task_queues:103:5
packages/ui-svelte test:  ❯ ViteNodeServer._transformRequest ../../node_modules/.pnpm/vite-node@3.2.4_@types+node@22.19.17_less@4.6.4_lightningcss@1.32.0_sass@1.99.0_terser@5.46.1/node_modules/vite-node/dist/server.mjs:404:13
packages/ui-svelte test:  ❯ ViteNodeServer._fetchModule ../../node_modules/.pnpm/vite-node@3.2.4_@types+node@22.19.17_less@4.6.4_lightningcss@1.32.0_sass@1.99.0_terser@5.46.1/node_modules/vite-node/dist/server.mjs:366:14
packages/ui-svelte test:  ❯ Proxy.fetch ../../node_modules/.pnpm/vitest@3.2.4_@types+node@22.19.17_jsdom@26.1.0_less@4.6.4_lightningcss@1.32.0_sass@1.99.0_terser@5.46.1/node_modules/vitest/dist/chunks/coverage.DL5VHqXY.js:2462:19
packages/ui-svelte test:  ❯ EventEmitter.onMessage ../../node_modules/.pnpm/vitest@3.2.4_@types+node@22.19.17_jsdom@26.1.0_less@4.6.4_lightningcss@1.32.0_sass@1.99.0_terser@5.46.1/node_modules/vitest/dist/chunks/index.B521nVV-.js:103:20
packages/ui-svelte test: ⎯⎯⎯⎯⎯⎯ Unhandled Error ⎯⎯⎯⎯⎯⎯⎯
packages/ui-svelte test: TypeError: Cannot read properties of undefined (reading 'config')
packages/ui-svelte test:  ❯ LoadPluginContext.handler ../../node_modules/.pnpm/@sveltejs+vite-plugin-svelte@7.0.0_svelte@5.55.4_@typescript-eslint+types@8.58.2__vite@8.0.8__pvtmjisjugaiazrbts4oof567u/node_modules/@sveltejs/vite-plugin-svelte/src/plugins/load-custom.js:24:37
packages/ui-svelte test:  ❯ PluginContainer.load ../../node_modules/.pnpm/vite@5.4.21_@types+node@22.19.17_less@4.6.4_lightningcss@1.32.0_sass@1.99.0_terser@5.46.1/node_modules/vite/dist/node/chunks/dep-BK3b2jBa.js:49067:17
packages/ui-svelte test:  ❯ loadAndTransform ../../node_modules/.pnpm/vite@5.4.21_@types+node@22.19.17_less@4.6.4_lightningcss@1.32.0_sass@1.99.0_terser@5.46.1/node_modules/vite/dist/node/chunks/dep-BK3b2jBa.js:51918:44
packages/ui-svelte test:  ❯ doTransform ../../node_modules/.pnpm/vite@5.4.21_@types+node@22.19.17_less@4.6.4_lightningcss@1.32.0_sass@1.99.0_terser@5.46.1/node_modules/vite/dist/node/chunks/dep-BK3b2jBa.js:51874:18
packages/ui-svelte test:  ❯ process.processTicksAndRejections node:internal/process/task_queues:103:5
packages/ui-svelte test:  ❯ ViteNodeServer._transformRequest ../../node_modules/.pnpm/vite-node@3.2.4_@types+node@22.19.17_less@4.6.4_lightningcss@1.32.0_sass@1.99.0_terser@5.46.1/node_modules/vite-node/dist/server.mjs:404:13
packages/ui-svelte test:  ❯ ViteNodeServer._fetchModule ../../node_modules/.pnpm/vite-node@3.2.4_@types+node@22.19.17_less@4.6.4_lightningcss@1.32.0_sass@1.99.0_terser@5.46.1/node_modules/vite-node/dist/server.mjs:366:14
packages/ui-svelte test:  ❯ Proxy.fetch ../../node_modules/.pnpm/vitest@3.2.4_@types+node@22.19.17_jsdom@26.1.0_less@4.6.4_lightningcss@1.32.0_sass@1.99.0_terser@5.46.1/node_modules/vitest/dist/chunks/coverage.DL5VHqXY.js:2462:19
packages/ui-svelte test:  ❯ EventEmitter.onMessage ../../node_modules/.pnpm/vitest@3.2.4_@types+node@22.19.17_jsdom@26.1.0_less@4.6.4_lightningcss@1.32.0_sass@1.99.0_terser@5.46.1/node_modules/vitest/dist/chunks/index.B521nVV-.js:103:20
packages/ui-svelte test: ⎯⎯⎯⎯⎯⎯ Unhandled Error ⎯⎯⎯⎯⎯⎯⎯
packages/ui-svelte test: TypeError: Cannot read properties of undefined (reading 'config')
packages/ui-svelte test:  ❯ LoadPluginContext.handler ../../node_modules/.pnpm/@sveltejs+vite-plugin-svelte@7.0.0_svelte@5.55.4_@typescript-eslint+types@8.58.2__vite@8.0.8__pvtmjisjugaiazrbts4oof567u/node_modules/@sveltejs/vite-plugin-svelte/src/plugins/load-custom.js:24:37
packages/ui-svelte test:  ❯ PluginContainer.load ../../node_modules/.pnpm/vite@5.4.21_@types+node@22.19.17_less@4.6.4_lightningcss@1.32.0_sass@1.99.0_terser@5.46.1/node_modules/vite/dist/node/chunks/dep-BK3b2jBa.js:49067:17
packages/ui-svelte test:  ❯ loadAndTransform ../../node_modules/.pnpm/vite@5.4.21_@types+node@22.19.17_less@4.6.4_lightningcss@1.32.0_sass@1.99.0_terser@5.46.1/node_modules/vite/dist/node/chunks/dep-BK3b2jBa.js:51918:44
packages/ui-svelte test:  ❯ doTransform ../../node_modules/.pnpm/vite@5.4.21_@types+node@22.19.17_less@4.6.4_lightningcss@1.32.0_sass@1.99.0_terser@5.46.1/node_modules/vite/dist/node/chunks/dep-BK3b2jBa.js:51874:18
packages/ui-svelte test:  ❯ process.processTicksAndRejections node:internal/process/task_queues:103:5
packages/ui-svelte test:  ❯ ViteNodeServer._transformRequest ../../node_modules/.pnpm/vite-node@3.2.4_@types+node@22.19.17_less@4.6.4_lightningcss@1.32.0_sass@1.99.0_terser@5.46.1/node_modules/vite-node/dist/server.mjs:404:13
packages/ui-svelte test:  ❯ ViteNodeServer._fetchModule ../../node_modules/.pnpm/vite-node@3.2.4_@types+node@22.19.17_less@4.6.4_lightningcss@1.32.0_sass@1.99.0_terser@5.46.1/node_modules/vite-node/dist/server.mjs:366:14
packages/ui-svelte test:  ❯ Proxy.fetch ../../node_modules/.pnpm/vitest@3.2.4_@types+node@22.19.17_jsdom@26.1.0_less@4.6.4_lightningcss@1.32.0_sass@1.99.0_terser@5.46.1/node_modules/vitest/dist/chunks/coverage.DL5VHqXY.js:2462:19
packages/ui-svelte test:  ❯ EventEmitter.onMessage ../../node_modules/.pnpm/vitest@3.2.4_@types+node@22.19.17_jsdom@26.1.0_less@4.6.4_lightningcss@1.32.0_sass@1.99.0_terser@5.46.1/node_modules/vitest/dist/chunks/index.B521nVV-.js:103:20
packages/ui-svelte test: ⎯⎯⎯⎯⎯⎯ Unhandled Error ⎯⎯⎯⎯⎯⎯⎯
packages/ui-svelte test: TypeError: Cannot read properties of undefined (reading 'config')
packages/ui-svelte test:  ❯ LoadPluginContext.handler ../../node_modules/.pnpm/@sveltejs+vite-plugin-svelte@7.0.0_svelte@5.55.4_@typescript-eslint+types@8.58.2__vite@8.0.8__pvtmjisjugaiazrbts4oof567u/node_modules/@sveltejs/vite-plugin-svelte/src/plugins/load-custom.js:24:37
packages/ui-svelte test:  ❯ PluginContainer.load ../../node_modules/.pnpm/vite@5.4.21_@types+node@22.19.17_less@4.6.4_lightningcss@1.32.0_sass@1.99.0_terser@5.46.1/node_modules/vite/dist/node/chunks/dep-BK3b2jBa.js:49067:17
packages/ui-svelte test:  ❯ loadAndTransform ../../node_modules/.pnpm/vite@5.4.21_@types+node@22.19.17_less@4.6.4_lightningcss@1.32.0_sass@1.99.0_terser@5.46.1/node_modules/vite/dist/node/chunks/dep-BK3b2jBa.js:51918:44
packages/ui-svelte test:  ❯ doTransform ../../node_modules/.pnpm/vite@5.4.21_@types+node@22.19.17_less@4.6.4_lightningcss@1.32.0_sass@1.99.0_terser@5.46.1/node_modules/vite/dist/node/chunks/dep-BK3b2jBa.js:51874:18
packages/ui-svelte test:  ❯ process.processTicksAndRejections node:internal/process/task_queues:103:5
packages/ui-svelte test:  ❯ ViteNodeServer._transformRequest ../../node_modules/.pnpm/vite-node@3.2.4_@types+node@22.19.17_less@4.6.4_lightningcss@1.32.0_sass@1.99.0_terser@5.46.1/node_modules/vite-node/dist/server.mjs:404:13
packages/ui-svelte test:  ❯ ViteNodeServer._fetchModule ../../node_modules/.pnpm/vite-node@3.2.4_@types+node@22.19.17_less@4.6.4_lightningcss@1.32.0_sass@1.99.0_terser@5.46.1/node_modules/vite-node/dist/server.mjs:366:14
packages/ui-svelte test:  ❯ Proxy.fetch ../../node_modules/.pnpm/vitest@3.2.4_@types+node@22.19.17_jsdom@26.1.0_less@4.6.4_lightningcss@1.32.0_sass@1.99.0_terser@5.46.1/node_modules/vitest/dist/chunks/coverage.DL5VHqXY.js:2462:19
packages/ui-svelte test:  ❯ EventEmitter.onMessage ../../node_modules/.pnpm/vitest@3.2.4_@types+node@22.19.17_jsdom@26.1.0_less@4.6.4_lightningcss@1.32.0_sass@1.99.0_terser@5.46.1/node_modules/vitest/dist/chunks/index.B521nVV-.js:103:20
packages/ui-svelte test: ⎯⎯⎯⎯⎯⎯ Unhandled Error ⎯⎯⎯⎯⎯⎯⎯
packages/ui-svelte test: TypeError: Cannot read properties of undefined (reading 'config')
packages/ui-svelte test:  ❯ LoadPluginContext.handler ../../node_modules/.pnpm/@sveltejs+vite-plugin-svelte@7.0.0_svelte@5.55.4_@typescript-eslint+types@8.58.2__vite@8.0.8__pvtmjisjugaiazrbts4oof567u/node_modules/@sveltejs/vite-plugin-svelte/src/plugins/load-custom.js:24:37
packages/ui-svelte test:  ❯ PluginContainer.load ../../node_modules/.pnpm/vite@5.4.21_@types+node@22.19.17_less@4.6.4_lightningcss@1.32.0_sass@1.99.0_terser@5.46.1/node_modules/vite/dist/node/chunks/dep-BK3b2jBa.js:49067:17
packages/ui-svelte test:  ❯ loadAndTransform ../../node_modules/.pnpm/vite@5.4.21_@types+node@22.19.17_less@4.6.4_lightningcss@1.32.0_sass@1.99.0_terser@5.46.1/node_modules/vite/dist/node/chunks/dep-BK3b2jBa.js:51918:44
packages/ui-svelte test:  ❯ doTransform ../../node_modules/.pnpm/vite@5.4.21_@types+node@22.19.17_less@4.6.4_lightningcss@1.32.0_sass@1.99.0_terser@5.46.1/node_modules/vite/dist/node/chunks/dep-BK3b2jBa.js:51874:18
packages/ui-svelte test:  ❯ process.processTicksAndRejections node:internal/process/task_queues:103:5
packages/ui-svelte test:  ❯ ViteNodeServer._transformRequest ../../node_modules/.pnpm/vite-node@3.2.4_@types+node@22.19.17_less@4.6.4_lightningcss@1.32.0_sass@1.99.0_terser@5.46.1/node_modules/vite-node/dist/server.mjs:404:13
packages/ui-svelte test:  ❯ ViteNodeServer._fetchModule ../../node_modules/.pnpm/vite-node@3.2.4_@types+node@22.19.17_less@4.6.4_lightningcss@1.32.0_sass@1.99.0_terser@5.46.1/node_modules/vite-node/dist/server.mjs:366:14
packages/ui-svelte test:  ❯ Proxy.fetch ../../node_modules/.pnpm/vitest@3.2.4_@types+node@22.19.17_jsdom@26.1.0_less@4.6.4_lightningcss@1.32.0_sass@1.99.0_terser@5.46.1/node_modules/vitest/dist/chunks/coverage.DL5VHqXY.js:2462:19
packages/ui-svelte test:  ❯ EventEmitter.onMessage ../../node_modules/.pnpm/vitest@3.2.4_@types+node@22.19.17_jsdom@26.1.0_less@4.6.4_lightningcss@1.32.0_sass@1.99.0_terser@5.46.1/node_modules/vitest/dist/chunks/index.B521nVV-.js:103:20
packages/ui-svelte test: ⎯⎯⎯⎯⎯⎯ Unhandled Error ⎯⎯⎯⎯⎯⎯⎯
packages/ui-svelte test: TypeError: Cannot read properties of undefined (reading 'config')
packages/ui-svelte test:  ❯ LoadPluginContext.handler ../../node_modules/.pnpm/@sveltejs+vite-plugin-svelte@7.0.0_svelte@5.55.4_@typescript-eslint+types@8.58.2__vite@8.0.8__pvtmjisjugaiazrbts4oof567u/node_modules/@sveltejs/vite-plugin-svelte/src/plugins/load-custom.js:24:37
packages/ui-svelte test:  ❯ PluginContainer.load ../../node_modules/.pnpm/vite@5.4.21_@types+node@22.19.17_less@4.6.4_lightningcss@1.32.0_sass@1.99.0_terser@5.46.1/node_modules/vite/dist/node/chunks/dep-BK3b2jBa.js:49067:17
packages/ui-svelte test:  ❯ loadAndTransform ../../node_modules/.pnpm/vite@5.4.21_@types+node@22.19.17_less@4.6.4_lightningcss@1.32.0_sass@1.99.0_terser@5.46.1/node_modules/vite/dist/node/chunks/dep-BK3b2jBa.js:51918:44
packages/ui-svelte test:  ❯ doTransform ../../node_modules/.pnpm/vite@5.4.21_@types+node@22.19.17_less@4.6.4_lightningcss@1.32.0_sass@1.99.0_terser@5.46.1/node_modules/vite/dist/node/chunks/dep-BK3b2jBa.js:51874:18
packages/ui-svelte test:  ❯ process.processTicksAndRejections node:internal/process/task_queues:103:5
packages/ui-svelte test:  ❯ ViteNodeServer._transformRequest ../../node_modules/.pnpm/vite-node@3.2.4_@types+node@22.19.17_less@4.6.4_lightningcss@1.32.0_sass@1.99.0_terser@5.46.1/node_modules/vite-node/dist/server.mjs:404:13
packages/ui-svelte test:  ❯ ViteNodeServer._fetchModule ../../node_modules/.pnpm/vite-node@3.2.4_@types+node@22.19.17_less@4.6.4_lightningcss@1.32.0_sass@1.99.0_terser@5.46.1/node_modules/vite-node/dist/server.mjs:366:14
packages/ui-svelte test:  ❯ Proxy.fetch ../../node_modules/.pnpm/vitest@3.2.4_@types+node@22.19.17_jsdom@26.1.0_less@4.6.4_lightningcss@1.32.0_sass@1.99.0_terser@5.46.1/node_modules/vitest/dist/chunks/coverage.DL5VHqXY.js:2462:19
packages/ui-svelte test:  ❯ EventEmitter.onMessage ../../node_modules/.pnpm/vitest@3.2.4_@types+node@22.19.17_jsdom@26.1.0_less@4.6.4_lightningcss@1.32.0_sass@1.99.0_terser@5.46.1/node_modules/vitest/dist/chunks/index.B521nVV-.js:103:20
packages/ui-svelte test: ⎯⎯⎯⎯⎯⎯ Unhandled Error ⎯⎯⎯⎯⎯⎯⎯
packages/ui-svelte test: TypeError: Cannot read properties of undefined (reading 'config')
packages/ui-svelte test:  ❯ LoadPluginContext.handler ../../node_modules/.pnpm/@sveltejs+vite-plugin-svelte@7.0.0_svelte@5.55.4_@typescript-eslint+types@8.58.2__vite@8.0.8__pvtmjisjugaiazrbts4oof567u/node_modules/@sveltejs/vite-plugin-svelte/src/plugins/load-custom.js:24:37
packages/ui-svelte test:  ❯ PluginContainer.load ../../node_modules/.pnpm/vite@5.4.21_@types+node@22.19.17_less@4.6.4_lightningcss@1.32.0_sass@1.99.0_terser@5.46.1/node_modules/vite/dist/node/chunks/dep-BK3b2jBa.js:49067:17
packages/ui-svelte test:  ❯ loadAndTransform ../../node_modules/.pnpm/vite@5.4.21_@types+node@22.19.17_less@4.6.4_lightningcss@1.32.0_sass@1.99.0_terser@5.46.1/node_modules/vite/dist/node/chunks/dep-BK3b2jBa.js:51918:44
packages/ui-svelte test:  ❯ doTransform ../../node_modules/.pnpm/vite@5.4.21_@types+node@22.19.17_less@4.6.4_lightningcss@1.32.0_sass@1.99.0_terser@5.46.1/node_modules/vite/dist/node/chunks/dep-BK3b2jBa.js:51874:18
packages/ui-svelte test:  ❯ process.processTicksAndRejections node:internal/process/task_queues:103:5
packages/ui-svelte test:  ❯ ViteNodeServer._transformRequest ../../node_modules/.pnpm/vite-node@3.2.4_@types+node@22.19.17_less@4.6.4_lightningcss@1.32.0_sass@1.99.0_terser@5.46.1/node_modules/vite-node/dist/server.mjs:404:13
packages/ui-svelte test:  ❯ ViteNodeServer._fetchModule ../../node_modules/.pnpm/vite-node@3.2.4_@types+node@22.19.17_less@4.6.4_lightningcss@1.32.0_sass@1.99.0_terser@5.46.1/node_modules/vite-node/dist/server.mjs:366:14
packages/ui-svelte test:  ❯ Proxy.fetch ../../node_modules/.pnpm/vitest@3.2.4_@types+node@22.19.17_jsdom@26.1.0_less@4.6.4_lightningcss@1.32.0_sass@1.99.0_terser@5.46.1/node_modules/vitest/dist/chunks/coverage.DL5VHqXY.js:2462:19
packages/ui-svelte test:  ❯ EventEmitter.onMessage ../../node_modules/.pnpm/vitest@3.2.4_@types+node@22.19.17_jsdom@26.1.0_less@4.6.4_lightningcss@1.32.0_sass@1.99.0_terser@5.46.1/node_modules/vitest/dist/chunks/index.B521nVV-.js:103:20
packages/ui-svelte test: ⎯⎯⎯⎯⎯⎯ Unhandled Error ⎯⎯⎯⎯⎯⎯⎯
packages/ui-svelte test: TypeError: Cannot read properties of undefined (reading 'config')
packages/ui-svelte test:  ❯ LoadPluginContext.handler ../../node_modules/.pnpm/@sveltejs+vite-plugin-svelte@7.0.0_svelte@5.55.4_@typescript-eslint+types@8.58.2__vite@8.0.8__pvtmjisjugaiazrbts4oof567u/node_modules/@sveltejs/vite-plugin-svelte/src/plugins/load-custom.js:24:37
packages/ui-svelte test:  ❯ PluginContainer.load ../../node_modules/.pnpm/vite@5.4.21_@types+node@22.19.17_less@4.6.4_lightningcss@1.32.0_sass@1.99.0_terser@5.46.1/node_modules/vite/dist/node/chunks/dep-BK3b2jBa.js:49067:17
packages/ui-svelte test:  ❯ loadAndTransform ../../node_modules/.pnpm/vite@5.4.21_@types+node@22.19.17_less@4.6.4_lightningcss@1.32.0_sass@1.99.0_terser@5.46.1/node_modules/vite/dist/node/chunks/dep-BK3b2jBa.js:51918:44
packages/ui-svelte test:  ❯ doTransform ../../node_modules/.pnpm/vite@5.4.21_@types+node@22.19.17_less@4.6.4_lightningcss@1.32.0_sass@1.99.0_terser@5.46.1/node_modules/vite/dist/node/chunks/dep-BK3b2jBa.js:51874:18
packages/ui-svelte test:  ❯ process.processTicksAndRejections node:internal/process/task_queues:103:5
packages/ui-svelte test:  ❯ ViteNodeServer._transformRequest ../../node_modules/.pnpm/vite-node@3.2.4_@types+node@22.19.17_less@4.6.4_lightningcss@1.32.0_sass@1.99.0_terser@5.46.1/node_modules/vite-node/dist/server.mjs:404:13
packages/ui-svelte test:  ❯ ViteNodeServer._fetchModule ../../node_modules/.pnpm/vite-node@3.2.4_@types+node@22.19.17_less@4.6.4_lightningcss@1.32.0_sass@1.99.0_terser@5.46.1/node_modules/vite-node/dist/server.mjs:366:14
packages/ui-svelte test:  ❯ Proxy.fetch ../../node_modules/.pnpm/vitest@3.2.4_@types+node@22.19.17_jsdom@26.1.0_less@4.6.4_lightningcss@1.32.0_sass@1.99.0_terser@5.46.1/node_modules/vitest/dist/chunks/coverage.DL5VHqXY.js:2462:19
packages/ui-svelte test:  ❯ EventEmitter.onMessage ../../node_modules/.pnpm/vitest@3.2.4_@types+node@22.19.17_jsdom@26.1.0_less@4.6.4_lightningcss@1.32.0_sass@1.99.0_terser@5.46.1/node_modules/vitest/dist/chunks/index.B521nVV-.js:103:20
packages/ui-svelte test: ⎯⎯⎯⎯⎯⎯ Unhandled Error ⎯⎯⎯⎯⎯⎯⎯
packages/ui-svelte test: TypeError: Cannot read properties of undefined (reading 'config')
packages/ui-svelte test:  ❯ LoadPluginContext.handler ../../node_modules/.pnpm/@sveltejs+vite-plugin-svelte@7.0.0_svelte@5.55.4_@typescript-eslint+types@8.58.2__vite@8.0.8__pvtmjisjugaiazrbts4oof567u/node_modules/@sveltejs/vite-plugin-svelte/src/plugins/load-custom.js:24:37
packages/ui-svelte test:  ❯ PluginContainer.load ../../node_modules/.pnpm/vite@5.4.21_@types+node@22.19.17_less@4.6.4_lightningcss@1.32.0_sass@1.99.0_terser@5.46.1/node_modules/vite/dist/node/chunks/dep-BK3b2jBa.js:49067:17
packages/ui-svelte test:  ❯ loadAndTransform ../../node_modules/.pnpm/vite@5.4.21_@types+node@22.19.17_less@4.6.4_lightningcss@1.32.0_sass@1.99.0_terser@5.46.1/node_modules/vite/dist/node/chunks/dep-BK3b2jBa.js:51918:44
packages/ui-svelte test:  ❯ doTransform ../../node_modules/.pnpm/vite@5.4.21_@types+node@22.19.17_less@4.6.4_lightningcss@1.32.0_sass@1.99.0_terser@5.46.1/node_modules/vite/dist/node/chunks/dep-BK3b2jBa.js:51874:18
packages/ui-svelte test:  ❯ process.processTicksAndRejections node:internal/process/task_queues:103:5
packages/ui-svelte test:  ❯ ViteNodeServer._transformRequest ../../node_modules/.pnpm/vite-node@3.2.4_@types+node@22.19.17_less@4.6.4_lightningcss@1.32.0_sass@1.99.0_terser@5.46.1/node_modules/vite-node/dist/server.mjs:404:13
packages/ui-svelte test:  ❯ ViteNodeServer._fetchModule ../../node_modules/.pnpm/vite-node@3.2.4_@types+node@22.19.17_less@4.6.4_lightningcss@1.32.0_sass@1.99.0_terser@5.46.1/node_modules/vite-node/dist/server.mjs:366:14
packages/ui-svelte test:  ❯ Proxy.fetch ../../node_modules/.pnpm/vitest@3.2.4_@types+node@22.19.17_jsdom@26.1.0_less@4.6.4_lightningcss@1.32.0_sass@1.99.0_terser@5.46.1/node_modules/vitest/dist/chunks/coverage.DL5VHqXY.js:2462:19
packages/ui-svelte test:  ❯ EventEmitter.onMessage ../../node_modules/.pnpm/vitest@3.2.4_@types+node@22.19.17_jsdom@26.1.0_less@4.6.4_lightningcss@1.32.0_sass@1.99.0_terser@5.46.1/node_modules/vitest/dist/chunks/index.B521nVV-.js:103:20
packages/ui-svelte test: ⎯⎯⎯⎯⎯⎯ Unhandled Error ⎯⎯⎯⎯⎯⎯⎯
packages/ui-svelte test: TypeError: Cannot read properties of undefined (reading 'config')
packages/ui-svelte test:  ❯ LoadPluginContext.handler ../../node_modules/.pnpm/@sveltejs+vite-plugin-svelte@7.0.0_svelte@5.55.4_@typescript-eslint+types@8.58.2__vite@8.0.8__pvtmjisjugaiazrbts4oof567u/node_modules/@sveltejs/vite-plugin-svelte/src/plugins/load-custom.js:24:37
packages/ui-svelte test:  ❯ PluginContainer.load ../../node_modules/.pnpm/vite@5.4.21_@types+node@22.19.17_less@4.6.4_lightningcss@1.32.0_sass@1.99.0_terser@5.46.1/node_modules/vite/dist/node/chunks/dep-BK3b2jBa.js:49067:17
packages/ui-svelte test:  ❯ loadAndTransform ../../node_modules/.pnpm/vite@5.4.21_@types+node@22.19.17_less@4.6.4_lightningcss@1.32.0_sass@1.99.0_terser@5.46.1/node_modules/vite/dist/node/chunks/dep-BK3b2jBa.js:51918:44
packages/ui-svelte test:  ❯ doTransform ../../node_modules/.pnpm/vite@5.4.21_@types+node@22.19.17_less@4.6.4_lightningcss@1.32.0_sass@1.99.0_terser@5.46.1/node_modules/vite/dist/node/chunks/dep-BK3b2jBa.js:51874:18
packages/ui-svelte test:  ❯ process.processTicksAndRejections node:internal/process/task_queues:103:5
packages/ui-svelte test:  ❯ ViteNodeServer._transformRequest ../../node_modules/.pnpm/vite-node@3.2.4_@types+node@22.19.17_less@4.6.4_lightningcss@1.32.0_sass@1.99.0_terser@5.46.1/node_modules/vite-node/dist/server.mjs:404:13
packages/ui-svelte test:  ❯ ViteNodeServer._fetchModule ../../node_modules/.pnpm/vite-node@3.2.4_@types+node@22.19.17_less@4.6.4_lightningcss@1.32.0_sass@1.99.0_terser@5.46.1/node_modules/vite-node/dist/server.mjs:366:14
packages/ui-svelte test:  ❯ Proxy.fetch ../../node_modules/.pnpm/vitest@3.2.4_@types+node@22.19.17_jsdom@26.1.0_less@4.6.4_lightningcss@1.32.0_sass@1.99.0_terser@5.46.1/node_modules/vitest/dist/chunks/coverage.DL5VHqXY.js:2462:19
packages/ui-svelte test:  ❯ EventEmitter.onMessage ../../node_modules/.pnpm/vitest@3.2.4_@types+node@22.19.17_jsdom@26.1.0_less@4.6.4_lightningcss@1.32.0_sass@1.99.0_terser@5.46.1/node_modules/vitest/dist/chunks/index.B521nVV-.js:103:20
packages/ui-svelte test: ⎯⎯⎯⎯⎯⎯ Unhandled Error ⎯⎯⎯⎯⎯⎯⎯
packages/ui-svelte test: TypeError: Cannot read properties of undefined (reading 'config')
packages/ui-svelte test:  ❯ LoadPluginContext.handler ../../node_modules/.pnpm/@sveltejs+vite-plugin-svelte@7.0.0_svelte@5.55.4_@typescript-eslint+types@8.58.2__vite@8.0.8__pvtmjisjugaiazrbts4oof567u/node_modules/@sveltejs/vite-plugin-svelte/src/plugins/load-custom.js:24:37
packages/ui-svelte test:  ❯ PluginContainer.load ../../node_modules/.pnpm/vite@5.4.21_@types+node@22.19.17_less@4.6.4_lightningcss@1.32.0_sass@1.99.0_terser@5.46.1/node_modules/vite/dist/node/chunks/dep-BK3b2jBa.js:49067:17
packages/ui-svelte test:  ❯ loadAndTransform ../../node_modules/.pnpm/vite@5.4.21_@types+node@22.19.17_less@4.6.4_lightningcss@1.32.0_sass@1.99.0_terser@5.46.1/node_modules/vite/dist/node/chunks/dep-BK3b2jBa.js:51918:44
packages/ui-svelte test:  ❯ doTransform ../../node_modules/.pnpm/vite@5.4.21_@types+node@22.19.17_less@4.6.4_lightningcss@1.32.0_sass@1.99.0_terser@5.46.1/node_modules/vite/dist/node/chunks/dep-BK3b2jBa.js:51874:18
packages/ui-svelte test:  ❯ process.processTicksAndRejections node:internal/process/task_queues:103:5
packages/ui-svelte test:  ❯ ViteNodeServer._transformRequest ../../node_modules/.pnpm/vite-node@3.2.4_@types+node@22.19.17_less@4.6.4_lightningcss@1.32.0_sass@1.99.0_terser@5.46.1/node_modules/vite-node/dist/server.mjs:404:13
packages/ui-svelte test:  ❯ ViteNodeServer._fetchModule ../../node_modules/.pnpm/vite-node@3.2.4_@types+node@22.19.17_less@4.6.4_lightningcss@1.32.0_sass@1.99.0_terser@5.46.1/node_modules/vite-node/dist/server.mjs:366:14
packages/ui-svelte test:  ❯ Proxy.fetch ../../node_modules/.pnpm/vitest@3.2.4_@types+node@22.19.17_jsdom@26.1.0_less@4.6.4_lightningcss@1.32.0_sass@1.99.0_terser@5.46.1/node_modules/vitest/dist/chunks/coverage.DL5VHqXY.js:2462:19
packages/ui-svelte test:  ❯ EventEmitter.onMessage ../../node_modules/.pnpm/vitest@3.2.4_@types+node@22.19.17_jsdom@26.1.0_less@4.6.4_lightningcss@1.32.0_sass@1.99.0_terser@5.46.1/node_modules/vitest/dist/chunks/index.B521nVV-.js:103:20
packages/ui-svelte test: ⎯⎯⎯⎯⎯⎯ Unhandled Error ⎯⎯⎯⎯⎯⎯⎯
packages/ui-svelte test: TypeError: Cannot read properties of undefined (reading 'config')
packages/ui-svelte test:  ❯ LoadPluginContext.handler ../../node_modules/.pnpm/@sveltejs+vite-plugin-svelte@7.0.0_svelte@5.55.4_@typescript-eslint+types@8.58.2__vite@8.0.8__pvtmjisjugaiazrbts4oof567u/node_modules/@sveltejs/vite-plugin-svelte/src/plugins/load-custom.js:24:37
packages/ui-svelte test:  ❯ PluginContainer.load ../../node_modules/.pnpm/vite@5.4.21_@types+node@22.19.17_less@4.6.4_lightningcss@1.32.0_sass@1.99.0_terser@5.46.1/node_modules/vite/dist/node/chunks/dep-BK3b2jBa.js:49067:17
packages/ui-svelte test:  ❯ loadAndTransform ../../node_modules/.pnpm/vite@5.4.21_@types+node@22.19.17_less@4.6.4_lightningcss@1.32.0_sass@1.99.0_terser@5.46.1/node_modules/vite/dist/node/chunks/dep-BK3b2jBa.js:51918:44
packages/ui-svelte test:  ❯ doTransform ../../node_modules/.pnpm/vite@5.4.21_@types+node@22.19.17_less@4.6.4_lightningcss@1.32.0_sass@1.99.0_terser@5.46.1/node_modules/vite/dist/node/chunks/dep-BK3b2jBa.js:51874:18
packages/ui-svelte test:  ❯ process.processTicksAndRejections node:internal/process/task_queues:103:5
packages/ui-svelte test:  ❯ ViteNodeServer._transformRequest ../../node_modules/.pnpm/vite-node@3.2.4_@types+node@22.19.17_less@4.6.4_lightningcss@1.32.0_sass@1.99.0_terser@5.46.1/node_modules/vite-node/dist/server.mjs:404:13
packages/ui-svelte test:  ❯ ViteNodeServer._fetchModule ../../node_modules/.pnpm/vite-node@3.2.4_@types+node@22.19.17_less@4.6.4_lightningcss@1.32.0_sass@1.99.0_terser@5.46.1/node_modules/vite-node/dist/server.mjs:366:14
packages/ui-svelte test:  ❯ Proxy.fetch ../../node_modules/.pnpm/vitest@3.2.4_@types+node@22.19.17_jsdom@26.1.0_less@4.6.4_lightningcss@1.32.0_sass@1.99.0_terser@5.46.1/node_modules/vitest/dist/chunks/coverage.DL5VHqXY.js:2462:19
packages/ui-svelte test:  ❯ EventEmitter.onMessage ../../node_modules/.pnpm/vitest@3.2.4_@types+node@22.19.17_jsdom@26.1.0_less@4.6.4_lightningcss@1.32.0_sass@1.99.0_terser@5.46.1/node_modules/vitest/dist/chunks/index.B521nVV-.js:103:20
packages/ui-svelte test: ⎯⎯⎯⎯⎯⎯ Unhandled Error ⎯⎯⎯⎯⎯⎯⎯
packages/ui-svelte test: TypeError: Cannot read properties of undefined (reading 'config')
packages/ui-svelte test:  ❯ LoadPluginContext.handler ../../node_modules/.pnpm/@sveltejs+vite-plugin-svelte@7.0.0_svelte@5.55.4_@typescript-eslint+types@8.58.2__vite@8.0.8__pvtmjisjugaiazrbts4oof567u/node_modules/@sveltejs/vite-plugin-svelte/src/plugins/load-custom.js:24:37
packages/ui-svelte test:  ❯ PluginContainer.load ../../node_modules/.pnpm/vite@5.4.21_@types+node@22.19.17_less@4.6.4_lightningcss@1.32.0_sass@1.99.0_terser@5.46.1/node_modules/vite/dist/node/chunks/dep-BK3b2jBa.js:49067:17
packages/ui-svelte test:  ❯ loadAndTransform ../../node_modules/.pnpm/vite@5.4.21_@types+node@22.19.17_less@4.6.4_lightningcss@1.32.0_sass@1.99.0_terser@5.46.1/node_modules/vite/dist/node/chunks/dep-BK3b2jBa.js:51918:44
packages/ui-svelte test:  ❯ doTransform ../../node_modules/.pnpm/vite@5.4.21_@types+node@22.19.17_less@4.6.4_lightningcss@1.32.0_sass@1.99.0_terser@5.46.1/node_modules/vite/dist/node/chunks/dep-BK3b2jBa.js:51874:18
packages/ui-svelte test:  ❯ process.processTicksAndRejections node:internal/process/task_queues:103:5
packages/ui-svelte test:  ❯ ViteNodeServer._transformRequest ../../node_modules/.pnpm/vite-node@3.2.4_@types+node@22.19.17_less@4.6.4_lightningcss@1.32.0_sass@1.99.0_terser@5.46.1/node_modules/vite-node/dist/server.mjs:404:13
packages/ui-svelte test:  ❯ ViteNodeServer._fetchModule ../../node_modules/.pnpm/vite-node@3.2.4_@types+node@22.19.17_less@4.6.4_lightningcss@1.32.0_sass@1.99.0_terser@5.46.1/node_modules/vite-node/dist/server.mjs:366:14
packages/ui-svelte test:  ❯ Proxy.fetch ../../node_modules/.pnpm/vitest@3.2.4_@types+node@22.19.17_jsdom@26.1.0_less@4.6.4_lightningcss@1.32.0_sass@1.99.0_terser@5.46.1/node_modules/vitest/dist/chunks/coverage.DL5VHqXY.js:2462:19
packages/ui-svelte test:  ❯ EventEmitter.onMessage ../../node_modules/.pnpm/vitest@3.2.4_@types+node@22.19.17_jsdom@26.1.0_less@4.6.4_lightningcss@1.32.0_sass@1.99.0_terser@5.46.1/node_modules/vitest/dist/chunks/index.B521nVV-.js:103:20
packages/ui-svelte test: ⎯⎯⎯⎯⎯⎯ Unhandled Error ⎯⎯⎯⎯⎯⎯⎯
packages/ui-svelte test: TypeError: Cannot read properties of undefined (reading 'config')
packages/ui-svelte test:  ❯ LoadPluginContext.handler ../../node_modules/.pnpm/@sveltejs+vite-plugin-svelte@7.0.0_svelte@5.55.4_@typescript-eslint+types@8.58.2__vite@8.0.8__pvtmjisjugaiazrbts4oof567u/node_modules/@sveltejs/vite-plugin-svelte/src/plugins/load-custom.js:24:37
packages/ui-svelte test:  ❯ PluginContainer.load ../../node_modules/.pnpm/vite@5.4.21_@types+node@22.19.17_less@4.6.4_lightningcss@1.32.0_sass@1.99.0_terser@5.46.1/node_modules/vite/dist/node/chunks/dep-BK3b2jBa.js:49067:17
packages/ui-svelte test:  ❯ loadAndTransform ../../node_modules/.pnpm/vite@5.4.21_@types+node@22.19.17_less@4.6.4_lightningcss@1.32.0_sass@1.99.0_terser@5.46.1/node_modules/vite/dist/node/chunks/dep-BK3b2jBa.js:51918:44
packages/ui-svelte test:  ❯ doTransform ../../node_modules/.pnpm/vite@5.4.21_@types+node@22.19.17_less@4.6.4_lightningcss@1.32.0_sass@1.99.0_terser@5.46.1/node_modules/vite/dist/node/chunks/dep-BK3b2jBa.js:51874:18
packages/ui-svelte test:  ❯ process.processTicksAndRejections node:internal/process/task_queues:103:5
packages/ui-svelte test:  ❯ ViteNodeServer._transformRequest ../../node_modules/.pnpm/vite-node@3.2.4_@types+node@22.19.17_less@4.6.4_lightningcss@1.32.0_sass@1.99.0_terser@5.46.1/node_modules/vite-node/dist/server.mjs:404:13
packages/ui-svelte test:  ❯ ViteNodeServer._fetchModule ../../node_modules/.pnpm/vite-node@3.2.4_@types+node@22.19.17_less@4.6.4_lightningcss@1.32.0_sass@1.99.0_terser@5.46.1/node_modules/vite-node/dist/server.mjs:366:14
packages/ui-svelte test:  ❯ Proxy.fetch ../../node_modules/.pnpm/vitest@3.2.4_@types+node@22.19.17_jsdom@26.1.0_less@4.6.4_lightningcss@1.32.0_sass@1.99.0_terser@5.46.1/node_modules/vitest/dist/chunks/coverage.DL5VHqXY.js:2462:19
packages/ui-svelte test:  ❯ EventEmitter.onMessage ../../node_modules/.pnpm/vitest@3.2.4_@types+node@22.19.17_jsdom@26.1.0_less@4.6.4_lightningcss@1.32.0_sass@1.99.0_terser@5.46.1/node_modules/vitest/dist/chunks/index.B521nVV-.js:103:20
packages/ui-svelte test: ⎯⎯⎯⎯⎯⎯ Unhandled Error ⎯⎯⎯⎯⎯⎯⎯
packages/ui-svelte test: TypeError: Cannot read properties of undefined (reading 'config')
packages/ui-svelte test:  ❯ LoadPluginContext.handler ../../node_modules/.pnpm/@sveltejs+vite-plugin-svelte@7.0.0_svelte@5.55.4_@typescript-eslint+types@8.58.2__vite@8.0.8__pvtmjisjugaiazrbts4oof567u/node_modules/@sveltejs/vite-plugin-svelte/src/plugins/load-custom.js:24:37
packages/ui-svelte test:  ❯ PluginContainer.load ../../node_modules/.pnpm/vite@5.4.21_@types+node@22.19.17_less@4.6.4_lightningcss@1.32.0_sass@1.99.0_terser@5.46.1/node_modules/vite/dist/node/chunks/dep-BK3b2jBa.js:49067:17
packages/ui-svelte test:  ❯ loadAndTransform ../../node_modules/.pnpm/vite@5.4.21_@types+node@22.19.17_less@4.6.4_lightningcss@1.32.0_sass@1.99.0_terser@5.46.1/node_modules/vite/dist/node/chunks/dep-BK3b2jBa.js:51918:44
packages/ui-svelte test:  ❯ doTransform ../../node_modules/.pnpm/vite@5.4.21_@types+node@22.19.17_less@4.6.4_lightningcss@1.32.0_sass@1.99.0_terser@5.46.1/node_modules/vite/dist/node/chunks/dep-BK3b2jBa.js:51874:18
packages/ui-svelte test:  ❯ process.processTicksAndRejections node:internal/process/task_queues:103:5
packages/ui-svelte test:  ❯ ViteNodeServer._transformRequest ../../node_modules/.pnpm/vite-node@3.2.4_@types+node@22.19.17_less@4.6.4_lightningcss@1.32.0_sass@1.99.0_terser@5.46.1/node_modules/vite-node/dist/server.mjs:404:13
packages/ui-svelte test:  ❯ ViteNodeServer._fetchModule ../../node_modules/.pnpm/vite-node@3.2.4_@types+node@22.19.17_less@4.6.4_lightningcss@1.32.0_sass@1.99.0_terser@5.46.1/node_modules/vite-node/dist/server.mjs:366:14
packages/ui-svelte test:  ❯ Proxy.fetch ../../node_modules/.pnpm/vitest@3.2.4_@types+node@22.19.17_jsdom@26.1.0_less@4.6.4_lightningcss@1.32.0_sass@1.99.0_terser@5.46.1/node_modules/vitest/dist/chunks/coverage.DL5VHqXY.js:2462:19
packages/ui-svelte test:  ❯ EventEmitter.onMessage ../../node_modules/.pnpm/vitest@3.2.4_@types+node@22.19.17_jsdom@26.1.0_less@4.6.4_lightningcss@1.32.0_sass@1.99.0_terser@5.46.1/node_modules/vitest/dist/chunks/index.B521nVV-.js:103:20
packages/ui-svelte test: ⎯⎯⎯⎯⎯⎯ Unhandled Error ⎯⎯⎯⎯⎯⎯⎯
packages/ui-svelte test: TypeError: Cannot read properties of undefined (reading 'config')
packages/ui-svelte test:  ❯ LoadPluginContext.handler ../../node_modules/.pnpm/@sveltejs+vite-plugin-svelte@7.0.0_svelte@5.55.4_@typescript-eslint+types@8.58.2__vite@8.0.8__pvtmjisjugaiazrbts4oof567u/node_modules/@sveltejs/vite-plugin-svelte/src/plugins/load-custom.js:24:37
packages/ui-svelte test:  ❯ PluginContainer.load ../../node_modules/.pnpm/vite@5.4.21_@types+node@22.19.17_less@4.6.4_lightningcss@1.32.0_sass@1.99.0_terser@5.46.1/node_modules/vite/dist/node/chunks/dep-BK3b2jBa.js:49067:17
packages/ui-svelte test:  ❯ loadAndTransform ../../node_modules/.pnpm/vite@5.4.21_@types+node@22.19.17_less@4.6.4_lightningcss@1.32.0_sass@1.99.0_terser@5.46.1/node_modules/vite/dist/node/chunks/dep-BK3b2jBa.js:51918:44
packages/ui-svelte test:  ❯ doTransform ../../node_modules/.pnpm/vite@5.4.21_@types+node@22.19.17_less@4.6.4_lightningcss@1.32.0_sass@1.99.0_terser@5.46.1/node_modules/vite/dist/node/chunks/dep-BK3b2jBa.js:51874:18
packages/ui-svelte test:  ❯ process.processTicksAndRejections node:internal/process/task_queues:103:5
packages/ui-svelte test:  ❯ ViteNodeServer._transformRequest ../../node_modules/.pnpm/vite-node@3.2.4_@types+node@22.19.17_less@4.6.4_lightningcss@1.32.0_sass@1.99.0_terser@5.46.1/node_modules/vite-node/dist/server.mjs:404:13
packages/ui-svelte test:  ❯ ViteNodeServer._fetchModule ../../node_modules/.pnpm/vite-node@3.2.4_@types+node@22.19.17_less@4.6.4_lightningcss@1.32.0_sass@1.99.0_terser@5.46.1/node_modules/vite-node/dist/server.mjs:366:14
packages/ui-svelte test:  ❯ Proxy.fetch ../../node_modules/.pnpm/vitest@3.2.4_@types+node@22.19.17_jsdom@26.1.0_less@4.6.4_lightningcss@1.32.0_sass@1.99.0_terser@5.46.1/node_modules/vitest/dist/chunks/coverage.DL5VHqXY.js:2462:19
packages/ui-svelte test:  ❯ EventEmitter.onMessage ../../node_modules/.pnpm/vitest@3.2.4_@types+node@22.19.17_jsdom@26.1.0_less@4.6.4_lightningcss@1.32.0_sass@1.99.0_terser@5.46.1/node_modules/vitest/dist/chunks/index.B521nVV-.js:103:20
packages/ui-svelte test: ⎯⎯⎯⎯⎯⎯ Unhandled Error ⎯⎯⎯⎯⎯⎯⎯
packages/ui-svelte test: TypeError: Cannot read properties of undefined (reading 'config')
packages/ui-svelte test:  ❯ LoadPluginContext.handler ../../node_modules/.pnpm/@sveltejs+vite-plugin-svelte@7.0.0_svelte@5.55.4_@typescript-eslint+types@8.58.2__vite@8.0.8__pvtmjisjugaiazrbts4oof567u/node_modules/@sveltejs/vite-plugin-svelte/src/plugins/load-custom.js:24:37
packages/ui-svelte test:  ❯ PluginContainer.load ../../node_modules/.pnpm/vite@5.4.21_@types+node@22.19.17_less@4.6.4_lightningcss@1.32.0_sass@1.99.0_terser@5.46.1/node_modules/vite/dist/node/chunks/dep-BK3b2jBa.js:49067:17
packages/ui-svelte test:  ❯ loadAndTransform ../../node_modules/.pnpm/vite@5.4.21_@types+node@22.19.17_less@4.6.4_lightningcss@1.32.0_sass@1.99.0_terser@5.46.1/node_modules/vite/dist/node/chunks/dep-BK3b2jBa.js:51918:44
packages/ui-svelte test:  ❯ doTransform ../../node_modules/.pnpm/vite@5.4.21_@types+node@22.19.17_less@4.6.4_lightningcss@1.32.0_sass@1.99.0_terser@5.46.1/node_modules/vite/dist/node/chunks/dep-BK3b2jBa.js:51874:18
packages/ui-svelte test:  ❯ process.processTicksAndRejections node:internal/process/task_queues:103:5
packages/ui-svelte test:  ❯ ViteNodeServer._transformRequest ../../node_modules/.pnpm/vite-node@3.2.4_@types+node@22.19.17_less@4.6.4_lightningcss@1.32.0_sass@1.99.0_terser@5.46.1/node_modules/vite-node/dist/server.mjs:404:13
packages/ui-svelte test:  ❯ ViteNodeServer._fetchModule ../../node_modules/.pnpm/vite-node@3.2.4_@types+node@22.19.17_less@4.6.4_lightningcss@1.32.0_sass@1.99.0_terser@5.46.1/node_modules/vite-node/dist/server.mjs:366:14
packages/ui-svelte test:  ❯ Proxy.fetch ../../node_modules/.pnpm/vitest@3.2.4_@types+node@22.19.17_jsdom@26.1.0_less@4.6.4_lightningcss@1.32.0_sass@1.99.0_terser@5.46.1/node_modules/vitest/dist/chunks/coverage.DL5VHqXY.js:2462:19
packages/ui-svelte test:  ❯ EventEmitter.onMessage ../../node_modules/.pnpm/vitest@3.2.4_@types+node@22.19.17_jsdom@26.1.0_less@4.6.4_lightningcss@1.32.0_sass@1.99.0_terser@5.46.1/node_modules/vitest/dist/chunks/index.B521nVV-.js:103:20
packages/ui-svelte test: ⎯⎯⎯⎯⎯⎯ Unhandled Error ⎯⎯⎯⎯⎯⎯⎯
packages/ui-svelte test: TypeError: Cannot read properties of undefined (reading 'config')
packages/ui-svelte test:  ❯ LoadPluginContext.handler ../../node_modules/.pnpm/@sveltejs+vite-plugin-svelte@7.0.0_svelte@5.55.4_@typescript-eslint+types@8.58.2__vite@8.0.8__pvtmjisjugaiazrbts4oof567u/node_modules/@sveltejs/vite-plugin-svelte/src/plugins/load-custom.js:24:37
packages/ui-svelte test:  ❯ PluginContainer.load ../../node_modules/.pnpm/vite@5.4.21_@types+node@22.19.17_less@4.6.4_lightningcss@1.32.0_sass@1.99.0_terser@5.46.1/node_modules/vite/dist/node/chunks/dep-BK3b2jBa.js:49067:17
packages/ui-svelte test:  ❯ loadAndTransform ../../node_modules/.pnpm/vite@5.4.21_@types+node@22.19.17_less@4.6.4_lightningcss@1.32.0_sass@1.99.0_terser@5.46.1/node_modules/vite/dist/node/chunks/dep-BK3b2jBa.js:51918:44
packages/ui-svelte test:  ❯ doTransform ../../node_modules/.pnpm/vite@5.4.21_@types+node@22.19.17_less@4.6.4_lightningcss@1.32.0_sass@1.99.0_terser@5.46.1/node_modules/vite/dist/node/chunks/dep-BK3b2jBa.js:51874:18
packages/ui-svelte test:  ❯ process.processTicksAndRejections node:internal/process/task_queues:103:5
packages/ui-svelte test:  ❯ ViteNodeServer._transformRequest ../../node_modules/.pnpm/vite-node@3.2.4_@types+node@22.19.17_less@4.6.4_lightningcss@1.32.0_sass@1.99.0_terser@5.46.1/node_modules/vite-node/dist/server.mjs:404:13
packages/ui-svelte test:  ❯ ViteNodeServer._fetchModule ../../node_modules/.pnpm/vite-node@3.2.4_@types+node@22.19.17_less@4.6.4_lightningcss@1.32.0_sass@1.99.0_terser@5.46.1/node_modules/vite-node/dist/server.mjs:366:14
packages/ui-svelte test:  ❯ Proxy.fetch ../../node_modules/.pnpm/vitest@3.2.4_@types+node@22.19.17_jsdom@26.1.0_less@4.6.4_lightningcss@1.32.0_sass@1.99.0_terser@5.46.1/node_modules/vitest/dist/chunks/coverage.DL5VHqXY.js:2462:19
packages/ui-svelte test:  ❯ EventEmitter.onMessage ../../node_modules/.pnpm/vitest@3.2.4_@types+node@22.19.17_jsdom@26.1.0_less@4.6.4_lightningcss@1.32.0_sass@1.99.0_terser@5.46.1/node_modules/vitest/dist/chunks/index.B521nVV-.js:103:20
packages/ui-svelte test: ⎯⎯⎯⎯⎯⎯⎯⎯⎯⎯⎯⎯⎯⎯⎯⎯⎯⎯⎯⎯⎯⎯⎯⎯⎯⎯⎯⎯⎯⎯
packages/ui-svelte test:  Test Files   (120)
packages/ui-svelte test:       Tests  no tests
packages/ui-svelte test:      Errors  120 errors
packages/ui-svelte test:    Start at  15:56:08
packages/ui-svelte test:    Duration  4.06s (transform 0ms, setup 0ms, collect 0ms, tests 0ms, environment 0ms, prepare 0ms)
packages/ui-svelte test: Failed
/home/chris/repositories/sirpauls-internal/paul/packages/ui-svelte:
 ERR_PNPM_RECURSIVE_RUN_FIRST_FAIL  @meetpaul/ui-svelte@0.0.13 test: `vitest run`
Exit status 1
 ELIFECYCLE  Test failed. See above for more details.
